******************************************************************************
                  MSP430 Linker PC v4.4.7                      
******************************************************************************
>> Linked Sat Jul 02 23:38:50 2016

OUTPUT FILE NAME:   <Exercise_3.out>
ENTRY POINT SYMBOL: "_c_int00_noargs_noexit"  address: 0000cc38


MEMORY CONFIGURATION

         name            origin    length      used     unused   attr    fill
----------------------  --------  ---------  --------  --------  ----  --------
  SFR                   00000000   00000010  00000000  00000010  RWIX
  PERIPHERALS_8BIT      00000010   000000f0  00000000  000000f0  RWIX
  PERIPHERALS_16BIT     00000100   00000100  00000000  00000100  RWIX
  RAM                   00000200   00000200  0000006e  00000192  RWIX
  INFOD                 00001000   00000040  00000000  00000040  RWIX
  INFOC                 00001040   00000040  00000000  00000040  RWIX
  INFOB                 00001080   00000040  00000000  00000040  RWIX
  INFOA                 000010c0   00000040  00000000  00000040  RWIX
  FLASH                 0000c000   00003fe0  00000d7e  00003262  RWIX
  INT00                 0000ffe0   00000002  00000002  00000000  RWIX
  INT01                 0000ffe2   00000002  00000000  00000002  RWIX
  INT02                 0000ffe4   00000002  00000002  00000000  RWIX
  INT03                 0000ffe6   00000002  00000002  00000000  RWIX
  INT04                 0000ffe8   00000002  00000000  00000002  RWIX
  INT05                 0000ffea   00000002  00000002  00000000  RWIX
  INT06                 0000ffec   00000002  00000002  00000000  RWIX
  INT07                 0000ffee   00000002  00000002  00000000  RWIX
  INT08                 0000fff0   00000002  00000002  00000000  RWIX
  INT09                 0000fff2   00000002  00000002  00000000  RWIX
  INT10                 0000fff4   00000002  00000002  00000000  RWIX
  INT11                 0000fff6   00000002  00000002  00000000  RWIX
  INT12                 0000fff8   00000002  00000002  00000000  RWIX
  INT13                 0000fffa   00000002  00000002  00000000  RWIX
  INT14                 0000fffc   00000002  00000002  00000000  RWIX
  RESET                 0000fffe   00000002  00000002  00000000  RWIX


SECTION ALLOCATION MAP

 output                                  attributes/
section   page    origin      length       input sections
--------  ----  ----------  ----------   ----------------
.bss       0    00000200    00000011     UNINITIALIZED
                  00000200    00000002     (.common:PRxData)
                  00000202    00000002     (.common:PTxData)
                  00000204    00000002     (.common:xVal14)
                  00000206    00000002     (.common:yVal14)
                  00000208    00000002     (.common:zVal14)
                  0000020a    00000001     (.common:RXByteCtr)
                  0000020b    00000001     (.common:TXByteCtr)
                  0000020c    00000001     (.common:myRange)
                  0000020d    00000001     (.common:myResolution)
                  0000020e    00000001     (.common:xVal8)
                  0000020f    00000001     (.common:yVal8)
                  00000210    00000001     (.common:zVal8)

.data      0    00000212    0000000d     UNINITIALIZED
                  00000212    00000007     i2c.obj (.data)
                  00000219    00000006     mma.obj (.data)

.TI.persistent 
*          0    00000212    00000000     UNINITIALIZED

.stack     0    000003b0    00000050     UNINITIALIZED
                  000003b0    00000002     rts430_eabi.lib : boot.obj (.stack)
                  000003b2    0000004e     --HOLE--

.text      0    0000c000    00000d08     
                  0000c000    00000202     LCD.obj (.text:lcd_init)
                  0000c202    000000fe     mma.obj (.text:mma_selftest)
                  0000c300    000000d0     mma.obj (.text:mma_enableTapInterrupt)
                  0000c3d0    000000c2     main.obj (.text:Initialize)
                  0000c492    000000a2     mma.obj (.text:mma_read)
                  0000c534    00000096     i2c.obj (.text:USCIAB0TX_ISR)
                  0000c5ca    0000008a     main.obj (.text:main)
                  0000c654    00000070     main.obj (.text:Run)
                  0000c6c4    0000006a     LCD.obj (.text:lcd_clear)
                  0000c72e    00000064     rts430_eabi.lib : copy_decompress_rle.obj (.text:__TI_decompress_rle_core)
                  0000c792    00000058                     : autoinit.obj (.text:_auto_init)
                  0000c7ea    0000004e     LCD.obj (.text:lcd_putChar)
                  0000c838    0000004e     mma.obj (.text:mma_disableTapInterrupt)
                  0000c886    00000046     adac.obj (.text:adac_read)
                  0000c8cc    00000044     i2c.obj (.text:i2c_write)
                  0000c910    00000036     mma.obj (.text:mma_setRange)
                  0000c946    0000002e     i2c.obj (.text:i2c_read)
                  0000c974    0000002e     mma.obj (.text:mma_init)
                  0000c9a2    0000002e     mma.obj (.text:mma_setResolution)
                  0000c9d0    0000002c     rts430_eabi.lib : asr16.obj (.text)
                  0000c9fc    0000002c                     : div16s.obj (.text)
                  0000ca28    00000026     i2c.obj (.text:Setup_RX)
                  0000ca4e    00000026     i2c.obj (.text:Setup_TX)
                  0000ca74    00000026     main.obj (.text:initMSP)
                  0000ca9a    00000026     LCD.obj (.text:lcd_putText)
                  0000cac0    00000026     mma.obj (.text:mma_get8X)
                  0000cae6    00000026     mma.obj (.text:mma_get8Y)
                  0000cb0c    00000026     mma.obj (.text:mma_get8Z)
                  0000cb32    00000022     i2c.obj (.text:i2c_init)
                  0000cb54    00000022     mma.obj (.text:mma_activate)
                  0000cb76    00000022     mma.obj (.text:mma_get14X)
                  0000cb98    00000022     mma.obj (.text:mma_get14Y)
                  0000cbba    00000022     mma.obj (.text:mma_get14Z)
                  0000cbdc    00000022     mma.obj (.text:mma_standby)
                  0000cbfe    0000001e     main.obj (.text:Port_1)
                  0000cc1c    0000001c     adac.obj (.text:adac_write)
                  0000cc38    0000001a     rts430_eabi.lib : boot_special.obj (.text:_c_int00_noargs_noexit)
                  0000cc52    00000016                     : div16u.obj (.text)
                  0000cc68    00000014                     : copy_zero_init.obj (.text:decompress:ZI:__TI_zero_init)
                  0000cc7c    00000014                     : mult16.obj (.text)
                  0000cc90    00000012                     : copy_decompress_none.obj (.text:decompress:none:__TI_decompress_none)
                  0000cca2    00000012     LCD.obj (.text:enableTrigger)
                  0000ccb4    00000012     rts430_eabi.lib : memcpy.obj (.text:memcpy)
                  0000ccc6    00000010                     : epilog.obj (.text)
                  0000ccd6    0000000e     main.obj (.text:GoToSleep)
                  0000cce4    0000000e     adac.obj (.text:adac_init)
                  0000ccf2    00000006     rts430_eabi.lib : isr_trap.obj (.text:_isr:__TI_ISR_TRAP)
                  0000ccf8    00000006                     : copy_decompress_rle.obj (.text:decompress:rle24:__TI_decompress_rle24)
                  0000ccfe    00000004                     : pre_init.obj (.text:_system_pre_init)
                  0000cd02    00000004                     : exit.obj (.text:abort)
                  0000cd06    00000002     i2c.obj (.text:USCIAB0RX_ISR)

.const     0    0000cd08    0000005a     
                  0000cd08    0000005a     main.obj (.const:.string)

.cinit     0    0000cd62    0000001c     
                  0000cd62    00000009     (.cinit..data.load) [load image, compression = rle]
                  0000cd6b    00000001     --HOLE-- [fill = 0]
                  0000cd6c    00000006     (__TI_handler_table)
                  0000cd72    00000004     (.cinit..bss.load) [load image, compression = zero_init]
                  0000cd76    00000008     (__TI_cinit_table)

.init_array 
*          0    0000c000    00000000     UNINITIALIZED

TRAPINT    0    0000ffe0    00000002     
                  0000ffe0    00000002     rts430_eabi.lib : int00.obj (.int00)

PORT1      0    0000ffe4    00000002     
                  0000ffe4    00000002     main.obj (.int02)

PORT2      0    0000ffe6    00000002     
                  0000ffe6    00000002     rts430_eabi.lib : int03.obj (.int03)

ADC10      0    0000ffea    00000002     
                  0000ffea    00000002     rts430_eabi.lib : int05.obj (.int05)

USCIAB0TX 
*          0    0000ffec    00000002     
                  0000ffec    00000002     i2c.obj (.int06)

USCIAB0RX 
*          0    0000ffee    00000002     
                  0000ffee    00000002     i2c.obj (.int07)

TIMER0_A1 
*          0    0000fff0    00000002     
                  0000fff0    00000002     rts430_eabi.lib : int08.obj (.int08)

TIMER0_A0 
*          0    0000fff2    00000002     
                  0000fff2    00000002     rts430_eabi.lib : int09.obj (.int09)

WDT        0    0000fff4    00000002     
                  0000fff4    00000002     rts430_eabi.lib : int10.obj (.int10)

COMPARATORA 
*          0    0000fff6    00000002     
                  0000fff6    00000002     rts430_eabi.lib : int11.obj (.int11)

TIMER1_A1 
*          0    0000fff8    00000002     
                  0000fff8    00000002     rts430_eabi.lib : int12.obj (.int12)

TIMER1_A0 
*          0    0000fffa    00000002     
                  0000fffa    00000002     rts430_eabi.lib : int13.obj (.int13)

NMI        0    0000fffc    00000002     
                  0000fffc    00000002     rts430_eabi.lib : int14.obj (.int14)

.reset     0    0000fffe    00000002     
                  0000fffe    00000002     rts430_eabi.lib : boot.obj (.reset)


LINKER GENERATED COPY TABLES

__TI_cinit_table @ 0000cd76 records: 2, size/record: 4, table size: 8
	.data: load addr=0000cd62, load size=00000009 bytes, run addr=00000212, run size=0000000d bytes, compression=rle
	.bss: load addr=0000cd72, load size=00000004 bytes, run addr=00000200, run size=00000011 bytes, compression=zero_init


LINKER GENERATED HANDLER TABLE

__TI_handler_table @ 0000cd6c records: 3, size/record: 2, table size: 6
	index: 0, handler: __TI_zero_init
	index: 1, handler: __TI_decompress_rle24
	index: 2, handler: __TI_decompress_none


GLOBAL SYMBOLS: SORTED ALPHABETICALLY BY Name 

address   name                    
-------   ----                    
0000004a  ADC10AE0                
000001b0  ADC10CTL0               
000001b2  ADC10CTL1               
00000048  ADC10DTC0               
00000049  ADC10DTC1               
000001b4  ADC10MEM                
000001bc  ADC10SA                 
00000057  BCSCTL1                 
00000058  BCSCTL2                 
00000053  BCSCTL3                 
0000cd02  C$$EXIT                 
00000059  CACTL1                  
0000005a  CACTL2                  
000010fb  CALBC1_12MHZ            
000010f9  CALBC1_16MHZ            
000010ff  CALBC1_1MHZ             
000010fd  CALBC1_8MHZ             
000010fa  CALDCO_12MHZ            
000010f8  CALDCO_16MHZ            
000010fe  CALDCO_1MHZ             
000010fc  CALDCO_8MHZ             
0000005b  CAPD                    
00000056  DCOCTL                  
00000128  FCTL1                   
0000012a  FCTL2                   
0000012c  FCTL3                   
0000ccd6  GoToSleep               
00000000  IE1                     
00000001  IE2                     
00000002  IFG1                    
00000003  IFG2                    
0000c3d0  Initialize              
00000214  NStopFlag               
00000022  P1DIR                   
00000025  P1IE                    
00000024  P1IES                   
00000023  P1IFG                   
00000020  P1IN                    
00000021  P1OUT                   
00000027  P1REN                   
00000026  P1SEL                   
00000041  P1SEL2                  
0000002a  P2DIR                   
0000002d  P2IE                    
0000002c  P2IES                   
0000002b  P2IFG                   
00000028  P2IN                    
00000029  P2OUT                   
0000002f  P2REN                   
0000002e  P2SEL                   
00000042  P2SEL2                  
0000001a  P3DIR                   
00000018  P3IN                    
00000019  P3OUT                   
00000010  P3REN                   
0000001b  P3SEL                   
00000043  P3SEL2                  
00000200  PRxData                 
00000202  PTxData                 
0000cbfe  Port_1                  
00000218  RX                      
0000020a  RXByteCtr               
0000c654  Run                     
0000ca28  Setup_RX                
0000ca4e  Setup_TX                
00000172  TA0CCR0                 
00000174  TA0CCR1                 
00000176  TA0CCR2                 
00000162  TA0CCTL0                
00000164  TA0CCTL1                
00000166  TA0CCTL2                
00000160  TA0CTL                  
0000012e  TA0IV                   
00000170  TA0R                    
00000192  TA1CCR0                 
00000194  TA1CCR1                 
00000196  TA1CCR2                 
00000182  TA1CCTL0                
00000184  TA1CCTL1                
00000186  TA1CCTL2                
00000180  TA1CTL                  
0000011e  TA1IV                   
00000190  TA1R                    
000010db  TLV_ADC10_1_LEN         
000010da  TLV_ADC10_1_TAG         
000010c0  TLV_CHECKSUM            
000010f7  TLV_DCO_30_LEN          
000010f6  TLV_DCO_30_TAG          
0000020b  TXByteCtr               
00000216  TXIndex                 
0000005d  UCA0ABCTL               
00000062  UCA0BR0                 
00000063  UCA0BR1                 
00000060  UCA0CTL0                
00000061  UCA0CTL1                
0000005f  UCA0IRRCTL              
0000005e  UCA0IRTCTL              
00000064  UCA0MCTL                
00000066  UCA0RXBUF               
00000065  UCA0STAT                
00000067  UCA0TXBUF               
0000006a  UCB0BR0                 
0000006b  UCB0BR1                 
00000068  UCB0CTL0                
00000069  UCB0CTL1                
0000006c  UCB0I2CIE               
00000118  UCB0I2COA               
0000011a  UCB0I2CSA               
0000006e  UCB0RXBUF               
0000006d  UCB0STAT                
0000006f  UCB0TXBUF               
0000cd06  USCIAB0RX_ISR           
0000c534  USCIAB0TX_ISR           
00000120  WDTCTL                  
00000400  __STACK_END             
00000050  __STACK_SIZE            
0000cd76  __TI_CINIT_Base         
0000cd7e  __TI_CINIT_Limit        
0000cd6c  __TI_Handler_Table_Base 
0000cd72  __TI_Handler_Table_Limit
UNDEFED   __TI_INITARRAY_Base     
UNDEFED   __TI_INITARRAY_Limit    
0000ccf2  __TI_ISR_TRAP           
0000cc90  __TI_decompress_none    
0000ccf8  __TI_decompress_rle24   
0000ffe0  __TI_int00              
0000ffe4  __TI_int02              
0000ffe6  __TI_int03              
0000ffea  __TI_int05              
0000ffec  __TI_int06              
0000ffee  __TI_int07              
0000fff0  __TI_int08              
0000fff2  __TI_int09              
0000fff4  __TI_int10              
0000fff6  __TI_int11              
0000fff8  __TI_int12              
0000fffa  __TI_int13              
0000fffc  __TI_int14              
0000cc68  __TI_zero_init          
ffffffff  __binit__               
ffffffff  __c_args__              
0000c9fc  __mspabi_divi           
0000cc52  __mspabi_divu           
0000ccd2  __mspabi_func_epilog_1  
0000ccd0  __mspabi_func_epilog_2  
0000ccce  __mspabi_func_epilog_3  
0000cccc  __mspabi_func_epilog_4  
0000ccca  __mspabi_func_epilog_5  
0000ccc8  __mspabi_func_epilog_6  
0000ccc6  __mspabi_func_epilog_7  
0000cc7c  __mspabi_mpyi           
0000cc7c  __mspabi_mpyi_sw        
0000c9fc  __mspabi_remi           
0000cc52  __mspabi_remu           
0000c9d0  __mspabi_srai           
0000c9f8  __mspabi_srai_1         
0000c9e6  __mspabi_srai_10        
0000c9e4  __mspabi_srai_11        
0000c9e2  __mspabi_srai_12        
0000c9e0  __mspabi_srai_13        
0000c9de  __mspabi_srai_14        
0000c9dc  __mspabi_srai_15        
0000c9f6  __mspabi_srai_2         
0000c9f4  __mspabi_srai_3         
0000c9f2  __mspabi_srai_4         
0000c9f0  __mspabi_srai_5         
0000c9ee  __mspabi_srai_6         
0000c9ec  __mspabi_srai_7         
0000c9ea  __mspabi_srai_8         
0000c9e8  __mspabi_srai_9         
0000c792  _auto_init              
0000cc38  _c_int00_noargs_noexit  
0000fffe  _reset_vector           
000003b0  _stack                  
0000ccfe  _system_pre_init        
0000cd02  abort                   
0000cce4  adac_init               
0000c886  adac_read               
0000cc1c  adac_write              
ffffffff  binit                   
00000219  ctrlRegVal_1            
0000021a  ctrlRegVal_2            
0000021b  ctrlRegVal_3            
0000021c  ctrlRegVal_4            
0000021d  ctrlRegVal_5            
0000cca2  enableTrigger           
00000212  flagToStop              
0000cb32  i2c_init                
0000c946  i2c_read                
0000c8cc  i2c_write               
0000ca74  initMSP                 
0000c6c4  lcd_clear               
0000c000  lcd_init                
0000c7ea  lcd_putChar             
0000ca9a  lcd_putText             
0000c5ca  main                    
0000ccb4  memcpy                  
0000cb54  mma_activate            
0000c838  mma_disableTapInterrupt 
0000c300  mma_enableTapInterrupt  
0000cb76  mma_get14X              
0000cb98  mma_get14Y              
0000cbba  mma_get14Z              
0000cac0  mma_get8X               
0000cae6  mma_get8Y               
0000cb0c  mma_get8Z               
0000c974  mma_init                
0000c492  mma_read                
0000c202  mma_selftest            
0000c910  mma_setRange            
0000c9a2  mma_setResolution       
0000cbdc  mma_standby             
0000020c  myRange                 
0000020d  myResolution            
00000204  xVal14                  
0000020e  xVal8                   
0000021e  xyzCFGRegVal            
00000206  yVal14                  
0000020f  yVal8                   
00000208  zVal14                  
00000210  zVal8                   


GLOBAL SYMBOLS: SORTED BY Symbol Address 

address   name                    
-------   ----                    
00000000  IE1                     
00000001  IE2                     
00000002  IFG1                    
00000003  IFG2                    
00000010  P3REN                   
00000018  P3IN                    
00000019  P3OUT                   
0000001a  P3DIR                   
0000001b  P3SEL                   
00000020  P1IN                    
00000021  P1OUT                   
00000022  P1DIR                   
00000023  P1IFG                   
00000024  P1IES                   
00000025  P1IE                    
00000026  P1SEL                   
00000027  P1REN                   
00000028  P2IN                    
00000029  P2OUT                   
0000002a  P2DIR                   
0000002b  P2IFG                   
0000002c  P2IES                   
0000002d  P2IE                    
0000002e  P2SEL                   
0000002f  P2REN                   
00000041  P1SEL2                  
00000042  P2SEL2                  
00000043  P3SEL2                  
00000048  ADC10DTC0               
00000049  ADC10DTC1               
0000004a  ADC10AE0                
00000050  __STACK_SIZE            
00000053  BCSCTL3                 
00000056  DCOCTL                  
00000057  BCSCTL1                 
00000058  BCSCTL2                 
00000059  CACTL1                  
0000005a  CACTL2                  
0000005b  CAPD                    
0000005d  UCA0ABCTL               
0000005e  UCA0IRTCTL              
0000005f  UCA0IRRCTL              
00000060  UCA0CTL0                
00000061  UCA0CTL1                
00000062  UCA0BR0                 
00000063  UCA0BR1                 
00000064  UCA0MCTL                
00000065  UCA0STAT                
00000066  UCA0RXBUF               
00000067  UCA0TXBUF               
00000068  UCB0CTL0                
00000069  UCB0CTL1                
0000006a  UCB0BR0                 
0000006b  UCB0BR1                 
0000006c  UCB0I2CIE               
0000006d  UCB0STAT                
0000006e  UCB0RXBUF               
0000006f  UCB0TXBUF               
00000118  UCB0I2COA               
0000011a  UCB0I2CSA               
0000011e  TA1IV                   
00000120  WDTCTL                  
00000128  FCTL1                   
0000012a  FCTL2                   
0000012c  FCTL3                   
0000012e  TA0IV                   
00000160  TA0CTL                  
00000162  TA0CCTL0                
00000164  TA0CCTL1                
00000166  TA0CCTL2                
00000170  TA0R                    
00000172  TA0CCR0                 
00000174  TA0CCR1                 
00000176  TA0CCR2                 
00000180  TA1CTL                  
00000182  TA1CCTL0                
00000184  TA1CCTL1                
00000186  TA1CCTL2                
00000190  TA1R                    
00000192  TA1CCR0                 
00000194  TA1CCR1                 
00000196  TA1CCR2                 
000001b0  ADC10CTL0               
000001b2  ADC10CTL1               
000001b4  ADC10MEM                
000001bc  ADC10SA                 
00000200  PRxData                 
00000202  PTxData                 
00000204  xVal14                  
00000206  yVal14                  
00000208  zVal14                  
0000020a  RXByteCtr               
0000020b  TXByteCtr               
0000020c  myRange                 
0000020d  myResolution            
0000020e  xVal8                   
0000020f  yVal8                   
00000210  zVal8                   
00000212  flagToStop              
00000214  NStopFlag               
00000216  TXIndex                 
00000218  RX                      
00000219  ctrlRegVal_1            
0000021a  ctrlRegVal_2            
0000021b  ctrlRegVal_3            
0000021c  ctrlRegVal_4            
0000021d  ctrlRegVal_5            
0000021e  xyzCFGRegVal            
000003b0  _stack                  
00000400  __STACK_END             
000010c0  TLV_CHECKSUM            
000010da  TLV_ADC10_1_TAG         
000010db  TLV_ADC10_1_LEN         
000010f6  TLV_DCO_30_TAG          
000010f7  TLV_DCO_30_LEN          
000010f8  CALDCO_16MHZ            
000010f9  CALBC1_16MHZ            
000010fa  CALDCO_12MHZ            
000010fb  CALBC1_12MHZ            
000010fc  CALDCO_8MHZ             
000010fd  CALBC1_8MHZ             
000010fe  CALDCO_1MHZ             
000010ff  CALBC1_1MHZ             
0000c000  lcd_init                
0000c202  mma_selftest            
0000c300  mma_enableTapInterrupt  
0000c3d0  Initialize              
0000c492  mma_read                
0000c534  USCIAB0TX_ISR           
0000c5ca  main                    
0000c654  Run                     
0000c6c4  lcd_clear               
0000c792  _auto_init              
0000c7ea  lcd_putChar             
0000c838  mma_disableTapInterrupt 
0000c886  adac_read               
0000c8cc  i2c_write               
0000c910  mma_setRange            
0000c946  i2c_read                
0000c974  mma_init                
0000c9a2  mma_setResolution       
0000c9d0  __mspabi_srai           
0000c9dc  __mspabi_srai_15        
0000c9de  __mspabi_srai_14        
0000c9e0  __mspabi_srai_13        
0000c9e2  __mspabi_srai_12        
0000c9e4  __mspabi_srai_11        
0000c9e6  __mspabi_srai_10        
0000c9e8  __mspabi_srai_9         
0000c9ea  __mspabi_srai_8         
0000c9ec  __mspabi_srai_7         
0000c9ee  __mspabi_srai_6         
0000c9f0  __mspabi_srai_5         
0000c9f2  __mspabi_srai_4         
0000c9f4  __mspabi_srai_3         
0000c9f6  __mspabi_srai_2         
0000c9f8  __mspabi_srai_1         
0000c9fc  __mspabi_divi           
0000c9fc  __mspabi_remi           
0000ca28  Setup_RX                
0000ca4e  Setup_TX                
0000ca74  initMSP                 
0000ca9a  lcd_putText             
0000cac0  mma_get8X               
0000cae6  mma_get8Y               
0000cb0c  mma_get8Z               
0000cb32  i2c_init                
0000cb54  mma_activate            
0000cb76  mma_get14X              
0000cb98  mma_get14Y              
0000cbba  mma_get14Z              
0000cbdc  mma_standby             
0000cbfe  Port_1                  
0000cc1c  adac_write              
0000cc38  _c_int00_noargs_noexit  
0000cc52  __mspabi_divu           
0000cc52  __mspabi_remu           
0000cc68  __TI_zero_init          
0000cc7c  __mspabi_mpyi           
0000cc7c  __mspabi_mpyi_sw        
0000cc90  __TI_decompress_none    
0000cca2  enableTrigger           
0000ccb4  memcpy                  
0000ccc6  __mspabi_func_epilog_7  
0000ccc8  __mspabi_func_epilog_6  
0000ccca  __mspabi_func_epilog_5  
0000cccc  __mspabi_func_epilog_4  
0000ccce  __mspabi_func_epilog_3  
0000ccd0  __mspabi_func_epilog_2  
0000ccd2  __mspabi_func_epilog_1  
0000ccd6  GoToSleep               
0000cce4  adac_init               
0000ccf2  __TI_ISR_TRAP           
0000ccf8  __TI_decompress_rle24   
0000ccfe  _system_pre_init        
0000cd02  C$$EXIT                 
0000cd02  abort                   
0000cd06  USCIAB0RX_ISR           
0000cd6c  __TI_Handler_Table_Base 
0000cd72  __TI_Handler_Table_Limit
0000cd76  __TI_CINIT_Base         
0000cd7e  __TI_CINIT_Limit        
0000ffe0  __TI_int00              
0000ffe4  __TI_int02              
0000ffe6  __TI_int03              
0000ffea  __TI_int05              
0000ffec  __TI_int06              
0000ffee  __TI_int07              
0000fff0  __TI_int08              
0000fff2  __TI_int09              
0000fff4  __TI_int10              
0000fff6  __TI_int11              
0000fff8  __TI_int12              
0000fffa  __TI_int13              
0000fffc  __TI_int14              
0000fffe  _reset_vector           
ffffffff  __binit__               
ffffffff  __c_args__              
ffffffff  binit                   
UNDEFED   __TI_INITARRAY_Base     
UNDEFED   __TI_INITARRAY_Limit    

[221 symbols]
