******************************************************************************
                  MSP430 Linker PC v4.4.5                      
******************************************************************************
>> Linked Sun Jul 24 06:53:47 2016

OUTPUT FILE NAME:   <Exercise_4.out>
ENTRY POINT SYMBOL: "_c_int00_noargs_noexit"  address: 0000cda6


MEMORY CONFIGURATION

         name            origin    length      used     unused   attr    fill
----------------------  --------  ---------  --------  --------  ----  --------
  SFR                   00000000   00000010  00000000  00000010  RWIX
  PERIPHERALS_8BIT      00000010   000000f0  00000000  000000f0  RWIX
  PERIPHERALS_16BIT     00000100   00000100  00000000  00000100  RWIX
  RAM                   00000200   00000200  000001f9  00000007  RWIX
  INFOD                 00001000   00000040  00000000  00000040  RWIX
  INFOC                 00001040   00000040  00000000  00000040  RWIX
  INFOB                 00001080   00000040  00000000  00000040  RWIX
  INFOA                 000010c0   00000040  00000000  00000040  RWIX
  FLASH                 0000c000   00003fe0  00000e80  00003160  RWIX
  INT00                 0000ffe0   00000002  00000002  00000000  RWIX
  INT01                 0000ffe2   00000002  00000000  00000002  RWIX
  INT02                 0000ffe4   00000002  00000002  00000000  RWIX
  INT03                 0000ffe6   00000002  00000002  00000000  RWIX
  INT04                 0000ffe8   00000002  00000000  00000002  RWIX
  INT05                 0000ffea   00000002  00000002  00000000  RWIX
  INT06                 0000ffec   00000002  00000002  00000000  RWIX
  INT07                 0000ffee   00000002  00000002  00000000  RWIX
  INT08                 0000fff0   00000002  00000002  00000000  RWIX
  INT09                 0000fff2   00000002  00000002  00000000  RWIX
  INT10                 0000fff4   00000002  00000002  00000000  RWIX
  INT11                 0000fff6   00000002  00000002  00000000  RWIX
  INT12                 0000fff8   00000002  00000002  00000000  RWIX
  INT13                 0000fffa   00000002  00000002  00000000  RWIX
  INT14                 0000fffc   00000002  00000002  00000000  RWIX
  RESET                 0000fffe   00000002  00000002  00000000  RWIX


SECTION ALLOCATION MAP

 output                                  attributes/
section   page    origin      length       input sections
--------  ----  ----------  ----------   ----------------
.bss       0    00000200    000001a1     UNINITIALIZED
                  00000200    000000c8     (.common:playBackBuffer)
                  000002c8    000000c8     (.common:recordingBuffer)
                  00000390    00000004     (.common:recordingAddress)
                  00000394    00000002     (.common:I2C_SPI)
                  00000396    00000002     (.common:i2c_dataBuffer)
                  00000398    00000002     (.common:rwFlag)
                  0000039a    00000002     (.common:spi_dataIBuffer)
                  0000039c    00000002     (.common:spi_dataOBuffer)
                  0000039e    00000001     (.common:i2c_dataLength)
                  0000039f    00000001     (.common:i2c_nackReceived)
                  000003a0    00000001     (.common:spi_dataLength)

.data      0    000003a2    00000008     UNINITIALIZED
                  000003a2    00000008     audio.obj (.data)

.TI.persistent 
*          0    000003a2    00000000     UNINITIALIZED

.stack     0    000003b0    00000050     UNINITIALIZED
                  000003b0    00000002     rts430_eabi.lib : boot.obj (.stack)
                  000003b2    0000004e     --HOLE--

.text      0    0000c000    00000e3e     
                  0000c000    0000020c     LCD.obj (.text:lcd_init)
                  0000c20c    00000158     main.obj (.text:main)
                  0000c364    000000f6     main.obj (.text:DisplayMenu)
                  0000c45a    00000098     LCD.obj (.text:lcd_cursorSet)
                  0000c4f2    00000086     audio.obj (.text:Timer1_A0)
                  0000c578    00000084     main.obj (.text:USCIAB0RX_ISR)
                  0000c5fc    00000084     LCD.obj (.text:lcd_cursorBlink)
                  0000c680    00000084     LCD.obj (.text:lcd_cursorShow)
                  0000c704    00000082     LCD.obj (.text:lcd_enable)
                  0000c786    0000007c     flash.obj (.text:flash_write)
                  0000c802    0000006e     LCD.obj (.text:lcd_clear)
                  0000c870    00000064     rts430_eabi.lib : copy_decompress_rle.obj (.text:__TI_decompress_rle_core)
                  0000c8d4    00000060     i2c.obj (.text:USCIAB0TX_ISR)
                  0000c934    00000058     rts430_eabi.lib : autoinit.obj (.text:_auto_init)
                  0000c98c    00000056     i2c.obj (.text:i2c_init)
                  0000c9e2    00000052     audio.obj (.text:audio_init)
                  0000ca34    00000052     LCD.obj (.text:lcd_putChar)
                  0000ca86    00000050     LCD.obj (.text:lcd_nowaitCheck)
                  0000cad6    00000046     adac.obj (.text:adac_read)
                  0000cb1c    00000044     audio.obj (.text:audio_playBuffer)
                  0000cb60    00000044     flash.obj (.text:flash_read)
                  0000cba4    00000040     i2c.obj (.text:i2c_write)
                  0000cbe4    0000003e     rts430_eabi.lib : asr32.obj (.text:l_asr_const)
                  0000cc22    00000038     i2c.obj (.text:i2c_read)
                  0000cc5a    0000002c     rts430_eabi.lib : asr16.obj (.text)
                  0000cc86    0000002c                     : lsl16.obj (.text)
                  0000ccb2    00000026     LCD.obj (.text:enableTrigger)
                  0000ccd8    00000026     main.obj (.text:initMSP)
                  0000ccfe    00000026     LCD.obj (.text:lcd_putText)
                  0000cd24    00000024     isl.obj (.text:isl_init)
                  0000cd48    00000020     spi.obj (.text:spi_read)
                  0000cd68    00000020     spi.obj (.text:spi_write)
                  0000cd88    0000001e     audio.obj (.text:audio_single_read)
                  0000cda6    0000001a     rts430_eabi.lib : boot_special.obj (.text:_c_int00_noargs_noexit)
                  0000cdc0    00000014                     : copy_zero_init.obj (.text:decompress:ZI:__TI_zero_init)
                  0000cdd4    00000012                     : copy_decompress_none.obj (.text:decompress:none:__TI_decompress_none)
                  0000cde6    00000012                     : memcpy.obj (.text:memcpy)
                  0000cdf8    00000010                     : epilog.obj (.text)
                  0000ce08    0000000e     adac.obj (.text:adac_init)
                  0000ce16    0000000c     LCD.obj (.text:lcd_checkBusyFlag)
                  0000ce22    00000008     audio.obj (.text:audio_single_play)
                  0000ce2a    00000006     rts430_eabi.lib : isr_trap.obj (.text:_isr:__TI_ISR_TRAP)
                  0000ce30    00000006                     : copy_decompress_rle.obj (.text:decompress:rle24:__TI_decompress_rle24)
                  0000ce36    00000004                     : pre_init.obj (.text:_system_pre_init)
                  0000ce3a    00000004                     : exit.obj (.text:abort)

.const     0    0000ce3e    00000026     
                  0000ce3e    00000026     main.obj (.const:.string)

.cinit     0    0000ce64    0000001c     
                  0000ce64    00000009     (.cinit..data.load) [load image, compression = rle]
                  0000ce6d    00000001     --HOLE-- [fill = 0]
                  0000ce6e    00000006     (__TI_handler_table)
                  0000ce74    00000004     (.cinit..bss.load) [load image, compression = zero_init]
                  0000ce78    00000008     (__TI_cinit_table)

.init_array 
*          0    0000c000    00000000     UNINITIALIZED

TRAPINT    0    0000ffe0    00000002     
                  0000ffe0    00000002     rts430_eabi.lib : int00.obj (.int00)

PORT1      0    0000ffe4    00000002     
                  0000ffe4    00000002     rts430_eabi.lib : int02.obj (.int02)

PORT2      0    0000ffe6    00000002     
                  0000ffe6    00000002     rts430_eabi.lib : int03.obj (.int03)

ADC10      0    0000ffea    00000002     
                  0000ffea    00000002     rts430_eabi.lib : int05.obj (.int05)

USCIAB0TX 
*          0    0000ffec    00000002     
                  0000ffec    00000002     i2c.obj (.int06)

USCIAB0RX 
*          0    0000ffee    00000002     
                  0000ffee    00000002     main.obj (.int07)

TIMER0_A1 
*          0    0000fff0    00000002     
                  0000fff0    00000002     rts430_eabi.lib : int08.obj (.int08)

TIMER0_A0 
*          0    0000fff2    00000002     
                  0000fff2    00000002     rts430_eabi.lib : int09.obj (.int09)

WDT        0    0000fff4    00000002     
                  0000fff4    00000002     rts430_eabi.lib : int10.obj (.int10)

COMPARATORA 
*          0    0000fff6    00000002     
                  0000fff6    00000002     rts430_eabi.lib : int11.obj (.int11)

TIMER1_A1 
*          0    0000fff8    00000002     
                  0000fff8    00000002     rts430_eabi.lib : int12.obj (.int12)

TIMER1_A0 
*          0    0000fffa    00000002     
                  0000fffa    00000002     audio.obj (.int13)

NMI        0    0000fffc    00000002     
                  0000fffc    00000002     rts430_eabi.lib : int14.obj (.int14)

.reset     0    0000fffe    00000002     
                  0000fffe    00000002     rts430_eabi.lib : boot.obj (.reset)


LINKER GENERATED COPY TABLES

__TI_cinit_table @ 0000ce78 records: 2, size/record: 4, table size: 8
	.data: load addr=0000ce64, load size=00000009 bytes, run addr=000003a2, run size=00000008 bytes, compression=rle
	.bss: load addr=0000ce74, load size=00000004 bytes, run addr=00000200, run size=000001a1 bytes, compression=zero_init


LINKER GENERATED HANDLER TABLE

__TI_handler_table @ 0000ce6e records: 3, size/record: 2, table size: 6
	index: 0, handler: __TI_zero_init
	index: 1, handler: __TI_decompress_rle24
	index: 2, handler: __TI_decompress_none


GLOBAL SYMBOLS: SORTED ALPHABETICALLY BY Name 

address   name                    
-------   ----                    
0000004a  ADC10AE0                
000001b0  ADC10CTL0               
000001b2  ADC10CTL1               
00000048  ADC10DTC0               
00000049  ADC10DTC1               
000001b4  ADC10MEM                
000001bc  ADC10SA                 
00000057  BCSCTL1                 
00000058  BCSCTL2                 
00000053  BCSCTL3                 
0000ce3a  C$$EXIT                 
00000059  CACTL1                  
0000005a  CACTL2                  
000010fb  CALBC1_12MHZ            
000010f9  CALBC1_16MHZ            
000010ff  CALBC1_1MHZ             
000010fd  CALBC1_8MHZ             
000010fa  CALDCO_12MHZ            
000010f8  CALDCO_16MHZ            
000010fe  CALDCO_1MHZ             
000010fc  CALDCO_8MHZ             
0000005b  CAPD                    
00000056  DCOCTL                  
0000c364  DisplayMenu             
00000128  FCTL1                   
0000012a  FCTL2                   
0000012c  FCTL3                   
00000394  I2C_SPI                 
00000000  IE1                     
00000001  IE2                     
00000002  IFG1                    
00000003  IFG2                    
00000022  P1DIR                   
00000025  P1IE                    
00000024  P1IES                   
00000023  P1IFG                   
00000020  P1IN                    
00000021  P1OUT                   
00000027  P1REN                   
00000026  P1SEL                   
00000041  P1SEL2                  
0000002a  P2DIR                   
0000002d  P2IE                    
0000002c  P2IES                   
0000002b  P2IFG                   
00000028  P2IN                    
00000029  P2OUT                   
0000002f  P2REN                   
0000002e  P2SEL                   
00000042  P2SEL2                  
0000001a  P3DIR                   
00000018  P3IN                    
00000019  P3OUT                   
00000010  P3REN                   
0000001b  P3SEL                   
00000043  P3SEL2                  
00000172  TA0CCR0                 
00000174  TA0CCR1                 
00000176  TA0CCR2                 
00000162  TA0CCTL0                
00000164  TA0CCTL1                
00000166  TA0CCTL2                
00000160  TA0CTL                  
0000012e  TA0IV                   
00000170  TA0R                    
00000192  TA1CCR0                 
00000194  TA1CCR1                 
00000196  TA1CCR2                 
00000182  TA1CCTL0                
00000184  TA1CCTL1                
00000186  TA1CCTL2                
00000180  TA1CTL                  
0000011e  TA1IV                   
00000190  TA1R                    
000010db  TLV_ADC10_1_LEN         
000010da  TLV_ADC10_1_TAG         
000010c0  TLV_CHECKSUM            
000010f7  TLV_DCO_30_LEN          
000010f6  TLV_DCO_30_TAG          
0000c4f2  Timer1_A0               
0000005d  UCA0ABCTL               
00000062  UCA0BR0                 
00000063  UCA0BR1                 
00000060  UCA0CTL0                
00000061  UCA0CTL1                
0000005f  UCA0IRRCTL              
0000005e  UCA0IRTCTL              
00000064  UCA0MCTL                
00000066  UCA0RXBUF               
00000065  UCA0STAT                
00000067  UCA0TXBUF               
0000006a  UCB0BR0                 
0000006b  UCB0BR1                 
00000068  UCB0CTL0                
00000069  UCB0CTL1                
0000006c  UCB0I2CIE               
00000118  UCB0I2COA               
0000011a  UCB0I2CSA               
0000006e  UCB0RXBUF               
0000006d  UCB0STAT                
0000006f  UCB0TXBUF               
0000c578  USCIAB0RX_ISR           
0000c8d4  USCIAB0TX_ISR           
00000120  WDTCTL                  
00000400  __STACK_END             
00000050  __STACK_SIZE            
0000ce78  __TI_CINIT_Base         
0000ce80  __TI_CINIT_Limit        
0000ce6e  __TI_Handler_Table_Base 
0000ce74  __TI_Handler_Table_Limit
UNDEFED   __TI_INITARRAY_Base     
UNDEFED   __TI_INITARRAY_Limit    
0000ce2a  __TI_ISR_TRAP           
0000cdd4  __TI_decompress_none    
0000ce30  __TI_decompress_rle24   
0000ffe0  __TI_int00              
0000ffe4  __TI_int02              
0000ffe6  __TI_int03              
0000ffea  __TI_int05              
0000ffec  __TI_int06              
0000ffee  __TI_int07              
0000fff0  __TI_int08              
0000fff2  __TI_int09              
0000fff4  __TI_int10              
0000fff6  __TI_int11              
0000fff8  __TI_int12              
0000fffa  __TI_int13              
0000fffc  __TI_int14              
0000cdc0  __TI_zero_init          
ffffffff  __binit__               
ffffffff  __c_args__              
0000ce04  __mspabi_func_epilog_1  
0000ce02  __mspabi_func_epilog_2  
0000ce00  __mspabi_func_epilog_3  
0000cdfe  __mspabi_func_epilog_4  
0000cdfc  __mspabi_func_epilog_5  
0000cdfa  __mspabi_func_epilog_6  
0000cdf8  __mspabi_func_epilog_7  
0000cc86  __mspabi_slli           
0000ccae  __mspabi_slli_1         
0000cc9c  __mspabi_slli_10        
0000cc9a  __mspabi_slli_11        
0000cc98  __mspabi_slli_12        
0000cc96  __mspabi_slli_13        
0000cc94  __mspabi_slli_14        
0000cc92  __mspabi_slli_15        
0000ccac  __mspabi_slli_2         
0000ccaa  __mspabi_slli_3         
0000cca8  __mspabi_slli_4         
0000cca6  __mspabi_slli_5         
0000cca4  __mspabi_slli_6         
0000cca2  __mspabi_slli_7         
0000cca0  __mspabi_slli_8         
0000cc9e  __mspabi_slli_9         
0000cc5a  __mspabi_srai           
0000cc82  __mspabi_srai_1         
0000cc70  __mspabi_srai_10        
0000cc6e  __mspabi_srai_11        
0000cc6c  __mspabi_srai_12        
0000cc6a  __mspabi_srai_13        
0000cc68  __mspabi_srai_14        
0000cc66  __mspabi_srai_15        
0000cc80  __mspabi_srai_2         
0000cc7e  __mspabi_srai_3         
0000cc7c  __mspabi_srai_4         
0000cc7a  __mspabi_srai_5         
0000cc78  __mspabi_srai_6         
0000cc76  __mspabi_srai_7         
0000cc74  __mspabi_srai_8         
0000cc72  __mspabi_srai_9         
0000cc1c  __mspabi_sral_1         
0000cbf8  __mspabi_sral_10        
0000cbf4  __mspabi_sral_11        
0000cbf0  __mspabi_sral_12        
0000cbec  __mspabi_sral_13        
0000cbe8  __mspabi_sral_14        
0000cbe4  __mspabi_sral_15        
0000cc18  __mspabi_sral_2         
0000cc14  __mspabi_sral_3         
0000cc10  __mspabi_sral_4         
0000cc0c  __mspabi_sral_5         
0000cc08  __mspabi_sral_6         
0000cc04  __mspabi_sral_7         
0000cc00  __mspabi_sral_8         
0000cbfc  __mspabi_sral_9         
0000c934  _auto_init              
0000cda6  _c_int00_noargs_noexit  
0000fffe  _reset_vector           
000003b0  _stack                  
0000ce36  _system_pre_init        
0000ce3a  abort                   
0000ce08  adac_init               
0000cad6  adac_read               
0000c9e2  audio_init              
0000cb1c  audio_playBuffer        
0000ce22  audio_single_play       
0000cd88  audio_single_read       
ffffffff  binit                   
0000ccb2  enableTrigger           
0000cb60  flash_read              
0000c786  flash_write             
00000396  i2c_dataBuffer          
0000039e  i2c_dataLength          
0000c98c  i2c_init                
0000039f  i2c_nackReceived        
0000cc22  i2c_read                
0000cba4  i2c_write               
0000ccd8  initMSP                 
0000cd24  isl_init                
0000ce16  lcd_checkBusyFlag       
0000c802  lcd_clear               
0000c5fc  lcd_cursorBlink         
0000c45a  lcd_cursorSet           
0000c680  lcd_cursorShow          
0000c704  lcd_enable              
0000c000  lcd_init                
0000ca86  lcd_nowaitCheck         
0000ca34  lcd_putChar             
0000ccfe  lcd_putText             
0000c20c  main                    
0000cde6  memcpy                  
00000200  playBackBuffer          
000003a6  playIndex               
000003a8  recordIndex             
00000390  recordingAddress        
000002c8  recordingBuffer         
00000398  rwFlag                  
0000039a  spi_dataIBuffer         
000003a0  spi_dataLength          
0000039c  spi_dataOBuffer         
0000cd48  spi_read                
0000cd68  spi_write               
000003a2  startPlaying            
000003a4  startRecording          


GLOBAL SYMBOLS: SORTED BY Symbol Address 

address   name                    
-------   ----                    
00000000  IE1                     
00000001  IE2                     
00000002  IFG1                    
00000003  IFG2                    
00000010  P3REN                   
00000018  P3IN                    
00000019  P3OUT                   
0000001a  P3DIR                   
0000001b  P3SEL                   
00000020  P1IN                    
00000021  P1OUT                   
00000022  P1DIR                   
00000023  P1IFG                   
00000024  P1IES                   
00000025  P1IE                    
00000026  P1SEL                   
00000027  P1REN                   
00000028  P2IN                    
00000029  P2OUT                   
0000002a  P2DIR                   
0000002b  P2IFG                   
0000002c  P2IES                   
0000002d  P2IE                    
0000002e  P2SEL                   
0000002f  P2REN                   
00000041  P1SEL2                  
00000042  P2SEL2                  
00000043  P3SEL2                  
00000048  ADC10DTC0               
00000049  ADC10DTC1               
0000004a  ADC10AE0                
00000050  __STACK_SIZE            
00000053  BCSCTL3                 
00000056  DCOCTL                  
00000057  BCSCTL1                 
00000058  BCSCTL2                 
00000059  CACTL1                  
0000005a  CACTL2                  
0000005b  CAPD                    
0000005d  UCA0ABCTL               
0000005e  UCA0IRTCTL              
0000005f  UCA0IRRCTL              
00000060  UCA0CTL0                
00000061  UCA0CTL1                
00000062  UCA0BR0                 
00000063  UCA0BR1                 
00000064  UCA0MCTL                
00000065  UCA0STAT                
00000066  UCA0RXBUF               
00000067  UCA0TXBUF               
00000068  UCB0CTL0                
00000069  UCB0CTL1                
0000006a  UCB0BR0                 
0000006b  UCB0BR1                 
0000006c  UCB0I2CIE               
0000006d  UCB0STAT                
0000006e  UCB0RXBUF               
0000006f  UCB0TXBUF               
00000118  UCB0I2COA               
0000011a  UCB0I2CSA               
0000011e  TA1IV                   
00000120  WDTCTL                  
00000128  FCTL1                   
0000012a  FCTL2                   
0000012c  FCTL3                   
0000012e  TA0IV                   
00000160  TA0CTL                  
00000162  TA0CCTL0                
00000164  TA0CCTL1                
00000166  TA0CCTL2                
00000170  TA0R                    
00000172  TA0CCR0                 
00000174  TA0CCR1                 
00000176  TA0CCR2                 
00000180  TA1CTL                  
00000182  TA1CCTL0                
00000184  TA1CCTL1                
00000186  TA1CCTL2                
00000190  TA1R                    
00000192  TA1CCR0                 
00000194  TA1CCR1                 
00000196  TA1CCR2                 
000001b0  ADC10CTL0               
000001b2  ADC10CTL1               
000001b4  ADC10MEM                
000001bc  ADC10SA                 
00000200  playBackBuffer          
000002c8  recordingBuffer         
00000390  recordingAddress        
00000394  I2C_SPI                 
00000396  i2c_dataBuffer          
00000398  rwFlag                  
0000039a  spi_dataIBuffer         
0000039c  spi_dataOBuffer         
0000039e  i2c_dataLength          
0000039f  i2c_nackReceived        
000003a0  spi_dataLength          
000003a2  startPlaying            
000003a4  startRecording          
000003a6  playIndex               
000003a8  recordIndex             
000003b0  _stack                  
00000400  __STACK_END             
000010c0  TLV_CHECKSUM            
000010da  TLV_ADC10_1_TAG         
000010db  TLV_ADC10_1_LEN         
000010f6  TLV_DCO_30_TAG          
000010f7  TLV_DCO_30_LEN          
000010f8  CALDCO_16MHZ            
000010f9  CALBC1_16MHZ            
000010fa  CALDCO_12MHZ            
000010fb  CALBC1_12MHZ            
000010fc  CALDCO_8MHZ             
000010fd  CALBC1_8MHZ             
000010fe  CALDCO_1MHZ             
000010ff  CALBC1_1MHZ             
0000c000  lcd_init                
0000c20c  main                    
0000c364  DisplayMenu             
0000c45a  lcd_cursorSet           
0000c4f2  Timer1_A0               
0000c578  USCIAB0RX_ISR           
0000c5fc  lcd_cursorBlink         
0000c680  lcd_cursorShow          
0000c704  lcd_enable              
0000c786  flash_write             
0000c802  lcd_clear               
0000c8d4  USCIAB0TX_ISR           
0000c934  _auto_init              
0000c98c  i2c_init                
0000c9e2  audio_init              
0000ca34  lcd_putChar             
0000ca86  lcd_nowaitCheck         
0000cad6  adac_read               
0000cb1c  audio_playBuffer        
0000cb60  flash_read              
0000cba4  i2c_write               
0000cbe4  __mspabi_sral_15        
0000cbe8  __mspabi_sral_14        
0000cbec  __mspabi_sral_13        
0000cbf0  __mspabi_sral_12        
0000cbf4  __mspabi_sral_11        
0000cbf8  __mspabi_sral_10        
0000cbfc  __mspabi_sral_9         
0000cc00  __mspabi_sral_8         
0000cc04  __mspabi_sral_7         
0000cc08  __mspabi_sral_6         
0000cc0c  __mspabi_sral_5         
0000cc10  __mspabi_sral_4         
0000cc14  __mspabi_sral_3         
0000cc18  __mspabi_sral_2         
0000cc1c  __mspabi_sral_1         
0000cc22  i2c_read                
0000cc5a  __mspabi_srai           
0000cc66  __mspabi_srai_15        
0000cc68  __mspabi_srai_14        
0000cc6a  __mspabi_srai_13        
0000cc6c  __mspabi_srai_12        
0000cc6e  __mspabi_srai_11        
0000cc70  __mspabi_srai_10        
0000cc72  __mspabi_srai_9         
0000cc74  __mspabi_srai_8         
0000cc76  __mspabi_srai_7         
0000cc78  __mspabi_srai_6         
0000cc7a  __mspabi_srai_5         
0000cc7c  __mspabi_srai_4         
0000cc7e  __mspabi_srai_3         
0000cc80  __mspabi_srai_2         
0000cc82  __mspabi_srai_1         
0000cc86  __mspabi_slli           
0000cc92  __mspabi_slli_15        
0000cc94  __mspabi_slli_14        
0000cc96  __mspabi_slli_13        
0000cc98  __mspabi_slli_12        
0000cc9a  __mspabi_slli_11        
0000cc9c  __mspabi_slli_10        
0000cc9e  __mspabi_slli_9         
0000cca0  __mspabi_slli_8         
0000cca2  __mspabi_slli_7         
0000cca4  __mspabi_slli_6         
0000cca6  __mspabi_slli_5         
0000cca8  __mspabi_slli_4         
0000ccaa  __mspabi_slli_3         
0000ccac  __mspabi_slli_2         
0000ccae  __mspabi_slli_1         
0000ccb2  enableTrigger           
0000ccd8  initMSP                 
0000ccfe  lcd_putText             
0000cd24  isl_init                
0000cd48  spi_read                
0000cd68  spi_write               
0000cd88  audio_single_read       
0000cda6  _c_int00_noargs_noexit  
0000cdc0  __TI_zero_init          
0000cdd4  __TI_decompress_none    
0000cde6  memcpy                  
0000cdf8  __mspabi_func_epilog_7  
0000cdfa  __mspabi_func_epilog_6  
0000cdfc  __mspabi_func_epilog_5  
0000cdfe  __mspabi_func_epilog_4  
0000ce00  __mspabi_func_epilog_3  
0000ce02  __mspabi_func_epilog_2  
0000ce04  __mspabi_func_epilog_1  
0000ce08  adac_init               
0000ce16  lcd_checkBusyFlag       
0000ce22  audio_single_play       
0000ce2a  __TI_ISR_TRAP           
0000ce30  __TI_decompress_rle24   
0000ce36  _system_pre_init        
0000ce3a  C$$EXIT                 
0000ce3a  abort                   
0000ce6e  __TI_Handler_Table_Base 
0000ce74  __TI_Handler_Table_Limit
0000ce78  __TI_CINIT_Base         
0000ce80  __TI_CINIT_Limit        
0000ffe0  __TI_int00              
0000ffe4  __TI_int02              
0000ffe6  __TI_int03              
0000ffea  __TI_int05              
0000ffec  __TI_int06              
0000ffee  __TI_int07              
0000fff0  __TI_int08              
0000fff2  __TI_int09              
0000fff4  __TI_int10              
0000fff6  __TI_int11              
0000fff8  __TI_int12              
0000fffa  __TI_int13              
0000fffc  __TI_int14              
0000fffe  _reset_vector           
ffffffff  __binit__               
ffffffff  __c_args__              
ffffffff  binit                   
UNDEFED   __TI_INITARRAY_Base     
UNDEFED   __TI_INITARRAY_Limit    

[234 symbols]
