<?xml version="1.0" encoding="ISO-8859-1" ?>
<link_info>
   <banner>MSP430 Linker PC v18.1.1.LTS</banner>
   <copyright>Copyright (c) 2003-2017 Texas Instruments Incorporated</copyright>
   <link_time>0x5aee0a53</link_time>
   <link_errors>0x0</link_errors>
   <output_file>Exercise_1.out</output_file>
   <entry_point>
      <name>_c_int00_noargs</name>
      <address>0xc9ca</address>
   </entry_point>
   <input_file_list>
      <input_file id="fl-2">
         <path>.\</path>
         <kind>object</kind>
         <file>main.obj</file>
         <name>main.obj</name>
      </input_file>
      <input_file id="fl-3">
         <path>.\libs\</path>
         <kind>object</kind>
         <file>LCD.obj</file>
         <name>LCD.obj</name>
      </input_file>
      <input_file id="fl-4">
         <path>.\libs\</path>
         <kind>object</kind>
         <file>templateEMP.obj</file>
         <name>templateEMP.obj</name>
      </input_file>
      <input_file id="fl-9">
         <kind>object</kind>
         <file>&lt;internal&gt;</file>
         <name>&lt;internal&gt;</name>
      </input_file>
      <input_file id="fl-1f">
         <path>E:\Installed Softwares\ti\ccsv7\tools\compiler\ti-cgt-msp430_18.1.1.LTS\lib\</path>
         <kind>archive</kind>
         <file>rts430_eabi.lib</file>
         <name>asr16.asm.obj</name>
      </input_file>
      <input_file id="fl-20">
         <path>E:\Installed Softwares\ti\ccsv7\tools\compiler\ti-cgt-msp430_18.1.1.LTS\lib\</path>
         <kind>archive</kind>
         <file>rts430_eabi.lib</file>
         <name>div16s.asm.obj</name>
      </input_file>
      <input_file id="fl-21">
         <path>E:\Installed Softwares\ti\ccsv7\tools\compiler\ti-cgt-msp430_18.1.1.LTS\lib\</path>
         <kind>archive</kind>
         <file>rts430_eabi.lib</file>
         <name>div16u.asm.obj</name>
      </input_file>
      <input_file id="fl-22">
         <path>E:\Installed Softwares\ti\ccsv7\tools\compiler\ti-cgt-msp430_18.1.1.LTS\lib\</path>
         <kind>archive</kind>
         <file>rts430_eabi.lib</file>
         <name>epilog.asm.obj</name>
      </input_file>
      <input_file id="fl-23">
         <path>E:\Installed Softwares\ti\ccsv7\tools\compiler\ti-cgt-msp430_18.1.1.LTS\lib\</path>
         <kind>archive</kind>
         <file>rts430_eabi.lib</file>
         <name>int00.asm.obj</name>
      </input_file>
      <input_file id="fl-24">
         <path>E:\Installed Softwares\ti\ccsv7\tools\compiler\ti-cgt-msp430_18.1.1.LTS\lib\</path>
         <kind>archive</kind>
         <file>rts430_eabi.lib</file>
         <name>int02.asm.obj</name>
      </input_file>
      <input_file id="fl-25">
         <path>E:\Installed Softwares\ti\ccsv7\tools\compiler\ti-cgt-msp430_18.1.1.LTS\lib\</path>
         <kind>archive</kind>
         <file>rts430_eabi.lib</file>
         <name>int03.asm.obj</name>
      </input_file>
      <input_file id="fl-26">
         <path>E:\Installed Softwares\ti\ccsv7\tools\compiler\ti-cgt-msp430_18.1.1.LTS\lib\</path>
         <kind>archive</kind>
         <file>rts430_eabi.lib</file>
         <name>int05.asm.obj</name>
      </input_file>
      <input_file id="fl-27">
         <path>E:\Installed Softwares\ti\ccsv7\tools\compiler\ti-cgt-msp430_18.1.1.LTS\lib\</path>
         <kind>archive</kind>
         <file>rts430_eabi.lib</file>
         <name>int06.asm.obj</name>
      </input_file>
      <input_file id="fl-28">
         <path>E:\Installed Softwares\ti\ccsv7\tools\compiler\ti-cgt-msp430_18.1.1.LTS\lib\</path>
         <kind>archive</kind>
         <file>rts430_eabi.lib</file>
         <name>int08.asm.obj</name>
      </input_file>
      <input_file id="fl-29">
         <path>E:\Installed Softwares\ti\ccsv7\tools\compiler\ti-cgt-msp430_18.1.1.LTS\lib\</path>
         <kind>archive</kind>
         <file>rts430_eabi.lib</file>
         <name>int09.asm.obj</name>
      </input_file>
      <input_file id="fl-2a">
         <path>E:\Installed Softwares\ti\ccsv7\tools\compiler\ti-cgt-msp430_18.1.1.LTS\lib\</path>
         <kind>archive</kind>
         <file>rts430_eabi.lib</file>
         <name>int10.asm.obj</name>
      </input_file>
      <input_file id="fl-2b">
         <path>E:\Installed Softwares\ti\ccsv7\tools\compiler\ti-cgt-msp430_18.1.1.LTS\lib\</path>
         <kind>archive</kind>
         <file>rts430_eabi.lib</file>
         <name>int11.asm.obj</name>
      </input_file>
      <input_file id="fl-2c">
         <path>E:\Installed Softwares\ti\ccsv7\tools\compiler\ti-cgt-msp430_18.1.1.LTS\lib\</path>
         <kind>archive</kind>
         <file>rts430_eabi.lib</file>
         <name>int12.asm.obj</name>
      </input_file>
      <input_file id="fl-2d">
         <path>E:\Installed Softwares\ti\ccsv7\tools\compiler\ti-cgt-msp430_18.1.1.LTS\lib\</path>
         <kind>archive</kind>
         <file>rts430_eabi.lib</file>
         <name>int13.asm.obj</name>
      </input_file>
      <input_file id="fl-2e">
         <path>E:\Installed Softwares\ti\ccsv7\tools\compiler\ti-cgt-msp430_18.1.1.LTS\lib\</path>
         <kind>archive</kind>
         <file>rts430_eabi.lib</file>
         <name>int14.asm.obj</name>
      </input_file>
      <input_file id="fl-2f">
         <path>E:\Installed Softwares\ti\ccsv7\tools\compiler\ti-cgt-msp430_18.1.1.LTS\lib\</path>
         <kind>archive</kind>
         <file>rts430_eabi.lib</file>
         <name>isr_trap.asm.obj</name>
      </input_file>
      <input_file id="fl-30">
         <path>E:\Installed Softwares\ti\ccsv7\tools\compiler\ti-cgt-msp430_18.1.1.LTS\lib\</path>
         <kind>archive</kind>
         <file>rts430_eabi.lib</file>
         <name>mult16.asm.obj</name>
      </input_file>
      <input_file id="fl-31">
         <path>E:\Installed Softwares\ti\ccsv7\tools\compiler\ti-cgt-msp430_18.1.1.LTS\lib\</path>
         <kind>archive</kind>
         <file>rts430_eabi.lib</file>
         <name>boot.c.obj</name>
      </input_file>
      <input_file id="fl-32">
         <path>E:\Installed Softwares\ti\ccsv7\tools\compiler\ti-cgt-msp430_18.1.1.LTS\lib\</path>
         <kind>archive</kind>
         <file>rts430_eabi.lib</file>
         <name>autoinit.c.obj</name>
      </input_file>
      <input_file id="fl-33">
         <path>E:\Installed Softwares\ti\ccsv7\tools\compiler\ti-cgt-msp430_18.1.1.LTS\lib\</path>
         <kind>archive</kind>
         <file>rts430_eabi.lib</file>
         <name>copy_zero_init.c.obj</name>
      </input_file>
      <input_file id="fl-34">
         <path>E:\Installed Softwares\ti\ccsv7\tools\compiler\ti-cgt-msp430_18.1.1.LTS\lib\</path>
         <kind>archive</kind>
         <file>rts430_eabi.lib</file>
         <name>cpy_tbl.c.obj</name>
      </input_file>
      <input_file id="fl-35">
         <path>E:\Installed Softwares\ti\ccsv7\tools\compiler\ti-cgt-msp430_18.1.1.LTS\lib\</path>
         <kind>archive</kind>
         <file>rts430_eabi.lib</file>
         <name>mpu_init.c.obj</name>
      </input_file>
      <input_file id="fl-36">
         <path>E:\Installed Softwares\ti\ccsv7\tools\compiler\ti-cgt-msp430_18.1.1.LTS\lib\</path>
         <kind>archive</kind>
         <file>rts430_eabi.lib</file>
         <name>pre_init.c.obj</name>
      </input_file>
      <input_file id="fl-37">
         <path>E:\Installed Softwares\ti\ccsv7\tools\compiler\ti-cgt-msp430_18.1.1.LTS\lib\</path>
         <kind>archive</kind>
         <file>rts430_eabi.lib</file>
         <name>startup.c.obj</name>
      </input_file>
      <input_file id="fl-38">
         <path>E:\Installed Softwares\ti\ccsv7\tools\compiler\ti-cgt-msp430_18.1.1.LTS\lib\</path>
         <kind>archive</kind>
         <file>rts430_eabi.lib</file>
         <name>copy_decompress_none.c.obj</name>
      </input_file>
      <input_file id="fl-39">
         <path>E:\Installed Softwares\ti\ccsv7\tools\compiler\ti-cgt-msp430_18.1.1.LTS\lib\</path>
         <kind>archive</kind>
         <file>rts430_eabi.lib</file>
         <name>copy_decompress_lzss.c.obj</name>
      </input_file>
      <input_file id="fl-3a">
         <path>E:\Installed Softwares\ti\ccsv7\tools\compiler\ti-cgt-msp430_18.1.1.LTS\lib\</path>
         <kind>archive</kind>
         <file>rts430_eabi.lib</file>
         <name>exit.c.obj</name>
      </input_file>
      <input_file id="fl-3b">
         <path>E:\Installed Softwares\ti\ccsv7\tools\compiler\ti-cgt-msp430_18.1.1.LTS\lib\</path>
         <kind>archive</kind>
         <file>rts430_eabi.lib</file>
         <name>_lock.c.obj</name>
      </input_file>
      <input_file id="fl-3c">
         <path>E:\Installed Softwares\ti\ccsv7\tools\compiler\ti-cgt-msp430_18.1.1.LTS\lib\</path>
         <kind>archive</kind>
         <file>rts430_eabi.lib</file>
         <name>args_main.c.obj</name>
      </input_file>
      <input_file id="fl-3d">
         <path>E:\Installed Softwares\ti\ccsv7\tools\compiler\ti-cgt-msp430_18.1.1.LTS\lib\</path>
         <kind>archive</kind>
         <file>rts430_eabi.lib</file>
         <name>memcpy.c.obj</name>
      </input_file>
      <input_file id="fl-3e">
         <path>E:\Installed Softwares\ti\ccsv7\tools\compiler\ti-cgt-msp430_18.1.1.LTS\lib\</path>
         <kind>archive</kind>
         <file>rts430_eabi.lib</file>
         <name>sprintf.c.obj</name>
      </input_file>
      <input_file id="fl-3f">
         <path>E:\Installed Softwares\ti\ccsv7\tools\compiler\ti-cgt-msp430_18.1.1.LTS\lib\</path>
         <kind>archive</kind>
         <file>rts430_eabi.lib</file>
         <name>lsl16.asm.obj</name>
      </input_file>
      <input_file id="fl-40">
         <path>E:\Installed Softwares\ti\ccsv7\tools\compiler\ti-cgt-msp430_18.1.1.LTS\lib\</path>
         <kind>archive</kind>
         <file>rts430_eabi.lib</file>
         <name>lsr16.asm.obj</name>
      </input_file>
      <input_file id="fl-41">
         <path>E:\Installed Softwares\ti\ccsv7\tools\compiler\ti-cgt-msp430_18.1.1.LTS\lib\</path>
         <kind>archive</kind>
         <file>rts430_eabi.lib</file>
         <name>exit_gvars.c.obj</name>
      </input_file>
      <input_file id="fl-42">
         <path>E:\Installed Softwares\ti\ccsv7\tools\compiler\ti-cgt-msp430_18.1.1.LTS\lib\</path>
         <kind>archive</kind>
         <file>rts430_eabi.lib</file>
         <name>_printfi_min.c.obj</name>
      </input_file>
      <input_file id="fl-43">
         <path>E:\Installed Softwares\ti\ccsv7\tools\compiler\ti-cgt-msp430_18.1.1.LTS\lib\</path>
         <kind>archive</kind>
         <file>rts430_eabi.lib</file>
         <name>memccpy.c.obj</name>
      </input_file>
      <input_file id="fl-44">
         <path>E:\Installed Softwares\ti\ccsv7\tools\compiler\ti-cgt-msp430_18.1.1.LTS\lib\</path>
         <kind>archive</kind>
         <file>rts430_eabi.lib</file>
         <name>memset.c.obj</name>
      </input_file>
      <input_file id="fl-45">
         <path>E:\Installed Softwares\ti\ccsv7\tools\compiler\ti-cgt-msp430_18.1.1.LTS\lib\</path>
         <kind>archive</kind>
         <file>rts430_eabi.lib</file>
         <name>strlen.c.obj</name>
      </input_file>
      <input_file id="fl-46">
         <path>E:\Installed Softwares\ti\ccsv7\tools\compiler\ti-cgt-msp430_18.1.1.LTS\lib\</path>
         <kind>archive</kind>
         <file>rts430_eabi.lib</file>
         <name>lsr64.c.obj</name>
      </input_file>
   </input_file_list>
   <object_component_list>
      <object_component id="oc-13d">
         <name>.data:ringBuffer</name>
         <load_address>0x200</load_address>
         <run_address>0x200</run_address>
         <size>0x23</size>
         <input_file_ref idref="fl-4"/>
      </object_component>
      <object_component id="oc-140">
         <name>.data</name>
         <load_address>0x223</load_address>
         <run_address>0x223</run_address>
         <size>0x1</size>
         <input_file_ref idref="fl-4"/>
      </object_component>
      <object_component id="oc-b1">
         <name>.stack</name>
         <uninitialized>true</uninitialized>
         <run_address>0x3b0</run_address>
         <size>0x2</size>
         <input_file_ref idref="fl-31"/>
      </object_component>
      <object_component id="oc-375">
         <name>.stack</name>
         <uninitialized>true</uninitialized>
         <run_address>0x3b0</run_address>
         <size>0x0</size>
      </object_component>
      <object_component id="oc-2ec">
         <name>.text:_setfield</name>
         <load_address>0xc000</load_address>
         <run_address>0xc000</run_address>
         <size>0x116</size>
         <input_file_ref idref="fl-42"/>
      </object_component>
      <object_component id="oc-152">
         <name>.text:main</name>
         <load_address>0xc116</load_address>
         <run_address>0xc116</run_address>
         <size>0xfe</size>
         <input_file_ref idref="fl-2"/>
      </object_component>
      <object_component id="oc-2cf">
         <name>.text:__TI_printfi_minimal</name>
         <load_address>0xc214</load_address>
         <run_address>0xc214</run_address>
         <size>0xf0</size>
         <input_file_ref idref="fl-42"/>
      </object_component>
      <object_component id="oc-309">
         <name>.text:_pproc_diouxp</name>
         <load_address>0xc304</load_address>
         <run_address>0xc304</run_address>
         <size>0xca</size>
         <input_file_ref idref="fl-42"/>
      </object_component>
      <object_component id="oc-1a8">
         <name>.text:cursorfunc</name>
         <load_address>0xc3ce</load_address>
         <run_address>0xc3ce</run_address>
         <size>0xb4</size>
         <input_file_ref idref="fl-2"/>
      </object_component>
      <object_component id="oc-1ae">
         <name>.text:charfunc</name>
         <load_address>0xc482</load_address>
         <run_address>0xc482</run_address>
         <size>0xac</size>
         <input_file_ref idref="fl-2"/>
      </object_component>
      <object_component id="oc-1b4">
         <name>.text:numfunc</name>
         <load_address>0xc52e</load_address>
         <run_address>0xc52e</run_address>
         <size>0x8e</size>
         <input_file_ref idref="fl-2"/>
      </object_component>
      <object_component id="oc-34">
         <name>.text:decompress:lzss:__TI_decompress_lzss</name>
         <load_address>0xc5bc</load_address>
         <run_address>0xc5bc</run_address>
         <size>0x7c</size>
         <input_file_ref idref="fl-39"/>
      </object_component>
      <object_component id="oc-183">
         <name>.text:initMSP</name>
         <load_address>0xc638</load_address>
         <run_address>0xc638</run_address>
         <size>0x5e</size>
         <input_file_ref idref="fl-4"/>
      </object_component>
      <object_component id="oc-21e">
         <name>.text:lcd_putChar</name>
         <load_address>0xc696</load_address>
         <run_address>0xc696</run_address>
         <size>0x54</size>
         <input_file_ref idref="fl-3"/>
      </object_component>
      <object_component id="oc-216">
         <name>.text:lcdcontrol</name>
         <load_address>0xc6ea</load_address>
         <run_address>0xc6ea</run_address>
         <size>0x52</size>
         <input_file_ref idref="fl-3"/>
      </object_component>
      <object_component id="oc-1ba">
         <name>.text:shift</name>
         <load_address>0xc73c</load_address>
         <run_address>0xc73c</run_address>
         <size>0x4e</size>
         <input_file_ref idref="fl-2"/>
      </object_component>
      <object_component id="oc-ba">
         <name>.text</name>
         <load_address>0xc78a</load_address>
         <run_address>0xc78a</run_address>
         <size>0x4c</size>
         <input_file_ref idref="fl-40"/>
      </object_component>
      <object_component id="oc-e1">
         <name>.text:USCI0RX_ISR</name>
         <load_address>0xc7d6</load_address>
         <run_address>0xc7d6</run_address>
         <size>0x42</size>
         <input_file_ref idref="fl-4"/>
      </object_component>
      <object_component id="oc-1cd">
         <name>.text:__TI_auto_init_nobinit_nopinit:__TI_auto_init_nobinit_nopinit</name>
         <load_address>0xc818</load_address>
         <run_address>0xc818</run_address>
         <size>0x42</size>
         <input_file_ref idref="fl-32"/>
      </object_component>
      <object_component id="oc-189">
         <name>.text:lcd_init</name>
         <load_address>0xc85a</load_address>
         <run_address>0xc85a</run_address>
         <size>0x40</size>
         <input_file_ref idref="fl-3"/>
      </object_component>
      <object_component id="oc-286">
         <name>.text:sprintf</name>
         <load_address>0xc89a</load_address>
         <run_address>0xc89a</run_address>
         <size>0x38</size>
         <input_file_ref idref="fl-3e"/>
      </object_component>
      <object_component id="oc-195">
         <name>.text:lcd_cursorSet</name>
         <load_address>0xc8d2</load_address>
         <run_address>0xc8d2</run_address>
         <size>0x2e</size>
         <input_file_ref idref="fl-3"/>
      </object_component>
      <object_component id="oc-276">
         <name>.text</name>
         <load_address>0xc900</load_address>
         <run_address>0xc900</run_address>
         <size>0x2c</size>
         <input_file_ref idref="fl-1f"/>
      </object_component>
      <object_component id="oc-b5">
         <name>.text</name>
         <load_address>0xc92c</load_address>
         <run_address>0xc92c</run_address>
         <size>0x2c</size>
         <input_file_ref idref="fl-3f"/>
      </object_component>
      <object_component id="oc-26e">
         <name>.text:serialPrint</name>
         <load_address>0xc958</load_address>
         <run_address>0xc958</run_address>
         <size>0x2a</size>
         <input_file_ref idref="fl-4"/>
      </object_component>
      <object_component id="oc-22f">
         <name>.text:lcd_putNumber</name>
         <load_address>0xc982</load_address>
         <run_address>0xc982</run_address>
         <size>0x24</size>
         <input_file_ref idref="fl-3"/>
      </object_component>
      <object_component id="oc-19c">
         <name>.text:lcd_putText</name>
         <load_address>0xc9a6</load_address>
         <run_address>0xc9a6</run_address>
         <size>0x24</size>
         <input_file_ref idref="fl-3"/>
      </object_component>
      <object_component id="oc-f9">
         <name>.text:_c_int00_noargs</name>
         <load_address>0xc9ca</load_address>
         <run_address>0xc9ca</run_address>
         <size>0x1c</size>
         <input_file_ref idref="fl-31"/>
      </object_component>
      <object_component id="oc-227">
         <name>.text:lcd_cursorBlink</name>
         <load_address>0xc9e6</load_address>
         <run_address>0xc9e6</run_address>
         <size>0x1c</size>
         <input_file_ref idref="fl-3"/>
      </object_component>
      <object_component id="oc-1a2">
         <name>.text:lcd_cursorShow</name>
         <load_address>0xca02</load_address>
         <run_address>0xca02</run_address>
         <size>0x1c</size>
         <input_file_ref idref="fl-3"/>
      </object_component>
      <object_component id="oc-2c3">
         <name>.text:_outs</name>
         <load_address>0xca1e</load_address>
         <run_address>0xca1e</run_address>
         <size>0x1a</size>
         <input_file_ref idref="fl-3e"/>
      </object_component>
      <object_component id="oc-30f">
         <name>.text:memccpy</name>
         <load_address>0xca38</load_address>
         <run_address>0xca38</run_address>
         <size>0x1a</size>
         <input_file_ref idref="fl-43"/>
      </object_component>
      <object_component id="oc-326">
         <name>.text</name>
         <load_address>0xca52</load_address>
         <run_address>0xca52</run_address>
         <size>0x16</size>
         <input_file_ref idref="fl-21"/>
      </object_component>
      <object_component id="oc-208">
         <name>.text:serialPrintln</name>
         <load_address>0xca68</load_address>
         <run_address>0xca68</run_address>
         <size>0x16</size>
         <input_file_ref idref="fl-4"/>
      </object_component>
      <object_component id="oc-302">
         <name>.text:memset</name>
         <load_address>0xca7e</load_address>
         <run_address>0xca7e</run_address>
         <size>0x14</size>
         <input_file_ref idref="fl-44"/>
      </object_component>
      <object_component id="oc-2b0">
         <name>.text</name>
         <load_address>0xca92</load_address>
         <run_address>0xca92</run_address>
         <size>0x14</size>
         <input_file_ref idref="fl-30"/>
      </object_component>
      <object_component id="oc-2c9">
         <name>.text:_outc</name>
         <load_address>0xcaa6</load_address>
         <run_address>0xcaa6</run_address>
         <size>0x12</size>
         <input_file_ref idref="fl-3e"/>
      </object_component>
      <object_component id="oc-3a">
         <name>.text:decompress:none:__TI_decompress_none</name>
         <load_address>0xcab8</load_address>
         <run_address>0xcab8</run_address>
         <size>0x12</size>
         <input_file_ref idref="fl-38"/>
      </object_component>
      <object_component id="oc-cf">
         <name>.text:memcpy</name>
         <load_address>0xcaca</load_address>
         <run_address>0xcaca</run_address>
         <size>0x12</size>
         <input_file_ref idref="fl-3d"/>
      </object_component>
      <object_component id="oc-201">
         <name>.text:serialWrite</name>
         <load_address>0xcadc</load_address>
         <run_address>0xcadc</run_address>
         <size>0x12</size>
         <input_file_ref idref="fl-4"/>
      </object_component>
      <object_component id="oc-20f">
         <name>.text:lcd_enable</name>
         <load_address>0xcaee</load_address>
         <run_address>0xcaee</run_address>
         <size>0x10</size>
         <input_file_ref idref="fl-3"/>
      </object_component>
      <object_component id="oc-bf">
         <name>.text</name>
         <load_address>0xcafe</load_address>
         <run_address>0xcafe</run_address>
         <size>0x10</size>
         <input_file_ref idref="fl-22"/>
      </object_component>
      <object_component id="oc-18f">
         <name>.text:lcd_clear</name>
         <load_address>0xcb0e</load_address>
         <run_address>0xcb0e</run_address>
         <size>0xe</size>
         <input_file_ref idref="fl-3"/>
      </object_component>
      <object_component id="oc-2e6">
         <name>.text:strlen</name>
         <load_address>0xcb1c</load_address>
         <run_address>0xcb1c</run_address>
         <size>0xe</size>
         <input_file_ref idref="fl-45"/>
      </object_component>
      <object_component id="oc-dc">
         <name>.text:_isr:__TI_ISR_TRAP</name>
         <load_address>0xcb2a</load_address>
         <run_address>0xcb2a</run_address>
         <size>0x8</size>
         <input_file_ref idref="fl-2f"/>
      </object_component>
      <object_component id="oc-1c1">
         <name>.text:abort</name>
         <load_address>0xcb32</load_address>
         <run_address>0xcb32</run_address>
         <size>0x6</size>
         <input_file_ref idref="fl-3a"/>
      </object_component>
      <object_component id="oc-14c">
         <name>.text:_system_pre_init</name>
         <load_address>0xcb38</load_address>
         <run_address>0xcb38</run_address>
         <size>0x4</size>
         <input_file_ref idref="fl-36"/>
      </object_component>
      <object_component id="oc-24a">
         <name>.text:_system_post_cinit</name>
         <load_address>0xcb3c</load_address>
         <run_address>0xcb3c</run_address>
         <size>0x2</size>
         <input_file_ref idref="fl-37"/>
      </object_component>
      <object_component id="oc-374">
         <name>.cinit..data.load</name>
         <load_address>0xcbf0</load_address>
         <run_address>0xcbf0</run_address>
         <size>0x8</size>
      </object_component>
      <object_component id="oc-372">
         <name>__TI_handler_table</name>
         <load_address>0xcbf8</load_address>
         <run_address>0xcbf8</run_address>
         <size>0x4</size>
      </object_component>
      <object_component id="oc-373">
         <name>__TI_cinit_table</name>
         <load_address>0xcbfc</load_address>
         <run_address>0xcbfc</run_address>
         <size>0x4</size>
      </object_component>
      <object_component id="oc-19b">
         <name>.const:.string</name>
         <load_address>0xcb3e</load_address>
         <run_address>0xcb3e</run_address>
         <size>0x88</size>
         <input_file_ref idref="fl-2"/>
      </object_component>
      <object_component id="oc-308">
         <name>.const:.string</name>
         <load_address>0xcbc6</load_address>
         <run_address>0xcbc6</run_address>
         <size>0x14</size>
         <input_file_ref idref="fl-42"/>
      </object_component>
      <object_component id="oc-207">
         <name>.const:.string</name>
         <load_address>0xcbda</load_address>
         <run_address>0xcbda</run_address>
         <size>0x12</size>
         <input_file_ref idref="fl-4"/>
      </object_component>
      <object_component id="oc-285">
         <name>.const:.string</name>
         <load_address>0xcbec</load_address>
         <run_address>0xcbec</run_address>
         <size>0x4</size>
         <input_file_ref idref="fl-3"/>
      </object_component>
      <object_component id="oc-334">
         <name>.binit</name>
         <load_address>0xc000</load_address>
         <run_address>0xc000</run_address>
         <size>0x0</size>
      </object_component>
      <object_component id="oc-40">
         <name>.int00</name>
         <load_address>0xffe0</load_address>
         <run_address>0xffe0</run_address>
         <size>0x2</size>
         <input_file_ref idref="fl-23"/>
      </object_component>
      <object_component id="oc-41">
         <name>.int02</name>
         <load_address>0xffe4</load_address>
         <run_address>0xffe4</run_address>
         <size>0x2</size>
         <input_file_ref idref="fl-24"/>
      </object_component>
      <object_component id="oc-42">
         <name>.int03</name>
         <load_address>0xffe6</load_address>
         <run_address>0xffe6</run_address>
         <size>0x2</size>
         <input_file_ref idref="fl-25"/>
      </object_component>
      <object_component id="oc-43">
         <name>.int05</name>
         <load_address>0xffea</load_address>
         <run_address>0xffea</run_address>
         <size>0x2</size>
         <input_file_ref idref="fl-26"/>
      </object_component>
      <object_component id="oc-44">
         <name>.int06</name>
         <load_address>0xffec</load_address>
         <run_address>0xffec</run_address>
         <size>0x2</size>
         <input_file_ref idref="fl-27"/>
      </object_component>
      <object_component id="oc-45">
         <name>.int07</name>
         <load_address>0xffee</load_address>
         <run_address>0xffee</run_address>
         <size>0x2</size>
         <input_file_ref idref="fl-4"/>
      </object_component>
      <object_component id="oc-46">
         <name>.int08</name>
         <load_address>0xfff0</load_address>
         <run_address>0xfff0</run_address>
         <size>0x2</size>
         <input_file_ref idref="fl-28"/>
      </object_component>
      <object_component id="oc-47">
         <name>.int09</name>
         <load_address>0xfff2</load_address>
         <run_address>0xfff2</run_address>
         <size>0x2</size>
         <input_file_ref idref="fl-29"/>
      </object_component>
      <object_component id="oc-48">
         <name>.int10</name>
         <load_address>0xfff4</load_address>
         <run_address>0xfff4</run_address>
         <size>0x2</size>
         <input_file_ref idref="fl-2a"/>
      </object_component>
      <object_component id="oc-49">
         <name>.int11</name>
         <load_address>0xfff6</load_address>
         <run_address>0xfff6</run_address>
         <size>0x2</size>
         <input_file_ref idref="fl-2b"/>
      </object_component>
      <object_component id="oc-4a">
         <name>.int12</name>
         <load_address>0xfff8</load_address>
         <run_address>0xfff8</run_address>
         <size>0x2</size>
         <input_file_ref idref="fl-2c"/>
      </object_component>
      <object_component id="oc-4b">
         <name>.int13</name>
         <load_address>0xfffa</load_address>
         <run_address>0xfffa</run_address>
         <size>0x2</size>
         <input_file_ref idref="fl-2d"/>
      </object_component>
      <object_component id="oc-4c">
         <name>.int14</name>
         <load_address>0xfffc</load_address>
         <run_address>0xfffc</run_address>
         <size>0x2</size>
         <input_file_ref idref="fl-2e"/>
      </object_component>
      <object_component id="oc-b4">
         <name>.reset</name>
         <load_address>0xfffe</load_address>
         <run_address>0xfffe</run_address>
         <size>0x2</size>
         <input_file_ref idref="fl-31"/>
      </object_component>
      <object_component id="oc-237">
         <name>.debug_info</name>
         <load_address>0x0</load_address>
         <run_address>0x0</run_address>
         <size>0x308</size>
         <input_file_ref idref="fl-2"/>
      </object_component>
      <object_component id="oc-1bb">
         <name>.debug_info</name>
         <load_address>0x308</load_address>
         <run_address>0x308</run_address>
         <size>0x12f</size>
         <input_file_ref idref="fl-2"/>
      </object_component>
      <object_component id="oc-1b6">
         <name>.debug_info</name>
         <load_address>0x437</load_address>
         <run_address>0x437</run_address>
         <size>0x1b7</size>
         <input_file_ref idref="fl-2"/>
      </object_component>
      <object_component id="oc-1a9">
         <name>.debug_info</name>
         <load_address>0x5ee</load_address>
         <run_address>0x5ee</run_address>
         <size>0x1fe</size>
         <input_file_ref idref="fl-2"/>
      </object_component>
      <object_component id="oc-1af">
         <name>.debug_info</name>
         <load_address>0x7ec</load_address>
         <run_address>0x7ec</run_address>
         <size>0x1d5</size>
         <input_file_ref idref="fl-2"/>
      </object_component>
      <object_component id="oc-154">
         <name>.debug_info</name>
         <load_address>0x9c1</load_address>
         <run_address>0x9c1</run_address>
         <size>0x277</size>
         <input_file_ref idref="fl-2"/>
      </object_component>
      <object_component id="oc-27f">
         <name>.debug_info</name>
         <load_address>0xc38</load_address>
         <run_address>0xc38</run_address>
         <size>0x26b</size>
         <input_file_ref idref="fl-2"/>
      </object_component>
      <object_component id="oc-ca">
         <name>.debug_info</name>
         <load_address>0xea3</load_address>
         <run_address>0xea3</run_address>
         <size>0x84</size>
         <input_file_ref idref="fl-2"/>
      </object_component>
      <object_component id="oc-2be">
         <name>.debug_info</name>
         <load_address>0xf27</load_address>
         <run_address>0xf27</run_address>
         <size>0x275</size>
         <input_file_ref idref="fl-2"/>
      </object_component>
      <object_component id="oc-130">
         <name>.debug_info</name>
         <load_address>0x119c</load_address>
         <run_address>0x119c</run_address>
         <size>0x2c</size>
         <input_file_ref idref="fl-2"/>
      </object_component>
      <object_component id="oc-2f4">
         <name>.debug_info</name>
         <load_address>0x11c8</load_address>
         <run_address>0x11c8</run_address>
         <size>0x2c</size>
         <input_file_ref idref="fl-2"/>
      </object_component>
      <object_component id="oc-225">
         <name>.debug_info</name>
         <load_address>0x11f4</load_address>
         <run_address>0x11f4</run_address>
         <size>0x23c</size>
         <input_file_ref idref="fl-3"/>
      </object_component>
      <object_component id="oc-210">
         <name>.debug_info</name>
         <load_address>0x1430</load_address>
         <run_address>0x1430</run_address>
         <size>0x11c</size>
         <input_file_ref idref="fl-3"/>
      </object_component>
      <object_component id="oc-218">
         <name>.debug_info</name>
         <load_address>0x154c</load_address>
         <run_address>0x154c</run_address>
         <size>0x17a</size>
         <input_file_ref idref="fl-3"/>
      </object_component>
      <object_component id="oc-21f">
         <name>.debug_info</name>
         <load_address>0x16c6</load_address>
         <run_address>0x16c6</run_address>
         <size>0x194</size>
         <input_file_ref idref="fl-3"/>
      </object_component>
      <object_component id="oc-19d">
         <name>.debug_info</name>
         <load_address>0x185a</load_address>
         <run_address>0x185a</run_address>
         <size>0x143</size>
         <input_file_ref idref="fl-3"/>
      </object_component>
      <object_component id="oc-230">
         <name>.debug_info</name>
         <load_address>0x199d</load_address>
         <run_address>0x199d</run_address>
         <size>0x176</size>
         <input_file_ref idref="fl-3"/>
      </object_component>
      <object_component id="oc-190">
         <name>.debug_info</name>
         <load_address>0x1b13</load_address>
         <run_address>0x1b13</run_address>
         <size>0x122</size>
         <input_file_ref idref="fl-3"/>
      </object_component>
      <object_component id="oc-18a">
         <name>.debug_info</name>
         <load_address>0x1c35</load_address>
         <run_address>0x1c35</run_address>
         <size>0x130</size>
         <input_file_ref idref="fl-3"/>
      </object_component>
      <object_component id="oc-1a3">
         <name>.debug_info</name>
         <load_address>0x1d65</load_address>
         <run_address>0x1d65</run_address>
         <size>0x146</size>
         <input_file_ref idref="fl-3"/>
      </object_component>
      <object_component id="oc-196">
         <name>.debug_info</name>
         <load_address>0x1eab</load_address>
         <run_address>0x1eab</run_address>
         <size>0x145</size>
         <input_file_ref idref="fl-3"/>
      </object_component>
      <object_component id="oc-228">
         <name>.debug_info</name>
         <load_address>0x1ff0</load_address>
         <run_address>0x1ff0</run_address>
         <size>0x148</size>
         <input_file_ref idref="fl-3"/>
      </object_component>
      <object_component id="oc-200">
         <name>.debug_info</name>
         <load_address>0x2138</load_address>
         <run_address>0x2138</run_address>
         <size>0x303</size>
         <input_file_ref idref="fl-4"/>
      </object_component>
      <object_component id="oc-13e">
         <name>.debug_info</name>
         <load_address>0x243b</load_address>
         <run_address>0x243b</run_address>
         <size>0xd8</size>
         <input_file_ref idref="fl-4"/>
      </object_component>
      <object_component id="oc-141">
         <name>.debug_info</name>
         <load_address>0x2513</load_address>
         <run_address>0x2513</run_address>
         <size>0xd4</size>
         <input_file_ref idref="fl-4"/>
      </object_component>
      <object_component id="oc-203">
         <name>.debug_info</name>
         <load_address>0x25e7</load_address>
         <run_address>0x25e7</run_address>
         <size>0x136</size>
         <input_file_ref idref="fl-4"/>
      </object_component>
      <object_component id="oc-26f">
         <name>.debug_info</name>
         <load_address>0x271d</load_address>
         <run_address>0x271d</run_address>
         <size>0x15e</size>
         <input_file_ref idref="fl-4"/>
      </object_component>
      <object_component id="oc-209">
         <name>.debug_info</name>
         <load_address>0x287b</load_address>
         <run_address>0x287b</run_address>
         <size>0x163</size>
         <input_file_ref idref="fl-4"/>
      </object_component>
      <object_component id="oc-184">
         <name>.debug_info</name>
         <load_address>0x29de</load_address>
         <run_address>0x29de</run_address>
         <size>0x13d</size>
         <input_file_ref idref="fl-4"/>
      </object_component>
      <object_component id="oc-e2">
         <name>.debug_info</name>
         <load_address>0x2b1b</load_address>
         <run_address>0x2b1b</run_address>
         <size>0x11e</size>
         <input_file_ref idref="fl-4"/>
      </object_component>
      <object_component id="oc-179">
         <name>.debug_info</name>
         <load_address>0x2c39</load_address>
         <run_address>0x2c39</run_address>
         <size>0x86</size>
         <input_file_ref idref="fl-4"/>
      </object_component>
      <object_component id="oc-279">
         <name>.debug_info</name>
         <load_address>0x2cbf</load_address>
         <run_address>0x2cbf</run_address>
         <size>0x118</size>
         <input_file_ref idref="fl-1f"/>
      </object_component>
      <object_component id="oc-327">
         <name>.debug_info</name>
         <load_address>0x2dd7</load_address>
         <run_address>0x2dd7</run_address>
         <size>0x119</size>
         <input_file_ref idref="fl-21"/>
      </object_component>
      <object_component id="oc-c1">
         <name>.debug_info</name>
         <load_address>0x2ef0</load_address>
         <run_address>0x2ef0</run_address>
         <size>0x126</size>
         <input_file_ref idref="fl-22"/>
      </object_component>
      <object_component id="oc-dd">
         <name>.debug_info</name>
         <load_address>0x3016</load_address>
         <run_address>0x3016</run_address>
         <size>0x107</size>
         <input_file_ref idref="fl-2f"/>
      </object_component>
      <object_component id="oc-2b3">
         <name>.debug_info</name>
         <load_address>0x311d</load_address>
         <run_address>0x311d</run_address>
         <size>0x119</size>
         <input_file_ref idref="fl-30"/>
      </object_component>
      <object_component id="oc-b2">
         <name>.debug_info</name>
         <load_address>0x3236</load_address>
         <run_address>0x3236</run_address>
         <size>0xf5</size>
         <input_file_ref idref="fl-31"/>
      </object_component>
      <object_component id="oc-fa">
         <name>.debug_info</name>
         <load_address>0x332b</load_address>
         <run_address>0x332b</run_address>
         <size>0x16f</size>
         <input_file_ref idref="fl-31"/>
      </object_component>
      <object_component id="oc-251">
         <name>.debug_info</name>
         <load_address>0x349a</load_address>
         <run_address>0x349a</run_address>
         <size>0x472</size>
         <input_file_ref idref="fl-32"/>
      </object_component>
      <object_component id="oc-1cf">
         <name>.debug_info</name>
         <load_address>0x390c</load_address>
         <run_address>0x390c</run_address>
         <size>0x1d5</size>
         <input_file_ref idref="fl-32"/>
      </object_component>
      <object_component id="oc-2a6">
         <name>.debug_info</name>
         <load_address>0x3ae1</load_address>
         <run_address>0x3ae1</run_address>
         <size>0x39</size>
         <input_file_ref idref="fl-32"/>
      </object_component>
      <object_component id="oc-2b7">
         <name>.debug_info</name>
         <load_address>0x3b1a</load_address>
         <run_address>0x3b1a</run_address>
         <size>0x2c</size>
         <input_file_ref idref="fl-32"/>
      </object_component>
      <object_component id="oc-25c">
         <name>.debug_info</name>
         <load_address>0x3b46</load_address>
         <run_address>0x3b46</run_address>
         <size>0x2c</size>
         <input_file_ref idref="fl-32"/>
      </object_component>
      <object_component id="oc-2ab">
         <name>.debug_info</name>
         <load_address>0x3b72</load_address>
         <run_address>0x3b72</run_address>
         <size>0xcd</size>
         <input_file_ref idref="fl-32"/>
      </object_component>
      <object_component id="oc-14d">
         <name>.debug_info</name>
         <load_address>0x3c3f</load_address>
         <run_address>0x3c3f</run_address>
         <size>0x148</size>
         <input_file_ref idref="fl-36"/>
      </object_component>
      <object_component id="oc-24d">
         <name>.debug_info</name>
         <load_address>0x3d87</load_address>
         <run_address>0x3d87</run_address>
         <size>0x145</size>
         <input_file_ref idref="fl-37"/>
      </object_component>
      <object_component id="oc-db">
         <name>.debug_info</name>
         <load_address>0x3ecc</load_address>
         <run_address>0x3ecc</run_address>
         <size>0x175</size>
         <input_file_ref idref="fl-38"/>
      </object_component>
      <object_component id="oc-3c">
         <name>.debug_info</name>
         <load_address>0x4041</load_address>
         <run_address>0x4041</run_address>
         <size>0x1df</size>
         <input_file_ref idref="fl-38"/>
      </object_component>
      <object_component id="oc-d6">
         <name>.debug_info</name>
         <load_address>0x4220</load_address>
         <run_address>0x4220</run_address>
         <size>0x46</size>
         <input_file_ref idref="fl-38"/>
      </object_component>
      <object_component id="oc-135">
         <name>.debug_info</name>
         <load_address>0x4266</load_address>
         <run_address>0x4266</run_address>
         <size>0x2c</size>
         <input_file_ref idref="fl-38"/>
      </object_component>
      <object_component id="oc-12d">
         <name>.debug_info</name>
         <load_address>0x4292</load_address>
         <run_address>0x4292</run_address>
         <size>0x16b</size>
         <input_file_ref idref="fl-39"/>
      </object_component>
      <object_component id="oc-37">
         <name>.debug_info</name>
         <load_address>0x43fd</load_address>
         <run_address>0x43fd</run_address>
         <size>0x287</size>
         <input_file_ref idref="fl-39"/>
      </object_component>
      <object_component id="oc-c5">
         <name>.debug_info</name>
         <load_address>0x4684</load_address>
         <run_address>0x4684</run_address>
         <size>0x60</size>
         <input_file_ref idref="fl-39"/>
      </object_component>
      <object_component id="oc-16e">
         <name>.debug_info</name>
         <load_address>0x46e4</load_address>
         <run_address>0x46e4</run_address>
         <size>0x46</size>
         <input_file_ref idref="fl-39"/>
      </object_component>
      <object_component id="oc-128">
         <name>.debug_info</name>
         <load_address>0x472a</load_address>
         <run_address>0x472a</run_address>
         <size>0x39</size>
         <input_file_ref idref="fl-39"/>
      </object_component>
      <object_component id="oc-1c4">
         <name>.debug_info</name>
         <load_address>0x4763</load_address>
         <run_address>0x4763</run_address>
         <size>0x117</size>
         <input_file_ref idref="fl-3a"/>
      </object_component>
      <object_component id="oc-12f">
         <name>.debug_info</name>
         <load_address>0x487a</load_address>
         <run_address>0x487a</run_address>
         <size>0x176</size>
         <input_file_ref idref="fl-3d"/>
      </object_component>
      <object_component id="oc-d1">
         <name>.debug_info</name>
         <load_address>0x49f0</load_address>
         <run_address>0x49f0</run_address>
         <size>0x16f</size>
         <input_file_ref idref="fl-3d"/>
      </object_component>
      <object_component id="oc-2d6">
         <name>.debug_info</name>
         <load_address>0x4b5f</load_address>
         <run_address>0x4b5f</run_address>
         <size>0x200</size>
         <input_file_ref idref="fl-3e"/>
      </object_component>
      <object_component id="oc-287">
         <name>.debug_info</name>
         <load_address>0x4d5f</load_address>
         <run_address>0x4d5f</run_address>
         <size>0x1b7</size>
         <input_file_ref idref="fl-3e"/>
      </object_component>
      <object_component id="oc-2c4">
         <name>.debug_info</name>
         <load_address>0x4f16</load_address>
         <run_address>0x4f16</run_address>
         <size>0x18d</size>
         <input_file_ref idref="fl-3e"/>
      </object_component>
      <object_component id="oc-2ca">
         <name>.debug_info</name>
         <load_address>0x50a3</load_address>
         <run_address>0x50a3</run_address>
         <size>0x162</size>
         <input_file_ref idref="fl-3e"/>
      </object_component>
      <object_component id="oc-318">
         <name>.debug_info</name>
         <load_address>0x5205</load_address>
         <run_address>0x5205</run_address>
         <size>0x2c</size>
         <input_file_ref idref="fl-3e"/>
      </object_component>
      <object_component id="oc-b7">
         <name>.debug_info</name>
         <load_address>0x5231</load_address>
         <run_address>0x5231</run_address>
         <size>0x118</size>
         <input_file_ref idref="fl-3f"/>
      </object_component>
      <object_component id="oc-bc">
         <name>.debug_info</name>
         <load_address>0x5349</load_address>
         <run_address>0x5349</run_address>
         <size>0x118</size>
         <input_file_ref idref="fl-40"/>
      </object_component>
      <object_component id="oc-2f3">
         <name>.debug_info</name>
         <load_address>0x5461</load_address>
         <run_address>0x5461</run_address>
         <size>0x397</size>
         <input_file_ref idref="fl-42"/>
      </object_component>
      <object_component id="oc-30a">
         <name>.debug_info</name>
         <load_address>0x57f8</load_address>
         <run_address>0x57f8</run_address>
         <size>0x2bc</size>
         <input_file_ref idref="fl-42"/>
      </object_component>
      <object_component id="oc-2ed">
         <name>.debug_info</name>
         <load_address>0x5ab4</load_address>
         <run_address>0x5ab4</run_address>
         <size>0x284</size>
         <input_file_ref idref="fl-42"/>
      </object_component>
      <object_component id="oc-2d0">
         <name>.debug_info</name>
         <load_address>0x5d38</load_address>
         <run_address>0x5d38</run_address>
         <size>0x2fc</size>
         <input_file_ref idref="fl-42"/>
      </object_component>
      <object_component id="oc-2f9">
         <name>.debug_info</name>
         <load_address>0x6034</load_address>
         <run_address>0x6034</run_address>
         <size>0x86</size>
         <input_file_ref idref="fl-42"/>
      </object_component>
      <object_component id="oc-31d">
         <name>.debug_info</name>
         <load_address>0x60ba</load_address>
         <run_address>0x60ba</run_address>
         <size>0x39</size>
         <input_file_ref idref="fl-42"/>
      </object_component>
      <object_component id="oc-32d">
         <name>.debug_info</name>
         <load_address>0x60f3</load_address>
         <run_address>0x60f3</run_address>
         <size>0x163</size>
         <input_file_ref idref="fl-43"/>
      </object_component>
      <object_component id="oc-313">
         <name>.debug_info</name>
         <load_address>0x6256</load_address>
         <run_address>0x6256</run_address>
         <size>0x1ab</size>
         <input_file_ref idref="fl-43"/>
      </object_component>
      <object_component id="oc-325">
         <name>.debug_info</name>
         <load_address>0x6401</load_address>
         <run_address>0x6401</run_address>
         <size>0x162</size>
         <input_file_ref idref="fl-44"/>
      </object_component>
      <object_component id="oc-303">
         <name>.debug_info</name>
         <load_address>0x6563</load_address>
         <run_address>0x6563</run_address>
         <size>0x25a</size>
         <input_file_ref idref="fl-44"/>
      </object_component>
      <object_component id="oc-301">
         <name>.debug_info</name>
         <load_address>0x67bd</load_address>
         <run_address>0x67bd</run_address>
         <size>0x157</size>
         <input_file_ref idref="fl-45"/>
      </object_component>
      <object_component id="oc-2e7">
         <name>.debug_info</name>
         <load_address>0x6914</load_address>
         <run_address>0x6914</run_address>
         <size>0x215</size>
         <input_file_ref idref="fl-45"/>
      </object_component>
      <object_component id="oc-376">
         <name>.debug_info</name>
         <load_address>0x6b29</load_address>
         <run_address>0x6b29</run_address>
         <size>0x9a</size>
      </object_component>
      <object_component id="oc-28e">
         <name>.debug_line</name>
         <load_address>0x0</load_address>
         <run_address>0x0</run_address>
         <size>0x4a</size>
         <input_file_ref idref="fl-2"/>
      </object_component>
      <object_component id="oc-1bf">
         <name>.debug_line</name>
         <load_address>0x4a</load_address>
         <run_address>0x4a</run_address>
         <size>0x55</size>
         <input_file_ref idref="fl-2"/>
      </object_component>
      <object_component id="oc-1b5">
         <name>.debug_line</name>
         <load_address>0x9f</load_address>
         <run_address>0x9f</run_address>
         <size>0x5b</size>
         <input_file_ref idref="fl-2"/>
      </object_component>
      <object_component id="oc-1ac">
         <name>.debug_line</name>
         <load_address>0xfa</load_address>
         <run_address>0xfa</run_address>
         <size>0x54</size>
         <input_file_ref idref="fl-2"/>
      </object_component>
      <object_component id="oc-1b2">
         <name>.debug_line</name>
         <load_address>0x14e</load_address>
         <run_address>0x14e</run_address>
         <size>0x53</size>
         <input_file_ref idref="fl-2"/>
      </object_component>
      <object_component id="oc-153">
         <name>.debug_line</name>
         <load_address>0x1a1</load_address>
         <run_address>0x1a1</run_address>
         <size>0x68</size>
         <input_file_ref idref="fl-2"/>
      </object_component>
      <object_component id="oc-282">
         <name>.debug_line</name>
         <load_address>0x209</load_address>
         <run_address>0x209</run_address>
         <size>0x80</size>
         <input_file_ref idref="fl-2"/>
      </object_component>
      <object_component id="oc-cd">
         <name>.debug_line</name>
         <load_address>0x289</load_address>
         <run_address>0x289</run_address>
         <size>0x20</size>
         <input_file_ref idref="fl-2"/>
      </object_component>
      <object_component id="oc-2c1">
         <name>.debug_line</name>
         <load_address>0x2a9</load_address>
         <run_address>0x2a9</run_address>
         <size>0x84</size>
         <input_file_ref idref="fl-2"/>
      </object_component>
      <object_component id="oc-133">
         <name>.debug_line</name>
         <load_address>0x32d</load_address>
         <run_address>0x32d</run_address>
         <size>0x7c</size>
         <input_file_ref idref="fl-2"/>
      </object_component>
      <object_component id="oc-2f7">
         <name>.debug_line</name>
         <load_address>0x3a9</load_address>
         <run_address>0x3a9</run_address>
         <size>0x7c</size>
         <input_file_ref idref="fl-2"/>
      </object_component>
      <object_component id="oc-27e">
         <name>.debug_line</name>
         <load_address>0x425</load_address>
         <run_address>0x425</run_address>
         <size>0xc4</size>
         <input_file_ref idref="fl-3"/>
      </object_component>
      <object_component id="oc-213">
         <name>.debug_line</name>
         <load_address>0x4e9</load_address>
         <run_address>0x4e9</run_address>
         <size>0x4b</size>
         <input_file_ref idref="fl-3"/>
      </object_component>
      <object_component id="oc-217">
         <name>.debug_line</name>
         <load_address>0x534</load_address>
         <run_address>0x534</run_address>
         <size>0x4d</size>
         <input_file_ref idref="fl-3"/>
      </object_component>
      <object_component id="oc-223">
         <name>.debug_line</name>
         <load_address>0x581</load_address>
         <run_address>0x581</run_address>
         <size>0x4e</size>
         <input_file_ref idref="fl-3"/>
      </object_component>
      <object_component id="oc-1a0">
         <name>.debug_line</name>
         <load_address>0x5cf</load_address>
         <run_address>0x5cf</run_address>
         <size>0x51</size>
         <input_file_ref idref="fl-3"/>
      </object_component>
      <object_component id="oc-233">
         <name>.debug_line</name>
         <load_address>0x620</load_address>
         <run_address>0x620</run_address>
         <size>0x48</size>
         <input_file_ref idref="fl-3"/>
      </object_component>
      <object_component id="oc-193">
         <name>.debug_line</name>
         <load_address>0x668</load_address>
         <run_address>0x668</run_address>
         <size>0x48</size>
         <input_file_ref idref="fl-3"/>
      </object_component>
      <object_component id="oc-18d">
         <name>.debug_line</name>
         <load_address>0x6b0</load_address>
         <run_address>0x6b0</run_address>
         <size>0x4e</size>
         <input_file_ref idref="fl-3"/>
      </object_component>
      <object_component id="oc-1a6">
         <name>.debug_line</name>
         <load_address>0x6fe</load_address>
         <run_address>0x6fe</run_address>
         <size>0x4e</size>
         <input_file_ref idref="fl-3"/>
      </object_component>
      <object_component id="oc-199">
         <name>.debug_line</name>
         <load_address>0x74c</load_address>
         <run_address>0x74c</run_address>
         <size>0x55</size>
         <input_file_ref idref="fl-3"/>
      </object_component>
      <object_component id="oc-22b">
         <name>.debug_line</name>
         <load_address>0x7a1</load_address>
         <run_address>0x7a1</run_address>
         <size>0x50</size>
         <input_file_ref idref="fl-3"/>
      </object_component>
      <object_component id="oc-26c">
         <name>.debug_line</name>
         <load_address>0x7f1</load_address>
         <run_address>0x7f1</run_address>
         <size>0x69</size>
         <input_file_ref idref="fl-4"/>
      </object_component>
      <object_component id="oc-178">
         <name>.debug_line</name>
         <load_address>0x85a</load_address>
         <run_address>0x85a</run_address>
         <size>0x39</size>
         <input_file_ref idref="fl-4"/>
      </object_component>
      <object_component id="oc-17f">
         <name>.debug_line</name>
         <load_address>0x893</load_address>
         <run_address>0x893</run_address>
         <size>0x39</size>
         <input_file_ref idref="fl-4"/>
      </object_component>
      <object_component id="oc-202">
         <name>.debug_line</name>
         <load_address>0x8cc</load_address>
         <run_address>0x8cc</run_address>
         <size>0x55</size>
         <input_file_ref idref="fl-4"/>
      </object_component>
      <object_component id="oc-272">
         <name>.debug_line</name>
         <load_address>0x921</load_address>
         <run_address>0x921</run_address>
         <size>0x61</size>
         <input_file_ref idref="fl-4"/>
      </object_component>
      <object_component id="oc-20c">
         <name>.debug_line</name>
         <load_address>0x982</load_address>
         <run_address>0x982</run_address>
         <size>0x51</size>
         <input_file_ref idref="fl-4"/>
      </object_component>
      <object_component id="oc-187">
         <name>.debug_line</name>
         <load_address>0x9d3</load_address>
         <run_address>0x9d3</run_address>
         <size>0x66</size>
         <input_file_ref idref="fl-4"/>
      </object_component>
      <object_component id="oc-e5">
         <name>.debug_line</name>
         <load_address>0xa39</load_address>
         <run_address>0xa39</run_address>
         <size>0x5d</size>
         <input_file_ref idref="fl-4"/>
      </object_component>
      <object_component id="oc-17c">
         <name>.debug_line</name>
         <load_address>0xa96</load_address>
         <run_address>0xa96</run_address>
         <size>0x39</size>
         <input_file_ref idref="fl-4"/>
      </object_component>
      <object_component id="oc-277">
         <name>.debug_line</name>
         <load_address>0xacf</load_address>
         <run_address>0xacf</run_address>
         <size>0x4e</size>
         <input_file_ref idref="fl-1f"/>
      </object_component>
      <object_component id="oc-32a">
         <name>.debug_line</name>
         <load_address>0xb1d</load_address>
         <run_address>0xb1d</run_address>
         <size>0x43</size>
         <input_file_ref idref="fl-21"/>
      </object_component>
      <object_component id="oc-c3">
         <name>.debug_line</name>
         <load_address>0xb60</load_address>
         <run_address>0xb60</run_address>
         <size>0x40</size>
         <input_file_ref idref="fl-22"/>
      </object_component>
      <object_component id="oc-e0">
         <name>.debug_line</name>
         <load_address>0xba0</load_address>
         <run_address>0xba0</run_address>
         <size>0x3d</size>
         <input_file_ref idref="fl-2f"/>
      </object_component>
      <object_component id="oc-2b1">
         <name>.debug_line</name>
         <load_address>0xbdd</load_address>
         <run_address>0xbdd</run_address>
         <size>0x42</size>
         <input_file_ref idref="fl-30"/>
      </object_component>
      <object_component id="oc-124">
         <name>.debug_line</name>
         <load_address>0xc1f</load_address>
         <run_address>0xc1f</run_address>
         <size>0x2a</size>
         <input_file_ref idref="fl-31"/>
      </object_component>
      <object_component id="oc-fe">
         <name>.debug_line</name>
         <load_address>0xc49</load_address>
         <run_address>0xc49</run_address>
         <size>0x46</size>
         <input_file_ref idref="fl-31"/>
      </object_component>
      <object_component id="oc-2a5">
         <name>.debug_line</name>
         <load_address>0xc8f</load_address>
         <run_address>0xc8f</run_address>
         <size>0xb7</size>
         <input_file_ref idref="fl-32"/>
      </object_component>
      <object_component id="oc-1d2">
         <name>.debug_line</name>
         <load_address>0xd46</load_address>
         <run_address>0xd46</run_address>
         <size>0x76</size>
         <input_file_ref idref="fl-32"/>
      </object_component>
      <object_component id="oc-2a9">
         <name>.debug_line</name>
         <load_address>0xdbc</load_address>
         <run_address>0xdbc</run_address>
         <size>0x2e</size>
         <input_file_ref idref="fl-32"/>
      </object_component>
      <object_component id="oc-2ba">
         <name>.debug_line</name>
         <load_address>0xdea</load_address>
         <run_address>0xdea</run_address>
         <size>0x92</size>
         <input_file_ref idref="fl-32"/>
      </object_component>
      <object_component id="oc-25f">
         <name>.debug_line</name>
         <load_address>0xe7c</load_address>
         <run_address>0xe7c</run_address>
         <size>0x8f</size>
         <input_file_ref idref="fl-32"/>
      </object_component>
      <object_component id="oc-2ae">
         <name>.debug_line</name>
         <load_address>0xf0b</load_address>
         <run_address>0xf0b</run_address>
         <size>0x8b</size>
         <input_file_ref idref="fl-32"/>
      </object_component>
      <object_component id="oc-150">
         <name>.debug_line</name>
         <load_address>0xf96</load_address>
         <run_address>0xf96</run_address>
         <size>0x3e</size>
         <input_file_ref idref="fl-36"/>
      </object_component>
      <object_component id="oc-24b">
         <name>.debug_line</name>
         <load_address>0xfd4</load_address>
         <run_address>0xfd4</run_address>
         <size>0x3a</size>
         <input_file_ref idref="fl-37"/>
      </object_component>
      <object_component id="oc-13b">
         <name>.debug_line</name>
         <load_address>0x100e</load_address>
         <run_address>0x100e</run_address>
         <size>0x20</size>
         <input_file_ref idref="fl-38"/>
      </object_component>
      <object_component id="oc-3b">
         <name>.debug_line</name>
         <load_address>0x102e</load_address>
         <run_address>0x102e</run_address>
         <size>0x50</size>
         <input_file_ref idref="fl-38"/>
      </object_component>
      <object_component id="oc-d9">
         <name>.debug_line</name>
         <load_address>0x107e</load_address>
         <run_address>0x107e</run_address>
         <size>0x3a</size>
         <input_file_ref idref="fl-38"/>
      </object_component>
      <object_component id="oc-138">
         <name>.debug_line</name>
         <load_address>0x10b8</load_address>
         <run_address>0x10b8</run_address>
         <size>0x8a</size>
         <input_file_ref idref="fl-38"/>
      </object_component>
      <object_component id="oc-174">
         <name>.debug_line</name>
         <load_address>0x1142</load_address>
         <run_address>0x1142</run_address>
         <size>0x20</size>
         <input_file_ref idref="fl-39"/>
      </object_component>
      <object_component id="oc-35">
         <name>.debug_line</name>
         <load_address>0x1162</load_address>
         <run_address>0x1162</run_address>
         <size>0x92</size>
         <input_file_ref idref="fl-39"/>
      </object_component>
      <object_component id="oc-c8">
         <name>.debug_line</name>
         <load_address>0x11f4</load_address>
         <run_address>0x11f4</run_address>
         <size>0x3a</size>
         <input_file_ref idref="fl-39"/>
      </object_component>
      <object_component id="oc-171">
         <name>.debug_line</name>
         <load_address>0x122e</load_address>
         <run_address>0x122e</run_address>
         <size>0x92</size>
         <input_file_ref idref="fl-39"/>
      </object_component>
      <object_component id="oc-12b">
         <name>.debug_line</name>
         <load_address>0x12c0</load_address>
         <run_address>0x12c0</run_address>
         <size>0x8e</size>
         <input_file_ref idref="fl-39"/>
      </object_component>
      <object_component id="oc-1c3">
         <name>.debug_line</name>
         <load_address>0x134e</load_address>
         <run_address>0x134e</run_address>
         <size>0x3d</size>
         <input_file_ref idref="fl-3a"/>
      </object_component>
      <object_component id="oc-176">
         <name>.debug_line</name>
         <load_address>0x138b</load_address>
         <run_address>0x138b</run_address>
         <size>0x20</size>
         <input_file_ref idref="fl-3d"/>
      </object_component>
      <object_component id="oc-d3">
         <name>.debug_line</name>
         <load_address>0x13ab</load_address>
         <run_address>0x13ab</run_address>
         <size>0x42</size>
         <input_file_ref idref="fl-3d"/>
      </object_component>
      <object_component id="oc-2ff">
         <name>.debug_line</name>
         <load_address>0x13ed</load_address>
         <run_address>0x13ed</run_address>
         <size>0x2d</size>
         <input_file_ref idref="fl-3e"/>
      </object_component>
      <object_component id="oc-28a">
         <name>.debug_line</name>
         <load_address>0x141a</load_address>
         <run_address>0x141a</run_address>
         <size>0x47</size>
         <input_file_ref idref="fl-3e"/>
      </object_component>
      <object_component id="oc-2c8">
         <name>.debug_line</name>
         <load_address>0x1461</load_address>
         <run_address>0x1461</run_address>
         <size>0x42</size>
         <input_file_ref idref="fl-3e"/>
      </object_component>
      <object_component id="oc-2cd">
         <name>.debug_line</name>
         <load_address>0x14a3</load_address>
         <run_address>0x14a3</run_address>
         <size>0x3d</size>
         <input_file_ref idref="fl-3e"/>
      </object_component>
      <object_component id="oc-31b">
         <name>.debug_line</name>
         <load_address>0x14e0</load_address>
         <run_address>0x14e0</run_address>
         <size>0x89</size>
         <input_file_ref idref="fl-3e"/>
      </object_component>
      <object_component id="oc-b9">
         <name>.debug_line</name>
         <load_address>0x1569</load_address>
         <run_address>0x1569</run_address>
         <size>0x4e</size>
         <input_file_ref idref="fl-3f"/>
      </object_component>
      <object_component id="oc-be">
         <name>.debug_line</name>
         <load_address>0x15b7</load_address>
         <run_address>0x15b7</run_address>
         <size>0x5e</size>
         <input_file_ref idref="fl-40"/>
      </object_component>
      <object_component id="oc-317">
         <name>.debug_line</name>
         <load_address>0x1615</load_address>
         <run_address>0x1615</run_address>
         <size>0x98</size>
         <input_file_ref idref="fl-42"/>
      </object_component>
      <object_component id="oc-30d">
         <name>.debug_line</name>
         <load_address>0x16ad</load_address>
         <run_address>0x16ad</run_address>
         <size>0x11c</size>
         <input_file_ref idref="fl-42"/>
      </object_component>
      <object_component id="oc-2f0">
         <name>.debug_line</name>
         <load_address>0x17c9</load_address>
         <run_address>0x17c9</run_address>
         <size>0x97</size>
         <input_file_ref idref="fl-42"/>
      </object_component>
      <object_component id="oc-2d3">
         <name>.debug_line</name>
         <load_address>0x1860</load_address>
         <run_address>0x1860</run_address>
         <size>0xa1</size>
         <input_file_ref idref="fl-42"/>
      </object_component>
      <object_component id="oc-2fc">
         <name>.debug_line</name>
         <load_address>0x1901</load_address>
         <run_address>0x1901</run_address>
         <size>0x8a</size>
         <input_file_ref idref="fl-42"/>
      </object_component>
      <object_component id="oc-320">
         <name>.debug_line</name>
         <load_address>0x198b</load_address>
         <run_address>0x198b</run_address>
         <size>0x2e</size>
         <input_file_ref idref="fl-42"/>
      </object_component>
      <object_component id="oc-332">
         <name>.debug_line</name>
         <load_address>0x19b9</load_address>
         <run_address>0x19b9</run_address>
         <size>0x20</size>
         <input_file_ref idref="fl-43"/>
      </object_component>
      <object_component id="oc-310">
         <name>.debug_line</name>
         <load_address>0x19d9</load_address>
         <run_address>0x19d9</run_address>
         <size>0x48</size>
         <input_file_ref idref="fl-43"/>
      </object_component>
      <object_component id="oc-32f">
         <name>.debug_line</name>
         <load_address>0x1a21</load_address>
         <run_address>0x1a21</run_address>
         <size>0x20</size>
         <input_file_ref idref="fl-44"/>
      </object_component>
      <object_component id="oc-306">
         <name>.debug_line</name>
         <load_address>0x1a41</load_address>
         <run_address>0x1a41</run_address>
         <size>0xa6</size>
         <input_file_ref idref="fl-44"/>
      </object_component>
      <object_component id="oc-323">
         <name>.debug_line</name>
         <load_address>0x1ae7</load_address>
         <run_address>0x1ae7</run_address>
         <size>0x20</size>
         <input_file_ref idref="fl-45"/>
      </object_component>
      <object_component id="oc-2ea">
         <name>.debug_line</name>
         <load_address>0x1b07</load_address>
         <run_address>0x1b07</run_address>
         <size>0xa4</size>
         <input_file_ref idref="fl-45"/>
      </object_component>
      <object_component id="oc-1be">
         <name>.debug_frame</name>
         <load_address>0x0</load_address>
         <run_address>0x0</run_address>
         <size>0x44</size>
         <input_file_ref idref="fl-2"/>
      </object_component>
      <object_component id="oc-1b9">
         <name>.debug_frame</name>
         <load_address>0x44</load_address>
         <run_address>0x44</run_address>
         <size>0x44</size>
         <input_file_ref idref="fl-2"/>
      </object_component>
      <object_component id="oc-1ad">
         <name>.debug_frame</name>
         <load_address>0x88</load_address>
         <run_address>0x88</run_address>
         <size>0x40</size>
         <input_file_ref idref="fl-2"/>
      </object_component>
      <object_component id="oc-1b3">
         <name>.debug_frame</name>
         <load_address>0xc8</load_address>
         <run_address>0xc8</run_address>
         <size>0x40</size>
         <input_file_ref idref="fl-2"/>
      </object_component>
      <object_component id="oc-157">
         <name>.debug_frame</name>
         <load_address>0x108</load_address>
         <run_address>0x108</run_address>
         <size>0x40</size>
         <input_file_ref idref="fl-2"/>
      </object_component>
      <object_component id="oc-214">
         <name>.debug_frame</name>
         <load_address>0x148</load_address>
         <run_address>0x148</run_address>
         <size>0x3c</size>
         <input_file_ref idref="fl-3"/>
      </object_component>
      <object_component id="oc-21b">
         <name>.debug_frame</name>
         <load_address>0x184</load_address>
         <run_address>0x184</run_address>
         <size>0x3c</size>
         <input_file_ref idref="fl-3"/>
      </object_component>
      <object_component id="oc-222">
         <name>.debug_frame</name>
         <load_address>0x1c0</load_address>
         <run_address>0x1c0</run_address>
         <size>0x3c</size>
         <input_file_ref idref="fl-3"/>
      </object_component>
      <object_component id="oc-1a1">
         <name>.debug_frame</name>
         <load_address>0x1fc</load_address>
         <run_address>0x1fc</run_address>
         <size>0x3c</size>
         <input_file_ref idref="fl-3"/>
      </object_component>
      <object_component id="oc-234">
         <name>.debug_frame</name>
         <load_address>0x238</load_address>
         <run_address>0x238</run_address>
         <size>0x40</size>
         <input_file_ref idref="fl-3"/>
      </object_component>
      <object_component id="oc-194">
         <name>.debug_frame</name>
         <load_address>0x278</load_address>
         <run_address>0x278</run_address>
         <size>0x3c</size>
         <input_file_ref idref="fl-3"/>
      </object_component>
      <object_component id="oc-18e">
         <name>.debug_frame</name>
         <load_address>0x2b4</load_address>
         <run_address>0x2b4</run_address>
         <size>0x3c</size>
         <input_file_ref idref="fl-3"/>
      </object_component>
      <object_component id="oc-1a7">
         <name>.debug_frame</name>
         <load_address>0x2f0</load_address>
         <run_address>0x2f0</run_address>
         <size>0x3c</size>
         <input_file_ref idref="fl-3"/>
      </object_component>
      <object_component id="oc-19a">
         <name>.debug_frame</name>
         <load_address>0x32c</load_address>
         <run_address>0x32c</run_address>
         <size>0x3c</size>
         <input_file_ref idref="fl-3"/>
      </object_component>
      <object_component id="oc-22c">
         <name>.debug_frame</name>
         <load_address>0x368</load_address>
         <run_address>0x368</run_address>
         <size>0x3c</size>
         <input_file_ref idref="fl-3"/>
      </object_component>
      <object_component id="oc-206">
         <name>.debug_frame</name>
         <load_address>0x3a4</load_address>
         <run_address>0x3a4</run_address>
         <size>0x3c</size>
         <input_file_ref idref="fl-4"/>
      </object_component>
      <object_component id="oc-273">
         <name>.debug_frame</name>
         <load_address>0x3e0</load_address>
         <run_address>0x3e0</run_address>
         <size>0x3c</size>
         <input_file_ref idref="fl-4"/>
      </object_component>
      <object_component id="oc-20d">
         <name>.debug_frame</name>
         <load_address>0x41c</load_address>
         <run_address>0x41c</run_address>
         <size>0x3c</size>
         <input_file_ref idref="fl-4"/>
      </object_component>
      <object_component id="oc-188">
         <name>.debug_frame</name>
         <load_address>0x458</load_address>
         <run_address>0x458</run_address>
         <size>0x3c</size>
         <input_file_ref idref="fl-4"/>
      </object_component>
      <object_component id="oc-e6">
         <name>.debug_frame</name>
         <load_address>0x494</load_address>
         <run_address>0x494</run_address>
         <size>0x4c</size>
         <input_file_ref idref="fl-4"/>
      </object_component>
      <object_component id="oc-fd">
         <name>.debug_frame</name>
         <load_address>0x4e0</load_address>
         <run_address>0x4e0</run_address>
         <size>0x34</size>
         <input_file_ref idref="fl-31"/>
      </object_component>
      <object_component id="oc-1d1">
         <name>.debug_frame</name>
         <load_address>0x514</load_address>
         <run_address>0x514</run_address>
         <size>0x44</size>
         <input_file_ref idref="fl-32"/>
      </object_component>
      <object_component id="oc-151">
         <name>.debug_frame</name>
         <load_address>0x558</load_address>
         <run_address>0x558</run_address>
         <size>0x3c</size>
         <input_file_ref idref="fl-36"/>
      </object_component>
      <object_component id="oc-24f">
         <name>.debug_frame</name>
         <load_address>0x594</load_address>
         <run_address>0x594</run_address>
         <size>0x3c</size>
         <input_file_ref idref="fl-37"/>
      </object_component>
      <object_component id="oc-3f">
         <name>.debug_frame</name>
         <load_address>0x5d0</load_address>
         <run_address>0x5d0</run_address>
         <size>0x3c</size>
         <input_file_ref idref="fl-38"/>
      </object_component>
      <object_component id="oc-36">
         <name>.debug_frame</name>
         <load_address>0x60c</load_address>
         <run_address>0x60c</run_address>
         <size>0x48</size>
         <input_file_ref idref="fl-39"/>
      </object_component>
      <object_component id="oc-1c6">
         <name>.debug_frame</name>
         <load_address>0x654</load_address>
         <run_address>0x654</run_address>
         <size>0x3c</size>
         <input_file_ref idref="fl-3a"/>
      </object_component>
      <object_component id="oc-d4">
         <name>.debug_frame</name>
         <load_address>0x690</load_address>
         <run_address>0x690</run_address>
         <size>0x3c</size>
         <input_file_ref idref="fl-3d"/>
      </object_component>
      <object_component id="oc-28b">
         <name>.debug_frame</name>
         <load_address>0x6cc</load_address>
         <run_address>0x6cc</run_address>
         <size>0x40</size>
         <input_file_ref idref="fl-3e"/>
      </object_component>
      <object_component id="oc-2c7">
         <name>.debug_frame</name>
         <load_address>0x70c</load_address>
         <run_address>0x70c</run_address>
         <size>0x44</size>
         <input_file_ref idref="fl-3e"/>
      </object_component>
      <object_component id="oc-2ce">
         <name>.debug_frame</name>
         <load_address>0x750</load_address>
         <run_address>0x750</run_address>
         <size>0x3c</size>
         <input_file_ref idref="fl-3e"/>
      </object_component>
      <object_component id="oc-30e">
         <name>.debug_frame</name>
         <load_address>0x78c</load_address>
         <run_address>0x78c</run_address>
         <size>0x4c</size>
         <input_file_ref idref="fl-42"/>
      </object_component>
      <object_component id="oc-2f1">
         <name>.debug_frame</name>
         <load_address>0x7d8</load_address>
         <run_address>0x7d8</run_address>
         <size>0x5c</size>
         <input_file_ref idref="fl-42"/>
      </object_component>
      <object_component id="oc-2d4">
         <name>.debug_frame</name>
         <load_address>0x834</load_address>
         <run_address>0x834</run_address>
         <size>0x64</size>
         <input_file_ref idref="fl-42"/>
      </object_component>
      <object_component id="oc-311">
         <name>.debug_frame</name>
         <load_address>0x898</load_address>
         <run_address>0x898</run_address>
         <size>0x3c</size>
         <input_file_ref idref="fl-43"/>
      </object_component>
      <object_component id="oc-307">
         <name>.debug_frame</name>
         <load_address>0x8d4</load_address>
         <run_address>0x8d4</run_address>
         <size>0x3c</size>
         <input_file_ref idref="fl-44"/>
      </object_component>
      <object_component id="oc-2eb">
         <name>.debug_frame</name>
         <load_address>0x910</load_address>
         <run_address>0x910</run_address>
         <size>0x3c</size>
         <input_file_ref idref="fl-45"/>
      </object_component>
      <object_component id="oc-28d">
         <name>.debug_abbrev</name>
         <load_address>0x0</load_address>
         <run_address>0x0</run_address>
         <size>0x91</size>
         <input_file_ref idref="fl-2"/>
      </object_component>
      <object_component id="oc-236">
         <name>.debug_abbrev</name>
         <load_address>0x91</load_address>
         <run_address>0x91</run_address>
         <size>0x7a</size>
         <input_file_ref idref="fl-2"/>
      </object_component>
      <object_component id="oc-235">
         <name>.debug_abbrev</name>
         <load_address>0x10b</load_address>
         <run_address>0x10b</run_address>
         <size>0x6c</size>
         <input_file_ref idref="fl-2"/>
      </object_component>
      <object_component id="oc-22d">
         <name>.debug_abbrev</name>
         <load_address>0x177</load_address>
         <run_address>0x177</run_address>
         <size>0x5e</size>
         <input_file_ref idref="fl-2"/>
      </object_component>
      <object_component id="oc-22e">
         <name>.debug_abbrev</name>
         <load_address>0x1d5</load_address>
         <run_address>0x1d5</run_address>
         <size>0x5e</size>
         <input_file_ref idref="fl-2"/>
      </object_component>
      <object_component id="oc-1c0">
         <name>.debug_abbrev</name>
         <load_address>0x233</load_address>
         <run_address>0x233</run_address>
         <size>0x54</size>
         <input_file_ref idref="fl-2"/>
      </object_component>
      <object_component id="oc-281">
         <name>.debug_abbrev</name>
         <load_address>0x287</load_address>
         <run_address>0x287</run_address>
         <size>0x69</size>
         <input_file_ref idref="fl-2"/>
      </object_component>
      <object_component id="oc-cc">
         <name>.debug_abbrev</name>
         <load_address>0x2f0</load_address>
         <run_address>0x2f0</run_address>
         <size>0x1f</size>
         <input_file_ref idref="fl-2"/>
      </object_component>
      <object_component id="oc-2c0">
         <name>.debug_abbrev</name>
         <load_address>0x30f</load_address>
         <run_address>0x30f</run_address>
         <size>0x35</size>
         <input_file_ref idref="fl-2"/>
      </object_component>
      <object_component id="oc-132">
         <name>.debug_abbrev</name>
         <load_address>0x344</load_address>
         <run_address>0x344</run_address>
         <size>0x24</size>
         <input_file_ref idref="fl-2"/>
      </object_component>
      <object_component id="oc-2f6">
         <name>.debug_abbrev</name>
         <load_address>0x368</load_address>
         <run_address>0x368</run_address>
         <size>0x24</size>
         <input_file_ref idref="fl-2"/>
[...]
         <value>0x10f9</value>
      </symbol>
      <symbol id="sm-58">
         <name>CALDCO_12MHZ</name>
         <value>0x10fa</value>
      </symbol>
      <symbol id="sm-59">
         <name>CALBC1_12MHZ</name>
         <value>0x10fb</value>
      </symbol>
      <symbol id="sm-5a">
         <name>CALDCO_8MHZ</name>
         <value>0x10fc</value>
      </symbol>
      <symbol id="sm-5b">
         <name>CALBC1_8MHZ</name>
         <value>0x10fd</value>
      </symbol>
      <symbol id="sm-5c">
         <name>CALDCO_1MHZ</name>
         <value>0x10fe</value>
      </symbol>
      <symbol id="sm-5d">
         <name>CALBC1_1MHZ</name>
         <value>0x10ff</value>
      </symbol>
      <symbol id="sm-5e">
         <name>TLV_CHECKSUM</name>
         <value>0x10c0</value>
      </symbol>
      <symbol id="sm-5f">
         <name>TLV_DCO_30_TAG</name>
         <value>0x10f6</value>
      </symbol>
      <symbol id="sm-60">
         <name>TLV_DCO_30_LEN</name>
         <value>0x10f7</value>
      </symbol>
      <symbol id="sm-61">
         <name>TLV_ADC10_1_TAG</name>
         <value>0x10da</value>
      </symbol>
      <symbol id="sm-62">
         <name>TLV_ADC10_1_LEN</name>
         <value>0x10db</value>
      </symbol>
      <symbol id="sm-63">
         <name>__TI_CINIT_Base</name>
         <value>0xcbfc</value>
      </symbol>
      <symbol id="sm-64">
         <name>__TI_CINIT_Limit</name>
         <value>0xcc00</value>
      </symbol>
      <symbol id="sm-65">
         <name>__TI_Handler_Table_Base</name>
         <value>0xcbf8</value>
      </symbol>
      <symbol id="sm-66">
         <name>__TI_Handler_Table_Limit</name>
         <value>0xcbfc</value>
      </symbol>
      <symbol id="sm-67">
         <name>__STACK_SIZE</name>
         <value>0x50</value>
      </symbol>
      <symbol id="sm-68">
         <name>__STACK_END</name>
         <value>0x400</value>
      </symbol>
      <symbol id="sm-69">
         <name>__c_args__</name>
         <value>0xffffffff</value>
      </symbol>
      <symbol id="sm-6a">
         <name>__TI_pprof_out_hndl</name>
         <value>0xffffffff</value>
      </symbol>
      <symbol id="sm-6b">
         <name>__TI_prof_data_start</name>
         <value>0xffffffff</value>
      </symbol>
      <symbol id="sm-6c">
         <name>__TI_prof_data_size</name>
         <value>0xffffffff</value>
      </symbol>
      <symbol id="sm-fc">
         <name>numfunc</name>
         <value>0xc52e</value>
         <object_component_ref idref="oc-1b4"/>
      </symbol>
      <symbol id="sm-fd">
         <name>main</name>
         <value>0xc116</value>
         <object_component_ref idref="oc-152"/>
      </symbol>
      <symbol id="sm-fe">
         <name>shift</name>
         <value>0xc73c</value>
         <object_component_ref idref="oc-1ba"/>
      </symbol>
      <symbol id="sm-ff">
         <name>cursorfunc</name>
         <value>0xc3ce</value>
         <object_component_ref idref="oc-1a8"/>
      </symbol>
      <symbol id="sm-100">
         <name>charfunc</name>
         <value>0xc482</value>
         <object_component_ref idref="oc-1ae"/>
      </symbol>
      <symbol id="sm-15e">
         <name>lcd_cursorSet</name>
         <value>0xc8d2</value>
         <object_component_ref idref="oc-195"/>
      </symbol>
      <symbol id="sm-15f">
         <name>lcd_putText</name>
         <value>0xc9a6</value>
         <object_component_ref idref="oc-19c"/>
      </symbol>
      <symbol id="sm-160">
         <name>lcdcontrol</name>
         <value>0xc6ea</value>
         <object_component_ref idref="oc-216"/>
      </symbol>
      <symbol id="sm-161">
         <name>lcd_cursorBlink</name>
         <value>0xc9e6</value>
         <object_component_ref idref="oc-227"/>
      </symbol>
      <symbol id="sm-162">
         <name>lcd_enable</name>
         <value>0xcaee</value>
         <object_component_ref idref="oc-20f"/>
      </symbol>
      <symbol id="sm-163">
         <name>lcd_putNumber</name>
         <value>0xc982</value>
         <object_component_ref idref="oc-22f"/>
      </symbol>
      <symbol id="sm-164">
         <name>lcd_clear</name>
         <value>0xcb0e</value>
         <object_component_ref idref="oc-18f"/>
      </symbol>
      <symbol id="sm-165">
         <name>lcd_cursorShow</name>
         <value>0xca02</value>
         <object_component_ref idref="oc-1a2"/>
      </symbol>
      <symbol id="sm-166">
         <name>lcd_putChar</name>
         <value>0xc696</value>
         <object_component_ref idref="oc-21e"/>
      </symbol>
      <symbol id="sm-167">
         <name>lcd_init</name>
         <value>0xc85a</value>
         <object_component_ref idref="oc-189"/>
      </symbol>
      <symbol id="sm-1ac">
         <name>USCI0RX_ISR</name>
         <value>0xc7d6</value>
         <object_component_ref idref="oc-e1"/>
      </symbol>
      <symbol id="sm-1ad">
         <name>initMSP</name>
         <value>0xc638</value>
         <object_component_ref idref="oc-183"/>
      </symbol>
      <symbol id="sm-1ae">
         <name>__TI_int07</name>
         <value>0xffee</value>
         <object_component_ref idref="oc-45"/>
      </symbol>
      <symbol id="sm-1af">
         <name>serialPrintln</name>
         <value>0xca68</value>
         <object_component_ref idref="oc-208"/>
      </symbol>
      <symbol id="sm-1b0">
         <name>echoBack</name>
         <value>0x223</value>
         <object_component_ref idref="oc-140"/>
      </symbol>
      <symbol id="sm-1b1">
         <name>ringBuffer</name>
         <value>0x200</value>
         <object_component_ref idref="oc-13d"/>
      </symbol>
      <symbol id="sm-1b2">
         <name>serialWrite</name>
         <value>0xcadc</value>
         <object_component_ref idref="oc-201"/>
      </symbol>
      <symbol id="sm-1b3">
         <name>serialPrint</name>
         <value>0xc958</value>
         <object_component_ref idref="oc-26e"/>
      </symbol>
      <symbol id="sm-1bb">
         <name>__mspabi_srai</name>
         <value>0xc900</value>
         <object_component_ref idref="oc-276"/>
      </symbol>
      <symbol id="sm-1bc">
         <name>__mspabi_srai_8</name>
         <value>0xc91a</value>
         <object_component_ref idref="oc-276"/>
      </symbol>
      <symbol id="sm-1bd">
         <name>__mspabi_srai_9</name>
         <value>0xc918</value>
         <object_component_ref idref="oc-276"/>
      </symbol>
      <symbol id="sm-1be">
         <name>__mspabi_srai_6</name>
         <value>0xc91e</value>
         <object_component_ref idref="oc-276"/>
      </symbol>
      <symbol id="sm-1bf">
         <name>__mspabi_srai_7</name>
         <value>0xc91c</value>
         <object_component_ref idref="oc-276"/>
      </symbol>
      <symbol id="sm-1c0">
         <name>__mspabi_srai_4</name>
         <value>0xc922</value>
         <object_component_ref idref="oc-276"/>
      </symbol>
      <symbol id="sm-1c1">
         <name>__mspabi_srai_5</name>
         <value>0xc920</value>
         <object_component_ref idref="oc-276"/>
      </symbol>
      <symbol id="sm-1c2">
         <name>__mspabi_srai_2</name>
         <value>0xc926</value>
         <object_component_ref idref="oc-276"/>
      </symbol>
      <symbol id="sm-1c3">
         <name>__mspabi_srai_3</name>
         <value>0xc924</value>
         <object_component_ref idref="oc-276"/>
      </symbol>
      <symbol id="sm-1c4">
         <name>__mspabi_srai_1</name>
         <value>0xc928</value>
         <object_component_ref idref="oc-276"/>
      </symbol>
      <symbol id="sm-1c5">
         <name>__mspabi_srai_15</name>
         <value>0xc90c</value>
         <object_component_ref idref="oc-276"/>
      </symbol>
      <symbol id="sm-1c6">
         <name>__mspabi_srai_14</name>
         <value>0xc90e</value>
         <object_component_ref idref="oc-276"/>
      </symbol>
      <symbol id="sm-1c7">
         <name>__mspabi_srai_13</name>
         <value>0xc910</value>
         <object_component_ref idref="oc-276"/>
      </symbol>
      <symbol id="sm-1c8">
         <name>__mspabi_srai_12</name>
         <value>0xc912</value>
         <object_component_ref idref="oc-276"/>
      </symbol>
      <symbol id="sm-1c9">
         <name>__mspabi_srai_11</name>
         <value>0xc914</value>
         <object_component_ref idref="oc-276"/>
      </symbol>
      <symbol id="sm-1ca">
         <name>__mspabi_srai_10</name>
         <value>0xc916</value>
         <object_component_ref idref="oc-276"/>
      </symbol>
      <symbol id="sm-1d5">
         <name>__mspabi_remu</name>
         <value>0xca52</value>
         <object_component_ref idref="oc-326"/>
      </symbol>
      <symbol id="sm-1d6">
         <name>__mspabi_divu</name>
         <value>0xca52</value>
         <object_component_ref idref="oc-326"/>
      </symbol>
      <symbol id="sm-1df">
         <name>__mspabi_func_epilog_2</name>
         <value>0xcb08</value>
         <object_component_ref idref="oc-bf"/>
      </symbol>
      <symbol id="sm-1e0">
         <name>__mspabi_func_epilog_3</name>
         <value>0xcb06</value>
         <object_component_ref idref="oc-bf"/>
      </symbol>
      <symbol id="sm-1e1">
         <name>__mspabi_func_epilog_1</name>
         <value>0xcb0a</value>
         <object_component_ref idref="oc-bf"/>
      </symbol>
      <symbol id="sm-1e2">
         <name>__mspabi_func_epilog_6</name>
         <value>0xcb00</value>
         <object_component_ref idref="oc-bf"/>
      </symbol>
      <symbol id="sm-1e3">
         <name>__mspabi_func_epilog_7</name>
         <value>0xcafe</value>
         <object_component_ref idref="oc-bf"/>
      </symbol>
      <symbol id="sm-1e4">
         <name>__mspabi_func_epilog_4</name>
         <value>0xcb04</value>
         <object_component_ref idref="oc-bf"/>
      </symbol>
      <symbol id="sm-1e5">
         <name>__mspabi_func_epilog_5</name>
         <value>0xcb02</value>
         <object_component_ref idref="oc-bf"/>
      </symbol>
      <symbol id="sm-1e8">
         <name>__TI_int00</name>
         <value>0xffe0</value>
         <object_component_ref idref="oc-40"/>
      </symbol>
      <symbol id="sm-1eb">
         <name>__TI_int02</name>
         <value>0xffe4</value>
         <object_component_ref idref="oc-41"/>
      </symbol>
      <symbol id="sm-1ee">
         <name>__TI_int03</name>
         <value>0xffe6</value>
         <object_component_ref idref="oc-42"/>
      </symbol>
      <symbol id="sm-1f1">
         <name>__TI_int05</name>
         <value>0xffea</value>
         <object_component_ref idref="oc-43"/>
      </symbol>
      <symbol id="sm-1f4">
         <name>__TI_int06</name>
         <value>0xffec</value>
         <object_component_ref idref="oc-44"/>
      </symbol>
      <symbol id="sm-1f7">
         <name>__TI_int08</name>
         <value>0xfff0</value>
         <object_component_ref idref="oc-46"/>
      </symbol>
      <symbol id="sm-1fa">
         <name>__TI_int09</name>
         <value>0xfff2</value>
         <object_component_ref idref="oc-47"/>
      </symbol>
      <symbol id="sm-1fd">
         <name>__TI_int10</name>
         <value>0xfff4</value>
         <object_component_ref idref="oc-48"/>
      </symbol>
      <symbol id="sm-200">
         <name>__TI_int11</name>
         <value>0xfff6</value>
         <object_component_ref idref="oc-49"/>
      </symbol>
      <symbol id="sm-203">
         <name>__TI_int12</name>
         <value>0xfff8</value>
         <object_component_ref idref="oc-4a"/>
      </symbol>
      <symbol id="sm-206">
         <name>__TI_int13</name>
         <value>0xfffa</value>
         <object_component_ref idref="oc-4b"/>
      </symbol>
      <symbol id="sm-209">
         <name>__TI_int14</name>
         <value>0xfffc</value>
         <object_component_ref idref="oc-4c"/>
      </symbol>
      <symbol id="sm-211">
         <name>__TI_ISR_TRAP</name>
         <value>0xcb2a</value>
         <object_component_ref idref="oc-dc"/>
      </symbol>
      <symbol id="sm-21b">
         <name>__mspabi_mpyi_sw</name>
         <value>0xca92</value>
         <object_component_ref idref="oc-2b0"/>
      </symbol>
      <symbol id="sm-21c">
         <name>__mspabi_mpyi</name>
         <value>0xca92</value>
         <object_component_ref idref="oc-2b0"/>
      </symbol>
      <symbol id="sm-22c">
         <name>_stack</name>
         <value>0x3b0</value>
         <object_component_ref idref="oc-b1"/>
      </symbol>
      <symbol id="sm-22d">
         <name>_c_int00_noargs</name>
         <value>0xc9ca</value>
         <object_component_ref idref="oc-f9"/>
      </symbol>
      <symbol id="sm-22e">
         <name>_reset_vector</name>
         <value>0xfffe</value>
         <object_component_ref idref="oc-b4"/>
      </symbol>
      <symbol id="sm-250">
         <name>__TI_auto_init_nobinit_nopinit</name>
         <value>0xc818</value>
         <object_component_ref idref="oc-1cd"/>
      </symbol>
      <symbol id="sm-25c">
         <name>_system_pre_init</name>
         <value>0xcb38</value>
         <object_component_ref idref="oc-14c"/>
      </symbol>
      <symbol id="sm-265">
         <name>_system_post_cinit</name>
         <value>0xcb3c</value>
         <object_component_ref idref="oc-24a"/>
      </symbol>
      <symbol id="sm-27b">
         <name>__TI_decompress_none</name>
         <value>0xcab8</value>
         <object_component_ref idref="oc-3a"/>
      </symbol>
      <symbol id="sm-29e">
         <name>__TI_decompress_lzss</name>
         <value>0xc5bc</value>
         <object_component_ref idref="oc-34"/>
      </symbol>
      <symbol id="sm-2a8">
         <name>C$$EXIT</name>
         <value>0xcb32</value>
         <object_component_ref idref="oc-1c1"/>
      </symbol>
      <symbol id="sm-2a9">
         <name>abort</name>
         <value>0xcb32</value>
         <object_component_ref idref="oc-1c1"/>
      </symbol>
      <symbol id="sm-2b9">
         <name>memcpy</name>
         <value>0xcaca</value>
         <object_component_ref idref="oc-cf"/>
      </symbol>
      <symbol id="sm-2da">
         <name>sprintf</name>
         <value>0xc89a</value>
         <object_component_ref idref="oc-286"/>
      </symbol>
      <symbol id="sm-2e2">
         <name>__mspabi_slli</name>
         <value>0xc92c</value>
         <object_component_ref idref="oc-b5"/>
      </symbol>
      <symbol id="sm-2e3">
         <name>__mspabi_slli_9</name>
         <value>0xc944</value>
         <object_component_ref idref="oc-b5"/>
      </symbol>
      <symbol id="sm-2e4">
         <name>__mspabi_slli_8</name>
         <value>0xc946</value>
         <object_component_ref idref="oc-b5"/>
      </symbol>
      <symbol id="sm-2e5">
         <name>__mspabi_slli_7</name>
         <value>0xc948</value>
         <object_component_ref idref="oc-b5"/>
      </symbol>
      <symbol id="sm-2e6">
         <name>__mspabi_slli_6</name>
         <value>0xc94a</value>
         <object_component_ref idref="oc-b5"/>
      </symbol>
      <symbol id="sm-2e7">
         <name>__mspabi_slli_5</name>
         <value>0xc94c</value>
         <object_component_ref idref="oc-b5"/>
      </symbol>
      <symbol id="sm-2e8">
         <name>__mspabi_slli_4</name>
         <value>0xc94e</value>
         <object_component_ref idref="oc-b5"/>
      </symbol>
      <symbol id="sm-2e9">
         <name>__mspabi_slli_3</name>
         <value>0xc950</value>
         <object_component_ref idref="oc-b5"/>
      </symbol>
      <symbol id="sm-2ea">
         <name>__mspabi_slli_2</name>
         <value>0xc952</value>
         <object_component_ref idref="oc-b5"/>
      </symbol>
      <symbol id="sm-2eb">
         <name>__mspabi_slli_1</name>
         <value>0xc954</value>
         <object_component_ref idref="oc-b5"/>
      </symbol>
      <symbol id="sm-2ec">
         <name>__mspabi_slli_15</name>
         <value>0xc938</value>
         <object_component_ref idref="oc-b5"/>
      </symbol>
      <symbol id="sm-2ed">
         <name>__mspabi_slli_14</name>
         <value>0xc93a</value>
         <object_component_ref idref="oc-b5"/>
      </symbol>
      <symbol id="sm-2ee">
         <name>__mspabi_slli_13</name>
         <value>0xc93c</value>
         <object_component_ref idref="oc-b5"/>
      </symbol>
      <symbol id="sm-2ef">
         <name>__mspabi_slli_12</name>
         <value>0xc93e</value>
         <object_component_ref idref="oc-b5"/>
      </symbol>
      <symbol id="sm-2f0">
         <name>__mspabi_slli_11</name>
         <value>0xc940</value>
         <object_component_ref idref="oc-b5"/>
      </symbol>
      <symbol id="sm-2f1">
         <name>__mspabi_slli_10</name>
         <value>0xc942</value>
         <object_component_ref idref="oc-b5"/>
      </symbol>
      <symbol id="sm-2f9">
         <name>__mspabi_srli_8</name>
         <value>0xc7b4</value>
         <object_component_ref idref="oc-ba"/>
      </symbol>
      <symbol id="sm-2fa">
         <name>__mspabi_srli_9</name>
         <value>0xc7b0</value>
         <object_component_ref idref="oc-ba"/>
      </symbol>
      <symbol id="sm-2fb">
         <name>__mspabi_srli_6</name>
         <value>0xc7bc</value>
         <object_component_ref idref="oc-ba"/>
      </symbol>
      <symbol id="sm-2fc">
         <name>__mspabi_srli_7</name>
         <value>0xc7b8</value>
         <object_component_ref idref="oc-ba"/>
      </symbol>
      <symbol id="sm-2fd">
         <name>__mspabi_srli_4</name>
         <value>0xc7c4</value>
         <object_component_ref idref="oc-ba"/>
      </symbol>
      <symbol id="sm-2fe">
         <name>__mspabi_srli_5</name>
         <value>0xc7c0</value>
         <object_component_ref idref="oc-ba"/>
      </symbol>
      <symbol id="sm-2ff">
         <name>__mspabi_srli_2</name>
         <value>0xc7cc</value>
         <object_component_ref idref="oc-ba"/>
      </symbol>
      <symbol id="sm-300">
         <name>__mspabi_srli_3</name>
         <value>0xc7c8</value>
         <object_component_ref idref="oc-ba"/>
      </symbol>
      <symbol id="sm-301">
         <name>__mspabi_srli_1</name>
         <value>0xc7d0</value>
         <object_component_ref idref="oc-ba"/>
      </symbol>
      <symbol id="sm-302">
         <name>__mspabi_srli</name>
         <value>0xc78a</value>
         <object_component_ref idref="oc-ba"/>
      </symbol>
      <symbol id="sm-303">
         <name>__mspabi_srli_15</name>
         <value>0xc798</value>
         <object_component_ref idref="oc-ba"/>
      </symbol>
      <symbol id="sm-304">
         <name>__mspabi_srli_14</name>
         <value>0xc79c</value>
         <object_component_ref idref="oc-ba"/>
      </symbol>
      <symbol id="sm-305">
         <name>__mspabi_srli_13</name>
         <value>0xc7a0</value>
         <object_component_ref idref="oc-ba"/>
      </symbol>
      <symbol id="sm-306">
         <name>__mspabi_srli_12</name>
         <value>0xc7a4</value>
         <object_component_ref idref="oc-ba"/>
      </symbol>
      <symbol id="sm-307">
         <name>__mspabi_srli_11</name>
         <value>0xc7a8</value>
         <object_component_ref idref="oc-ba"/>
      </symbol>
      <symbol id="sm-308">
         <name>__mspabi_srli_10</name>
         <value>0xc7ac</value>
         <object_component_ref idref="oc-ba"/>
      </symbol>
      <symbol id="sm-352">
         <name>__TI_printfi_minimal</name>
         <value>0xc214</value>
         <object_component_ref idref="oc-2cf"/>
      </symbol>
      <symbol id="sm-361">
         <name>memccpy</name>
         <value>0xca38</value>
         <object_component_ref idref="oc-30f"/>
      </symbol>
      <symbol id="sm-36f">
         <name>memset</name>
         <value>0xca7e</value>
         <object_component_ref idref="oc-302"/>
      </symbol>
      <symbol id="sm-37c">
         <name>strlen</name>
         <value>0xcb1c</value>
         <object_component_ref idref="oc-2e6"/>
      </symbol>
   </symbol_table>
   <title>Link successful</title>
</link_info>
