******************************************************************************
                  MSP430 Linker Unix v18.1.1                   
******************************************************************************
>> Linked Fri Jun 29 17:18:12 2018

OUTPUT FILE NAME:   <Exercise_4_Taxali.out>
ENTRY POINT SYMBOL: "_c_int00_noargs"  address: 0000c59a


MEMORY CONFIGURATION

         name            origin    length      used     unused   attr    fill
----------------------  --------  ---------  --------  --------  ----  --------
  SFR                   00000000   00000010  00000000  00000010  RWIX
  PERIPHERALS_8BIT      00000010   000000f0  00000000  000000f0  RWIX
  PERIPHERALS_16BIT     00000100   00000100  00000000  00000100  RWIX
  RAM                   00000200   00000200  00000064  0000019c  RWIX
  INFOD                 00001000   00000040  00000000  00000040  RWIX
  INFOC                 00001040   00000040  00000000  00000040  RWIX
  INFOB                 00001080   00000040  00000000  00000040  RWIX
  INFOA                 000010c0   00000040  00000000  00000040  RWIX
  FLASH                 0000c000   00003fde  000006db  00003903  RWIX
  BSLSIGNATURE          0000ffde   00000002  00000002  00000000  RWIX  ffff 
  INT00                 0000ffe0   00000002  00000002  00000000  RWIX
  INT01                 0000ffe2   00000002  00000000  00000002  RWIX
  INT02                 0000ffe4   00000002  00000002  00000000  RWIX
  INT03                 0000ffe6   00000002  00000002  00000000  RWIX
  INT04                 0000ffe8   00000002  00000000  00000002  RWIX
  INT05                 0000ffea   00000002  00000002  00000000  RWIX
  INT06                 0000ffec   00000002  00000002  00000000  RWIX
  INT07                 0000ffee   00000002  00000002  00000000  RWIX
  INT08                 0000fff0   00000002  00000002  00000000  RWIX
  INT09                 0000fff2   00000002  00000002  00000000  RWIX
  INT10                 0000fff4   00000002  00000002  00000000  RWIX
  INT11                 0000fff6   00000002  00000002  00000000  RWIX
  INT12                 0000fff8   00000002  00000002  00000000  RWIX
  INT13                 0000fffa   00000002  00000002  00000000  RWIX
  INT14                 0000fffc   00000002  00000002  00000000  RWIX
  RESET                 0000fffe   00000002  00000002  00000000  RWIX


SECTION ALLOCATION MAP

 output                                  attributes/
section   page    origin      length       input sections
--------  ----  ----------  ----------   ----------------
.bss       0    00000200    0000000c     UNINITIALIZED
                  00000200    00000002     (.common:i2c_dataBuffer)
                  00000202    00000002     (.common:spi_rxdataBuffer)
                  00000204    00000002     (.common:tx_callback)
                  00000206    00000001     (.common:IAM_i2c)
                  00000207    00000001     (.common:IAM_spi)
                  00000208    00000001     (.common:IAM_spiRX)
                  00000209    00000001     (.common:i2c_dataLength)
                  0000020a    00000001     (.common:i2c_nackReceived)
                  0000020b    00000001     (.common:spi_rxdataLength)

.data      0    0000020c    00000008     UNINITIALIZED
                  0000020c    00000005     main.obj (.data:readADAC)
                  00000211    00000001     --HOLE--
                  00000212    00000002     main.obj (.data)

.stack     0    000003b0    00000050     UNINITIALIZED
                  000003b0    00000002     rts430_eabi.lib : boot.c.obj (.stack)
                  000003b2    0000004e     --HOLE--

.text      0    0000c000    00000674     
                  0000c000    000000aa     LCD.obj (.text:lcd_init)
                  0000c0aa    0000007c     rts430_eabi.lib : copy_decompress_lzss.c.obj (.text:decompress:lzss:__TI_decompress_lzss)
                  0000c126    00000072     main.obj (.text:lcd_begin)
                  0000c198    00000068     interrupt_routine.obj (.text:USCIAB0RX_ISR)
                  0000c200    0000005e     i2c.obj (.text:i2c_init)
                  0000c25e    00000058     main.obj (.text:main)
                  0000c2b6    00000054     LCD.obj (.text:lcdCommand)
                  0000c30a    00000054     LCD.obj (.text:lcd_putChar)
                  0000c35e    0000004c     rts430_eabi.lib : lsr16.asm.obj (.text)
                  0000c3aa    00000048     i2c.obj (.text:i2c_write)
                  0000c3f2    00000042     rts430_eabi.lib : autoinit.c.obj (.text:__TI_auto_init_nobinit_nopinit:__TI_auto_init_nobinit_nopinit)
                  0000c434    00000040     i2c.obj (.text:i2c_read)
                  0000c474    0000002e     main.obj (.text:joystick_read)
                  0000c4a2    0000002e     LCD.obj (.text:lcd_cursorSet)
                  0000c4d0    0000002c     rts430_eabi.lib : asr16.asm.obj (.text)
                  0000c4fc    0000002c                     : lsl16.asm.obj (.text)
                  0000c528    00000028     adac.obj (.text:adac_read)
                  0000c550    00000026     templateEMP.obj (.text:initMSP)
                  0000c576    00000024     LCD.obj (.text:lcd_putText)
                  0000c59a    0000001c     rts430_eabi.lib : boot.c.obj (.text:_c_int00_noargs)
                  0000c5b6    0000001c     LCD.obj (.text:lcd_cursorShow)
                  0000c5d2    0000001a     interrupt_routine.obj (.text:USCIAB0TX_ISR)
                  0000c5ec    00000014     rts430_eabi.lib : copy_zero_init.c.obj (.text:decompress:ZI:__TI_zero_init_nomemset:__TI_zero_init_nomemset)
                  0000c600    00000012                     : copy_decompress_none.c.obj (.text:decompress:none:__TI_decompress_none)
                  0000c612    00000012                     : memcpy.c.obj (.text:memcpy)
                  0000c624    00000010     LCD.obj (.text:lcd_enable)
                  0000c634    00000010     rts430_eabi.lib : epilog.asm.obj (.text)
                  0000c644    0000000e     adac.obj (.text:adac_init)
                  0000c652    0000000e     LCD.obj (.text:lcd_clear)
                  0000c660    00000008     rts430_eabi.lib : isr_trap.asm.obj (.text:_isr:__TI_ISR_TRAP)
                  0000c668    00000006                     : exit.c.obj (.text:abort)
                  0000c66e    00000004                     : pre_init.c.obj (.text:_system_pre_init)
                  0000c672    00000002                     : startup.c.obj (.text:_system_post_cinit)

.const     0    0000c674    0000004d     
                  0000c674    0000004c     main.obj (.const:.string)
                  0000c6c0    00000001     adac.obj (.const:.string:$P$T0$1)

.cinit     0    0000c6c2    0000001a     
                  0000c6c2    00000007     (.cinit..data.load) [load image, compression = lzss]
                  0000c6c9    00000001     --HOLE-- [fill = 0]
                  0000c6ca    00000006     (__TI_handler_table)
                  0000c6d0    00000004     (.cinit..bss.load) [load image, compression = zero_init]
                  0000c6d4    00000008     (__TI_cinit_table)

.binit     0    0000c000    00000000     

.init_array 
*          0    0000c000    00000000     UNINITIALIZED

TRAPINT    0    0000ffe0    00000002     
                  0000ffe0    00000002     rts430_eabi.lib : int00.asm.obj (.int00)

PORT1      0    0000ffe4    00000002     
                  0000ffe4    00000002     rts430_eabi.lib : int02.asm.obj (.int02)

PORT2      0    0000ffe6    00000002     
                  0000ffe6    00000002     rts430_eabi.lib : int03.asm.obj (.int03)

ADC10      0    0000ffea    00000002     
                  0000ffea    00000002     rts430_eabi.lib : int05.asm.obj (.int05)

USCIAB0TX 
*          0    0000ffec    00000002     
                  0000ffec    00000002     interrupt_routine.obj (.int06)

USCIAB0RX 
*          0    0000ffee    00000002     
                  0000ffee    00000002     interrupt_routine.obj (.int07)

TIMER0_A1 
*          0    0000fff0    00000002     
                  0000fff0    00000002     rts430_eabi.lib : int08.asm.obj (.int08)

TIMER0_A0 
*          0    0000fff2    00000002     
                  0000fff2    00000002     rts430_eabi.lib : int09.asm.obj (.int09)

WDT        0    0000fff4    00000002     
                  0000fff4    00000002     rts430_eabi.lib : int10.asm.obj (.int10)

COMPARATORA 
*          0    0000fff6    00000002     
                  0000fff6    00000002     rts430_eabi.lib : int11.asm.obj (.int11)

TIMER1_A1 
*          0    0000fff8    00000002     
                  0000fff8    00000002     rts430_eabi.lib : int12.asm.obj (.int12)

TIMER1_A0 
*          0    0000fffa    00000002     
                  0000fffa    00000002     rts430_eabi.lib : int13.asm.obj (.int13)

NMI        0    0000fffc    00000002     
                  0000fffc    00000002     rts430_eabi.lib : int14.asm.obj (.int14)

.reset     0    0000fffe    00000002     
                  0000fffe    00000002     rts430_eabi.lib : boot.c.obj (.reset)

$fill000   0    0000ffde    00000002     
                  0000ffde    00000002     --HOLE-- [fill = ffff]

MODULE SUMMARY

       Module                       code   ro data   rw data
       ------                       ----   -------   -------
    ./
       main.obj                     248    76        7      
    +--+----------------------------+------+---------+---------+
       Total:                       248    76        7      
                                                            
    ./libs/
       LCD.obj                      478    0         0      
       i2c.obj                      230    0         6      
       interrupt_routine.obj        130    4         2      
       adac.obj                     54     1         0      
       templateEMP.obj              38     0         0      
       spi.obj                      0      0         4      
    +--+----------------------------+------+---------+---------+
       Total:                       930    5         12     
                                                            
    /opt/ti/ccsv8/tools/compiler/ti-cgt-msp430_18.1.1.LTS/lib/rts430_eabi.lib
       copy_decompress_lzss.c.obj   124    0         0      
       lsr16.asm.obj                76     0         0      
       autoinit.c.obj               66     0         0      
       asr16.asm.obj                44     0         0      
       lsl16.asm.obj                44     0         0      
       boot.c.obj                   28     2         0      
       copy_zero_init.c.obj         20     0         0      
       copy_decompress_none.c.obj   18     0         0      
       memcpy.c.obj                 18     0         0      
       epilog.asm.obj               16     0         0      
       isr_trap.asm.obj             8      0         0      
       exit.c.obj                   6      0         0      
       pre_init.c.obj               4      0         0      
       int00.asm.obj                0      2         0      
       int02.asm.obj                0      2         0      
       int03.asm.obj                0      2         0      
       int05.asm.obj                0      2         0      
       int08.asm.obj                0      2         0      
       int09.asm.obj                0      2         0      
       int10.asm.obj                0      2         0      
       int11.asm.obj                0      2         0      
       int12.asm.obj                0      2         0      
       int13.asm.obj                0      2         0      
       int14.asm.obj                0      2         0      
       startup.c.obj                2      0         0      
    +--+----------------------------+------+---------+---------+
       Total:                       474    24        0      
                                                            
       Stack:                       0      0         80     
       Linker Generated:            0      25        0      
    +--+----------------------------+------+---------+---------+
       Grand Total:                 1652   130       99     


LINKER GENERATED COPY TABLES

__TI_cinit_table @ 0000c6d4 records: 2, size/record: 4, table size: 8
	.data: load addr=0000c6c2, load size=00000007 bytes, run addr=0000020c, run size=00000008 bytes, compression=lzss
	.bss: load addr=0000c6d0, load size=00000004 bytes, run addr=00000200, run size=0000000c bytes, compression=zero_init


LINKER GENERATED HANDLER TABLE

__TI_handler_table @ 0000c6ca records: 3, size/record: 2, table size: 6
	index: 0, handler: __TI_zero_init
	index: 1, handler: __TI_decompress_lzss
	index: 2, handler: __TI_decompress_none


GLOBAL SYMBOLS: SORTED ALPHABETICALLY BY Name 

address   name                          
-------   ----                          
0000004a  ADC10AE0                      
000001b0  ADC10CTL0                     
000001b2  ADC10CTL1                     
00000048  ADC10DTC0                     
00000049  ADC10DTC1                     
000001b4  ADC10MEM                      
000001bc  ADC10SA                       
00000057  BCSCTL1                       
00000058  BCSCTL2                       
00000053  BCSCTL3                       
0000c668  C$$EXIT                       
00000059  CACTL1                        
0000005a  CACTL2                        
000010fb  CALBC1_12MHZ                  
000010f9  CALBC1_16MHZ                  
000010ff  CALBC1_1MHZ                   
000010fd  CALBC1_8MHZ                   
000010fa  CALDCO_12MHZ                  
000010f8  CALDCO_16MHZ                  
000010fe  CALDCO_1MHZ                   
000010fc  CALDCO_8MHZ                   
0000005b  CAPD                          
00000056  DCOCTL                        
00000128  FCTL1                         
0000012a  FCTL2                         
0000012c  FCTL3                         
00000206  IAM_i2c                       
00000207  IAM_spi                       
00000208  IAM_spiRX                     
00000000  IE1                           
00000001  IE2                           
00000002  IFG1                          
00000003  IFG2                          
00000022  P1DIR                         
00000025  P1IE                          
00000024  P1IES                         
00000023  P1IFG                         
00000020  P1IN                          
00000021  P1OUT                         
00000027  P1REN                         
00000026  P1SEL                         
00000041  P1SEL2                        
0000002a  P2DIR                         
0000002d  P2IE                          
0000002c  P2IES                         
0000002b  P2IFG                         
00000028  P2IN                          
00000029  P2OUT                         
0000002f  P2REN                         
0000002e  P2SEL                         
00000042  P2SEL2                        
0000001a  P3DIR                         
00000018  P3IN                          
00000019  P3OUT                         
00000010  P3REN                         
0000001b  P3SEL                         
00000043  P3SEL2                        
00000172  TA0CCR0                       
00000174  TA0CCR1                       
00000176  TA0CCR2                       
00000162  TA0CCTL0                      
00000164  TA0CCTL1                      
00000166  TA0CCTL2                      
00000160  TA0CTL                        
0000012e  TA0IV                         
00000170  TA0R                          
00000192  TA1CCR0                       
00000194  TA1CCR1                       
00000196  TA1CCR2                       
00000182  TA1CCTL0                      
00000184  TA1CCTL1                      
00000186  TA1CCTL2                      
00000180  TA1CTL                        
0000011e  TA1IV                         
00000190  TA1R                          
000010db  TLV_ADC10_1_LEN               
000010da  TLV_ADC10_1_TAG               
000010c0  TLV_CHECKSUM                  
000010f7  TLV_DCO_30_LEN                
000010f6  TLV_DCO_30_TAG                
0000005d  UCA0ABCTL                     
00000062  UCA0BR0                       
00000063  UCA0BR1                       
00000060  UCA0CTL0                      
00000061  UCA0CTL1                      
0000005f  UCA0IRRCTL                    
0000005e  UCA0IRTCTL                    
00000064  UCA0MCTL                      
00000066  UCA0RXBUF                     
00000065  UCA0STAT                      
00000067  UCA0TXBUF                     
0000006a  UCB0BR0                       
0000006b  UCB0BR1                       
00000068  UCB0CTL0                      
00000069  UCB0CTL1                      
0000006c  UCB0I2CIE                     
00000118  UCB0I2COA                     
0000011a  UCB0I2CSA                     
0000006e  UCB0RXBUF                     
0000006d  UCB0STAT                      
0000006f  UCB0TXBUF                     
0000c198  USCIAB0RX_ISR                 
0000c5d2  USCIAB0TX_ISR                 
00000120  WDTCTL                        
00000400  __STACK_END                   
00000050  __STACK_SIZE                  
0000c6d4  __TI_CINIT_Base               
0000c6dc  __TI_CINIT_Limit              
0000c6ca  __TI_Handler_Table_Base       
0000c6d0  __TI_Handler_Table_Limit      
0000c660  __TI_ISR_TRAP                 
0000c3f2  __TI_auto_init_nobinit_nopinit
0000c0aa  __TI_decompress_lzss          
0000c600  __TI_decompress_none          
0000ffe0  __TI_int00                    
0000ffe4  __TI_int02                    
0000ffe6  __TI_int03                    
0000ffea  __TI_int05                    
0000ffec  __TI_int06                    
0000ffee  __TI_int07                    
0000fff0  __TI_int08                    
0000fff2  __TI_int09                    
0000fff4  __TI_int10                    
0000fff6  __TI_int11                    
0000fff8  __TI_int12                    
0000fffa  __TI_int13                    
0000fffc  __TI_int14                    
ffffffff  __TI_pprof_out_hndl           
ffffffff  __TI_prof_data_size           
ffffffff  __TI_prof_data_start          
0000c5ec  __TI_zero_init_nomemset       
ffffffff  __c_args__                    
0000c640  __mspabi_func_epilog_1        
0000c63e  __mspabi_func_epilog_2        
0000c63c  __mspabi_func_epilog_3        
0000c63a  __mspabi_func_epilog_4        
0000c638  __mspabi_func_epilog_5        
0000c636  __mspabi_func_epilog_6        
0000c634  __mspabi_func_epilog_7        
0000c4fc  __mspabi_slli                 
0000c524  __mspabi_slli_1               
0000c512  __mspabi_slli_10              
0000c510  __mspabi_slli_11              
0000c50e  __mspabi_slli_12              
0000c50c  __mspabi_slli_13              
0000c50a  __mspabi_slli_14              
0000c508  __mspabi_slli_15              
0000c522  __mspabi_slli_2               
0000c520  __mspabi_slli_3               
0000c51e  __mspabi_slli_4               
0000c51c  __mspabi_slli_5               
0000c51a  __mspabi_slli_6               
0000c518  __mspabi_slli_7               
0000c516  __mspabi_slli_8               
0000c514  __mspabi_slli_9               
0000c4d0  __mspabi_srai                 
0000c4f8  __mspabi_srai_1               
0000c4e6  __mspabi_srai_10              
0000c4e4  __mspabi_srai_11              
0000c4e2  __mspabi_srai_12              
0000c4e0  __mspabi_srai_13              
0000c4de  __mspabi_srai_14              
0000c4dc  __mspabi_srai_15              
0000c4f6  __mspabi_srai_2               
0000c4f4  __mspabi_srai_3               
0000c4f2  __mspabi_srai_4               
0000c4f0  __mspabi_srai_5               
0000c4ee  __mspabi_srai_6               
0000c4ec  __mspabi_srai_7               
0000c4ea  __mspabi_srai_8               
0000c4e8  __mspabi_srai_9               
0000c35e  __mspabi_srli                 
0000c3a4  __mspabi_srli_1               
0000c380  __mspabi_srli_10              
0000c37c  __mspabi_srli_11              
0000c378  __mspabi_srli_12              
0000c374  __mspabi_srli_13              
0000c370  __mspabi_srli_14              
0000c36c  __mspabi_srli_15              
0000c3a0  __mspabi_srli_2               
0000c39c  __mspabi_srli_3               
0000c398  __mspabi_srli_4               
0000c394  __mspabi_srli_5               
0000c390  __mspabi_srli_6               
0000c38c  __mspabi_srli_7               
0000c388  __mspabi_srli_8               
0000c384  __mspabi_srli_9               
0000c59a  _c_int00_noargs               
0000fffe  _reset_vector                 
000003b0  _stack                        
0000c672  _system_post_cinit            
0000c66e  _system_pre_init              
0000c668  abort                         
0000c644  adac_init                     
0000c528  adac_read                     
00000212  i                             
00000200  i2c_dataBuffer                
00000209  i2c_dataLength                
0000c200  i2c_init                      
0000020a  i2c_nackReceived              
0000c434  i2c_read                      
0000c3aa  i2c_write                     
0000c550  initMSP                       
0000c474  joystick_read                 
0000c2b6  lcdCommand                    
0000c126  lcd_begin                     
0000c652  lcd_clear                     
0000c4a2  lcd_cursorSet                 
0000c5b6  lcd_cursorShow                
0000c624  lcd_enable                    
0000c000  lcd_init                      
0000c30a  lcd_putChar                   
0000c576  lcd_putText                   
0000c25e  main                          
0000c612  memcpy                        
0000020c  readADAC                      
00000202  spi_rxdataBuffer              
0000020b  spi_rxdataLength              
00000204  tx_callback                   


GLOBAL SYMBOLS: SORTED BY Symbol Address 

address   name                          
-------   ----                          
00000000  IE1                           
00000001  IE2                           
00000002  IFG1                          
00000003  IFG2                          
00000010  P3REN                         
00000018  P3IN                          
00000019  P3OUT                         
0000001a  P3DIR                         
0000001b  P3SEL                         
00000020  P1IN                          
00000021  P1OUT                         
00000022  P1DIR                         
00000023  P1IFG                         
00000024  P1IES                         
00000025  P1IE                          
00000026  P1SEL                         
00000027  P1REN                         
00000028  P2IN                          
00000029  P2OUT                         
0000002a  P2DIR                         
0000002b  P2IFG                         
0000002c  P2IES                         
0000002d  P2IE                          
0000002e  P2SEL                         
0000002f  P2REN                         
00000041  P1SEL2                        
00000042  P2SEL2                        
00000043  P3SEL2                        
00000048  ADC10DTC0                     
00000049  ADC10DTC1                     
0000004a  ADC10AE0                      
00000050  __STACK_SIZE                  
00000053  BCSCTL3                       
00000056  DCOCTL                        
00000057  BCSCTL1                       
00000058  BCSCTL2                       
00000059  CACTL1                        
0000005a  CACTL2                        
0000005b  CAPD                          
0000005d  UCA0ABCTL                     
0000005e  UCA0IRTCTL                    
0000005f  UCA0IRRCTL                    
00000060  UCA0CTL0                      
00000061  UCA0CTL1                      
00000062  UCA0BR0                       
00000063  UCA0BR1                       
00000064  UCA0MCTL                      
00000065  UCA0STAT                      
00000066  UCA0RXBUF                     
00000067  UCA0TXBUF                     
00000068  UCB0CTL0                      
00000069  UCB0CTL1                      
0000006a  UCB0BR0                       
0000006b  UCB0BR1                       
0000006c  UCB0I2CIE                     
0000006d  UCB0STAT                      
0000006e  UCB0RXBUF                     
0000006f  UCB0TXBUF                     
00000118  UCB0I2COA                     
0000011a  UCB0I2CSA                     
0000011e  TA1IV                         
00000120  WDTCTL                        
00000128  FCTL1                         
0000012a  FCTL2                         
0000012c  FCTL3                         
0000012e  TA0IV                         
00000160  TA0CTL                        
00000162  TA0CCTL0                      
00000164  TA0CCTL1                      
00000166  TA0CCTL2                      
00000170  TA0R                          
00000172  TA0CCR0                       
00000174  TA0CCR1                       
00000176  TA0CCR2                       
00000180  TA1CTL                        
00000182  TA1CCTL0                      
00000184  TA1CCTL1                      
00000186  TA1CCTL2                      
00000190  TA1R                          
00000192  TA1CCR0                       
00000194  TA1CCR1                       
00000196  TA1CCR2                       
000001b0  ADC10CTL0                     
000001b2  ADC10CTL1                     
000001b4  ADC10MEM                      
000001bc  ADC10SA                       
00000200  i2c_dataBuffer                
00000202  spi_rxdataBuffer              
00000204  tx_callback                   
00000206  IAM_i2c                       
00000207  IAM_spi                       
00000208  IAM_spiRX                     
00000209  i2c_dataLength                
0000020a  i2c_nackReceived              
0000020b  spi_rxdataLength              
0000020c  readADAC                      
00000212  i                             
000003b0  _stack                        
00000400  __STACK_END                   
000010c0  TLV_CHECKSUM                  
000010da  TLV_ADC10_1_TAG               
000010db  TLV_ADC10_1_LEN               
000010f6  TLV_DCO_30_TAG                
000010f7  TLV_DCO_30_LEN                
000010f8  CALDCO_16MHZ                  
000010f9  CALBC1_16MHZ                  
000010fa  CALDCO_12MHZ                  
000010fb  CALBC1_12MHZ                  
000010fc  CALDCO_8MHZ                   
000010fd  CALBC1_8MHZ                   
000010fe  CALDCO_1MHZ                   
000010ff  CALBC1_1MHZ                   
0000c000  lcd_init                      
0000c0aa  __TI_decompress_lzss          
0000c126  lcd_begin                     
0000c198  USCIAB0RX_ISR                 
0000c200  i2c_init                      
0000c25e  main                          
0000c2b6  lcdCommand                    
0000c30a  lcd_putChar                   
0000c35e  __mspabi_srli                 
0000c36c  __mspabi_srli_15              
0000c370  __mspabi_srli_14              
0000c374  __mspabi_srli_13              
0000c378  __mspabi_srli_12              
0000c37c  __mspabi_srli_11              
0000c380  __mspabi_srli_10              
0000c384  __mspabi_srli_9               
0000c388  __mspabi_srli_8               
0000c38c  __mspabi_srli_7               
0000c390  __mspabi_srli_6               
0000c394  __mspabi_srli_5               
0000c398  __mspabi_srli_4               
0000c39c  __mspabi_srli_3               
0000c3a0  __mspabi_srli_2               
0000c3a4  __mspabi_srli_1               
0000c3aa  i2c_write                     
0000c3f2  __TI_auto_init_nobinit_nopinit
0000c434  i2c_read                      
0000c474  joystick_read                 
0000c4a2  lcd_cursorSet                 
0000c4d0  __mspabi_srai                 
0000c4dc  __mspabi_srai_15              
0000c4de  __mspabi_srai_14              
0000c4e0  __mspabi_srai_13              
0000c4e2  __mspabi_srai_12              
0000c4e4  __mspabi_srai_11              
0000c4e6  __mspabi_srai_10              
0000c4e8  __mspabi_srai_9               
0000c4ea  __mspabi_srai_8               
0000c4ec  __mspabi_srai_7               
0000c4ee  __mspabi_srai_6               
0000c4f0  __mspabi_srai_5               
0000c4f2  __mspabi_srai_4               
0000c4f4  __mspabi_srai_3               
0000c4f6  __mspabi_srai_2               
0000c4f8  __mspabi_srai_1               
0000c4fc  __mspabi_slli                 
0000c508  __mspabi_slli_15              
0000c50a  __mspabi_slli_14              
0000c50c  __mspabi_slli_13              
0000c50e  __mspabi_slli_12              
0000c510  __mspabi_slli_11              
0000c512  __mspabi_slli_10              
0000c514  __mspabi_slli_9               
0000c516  __mspabi_slli_8               
0000c518  __mspabi_slli_7               
0000c51a  __mspabi_slli_6               
0000c51c  __mspabi_slli_5               
0000c51e  __mspabi_slli_4               
0000c520  __mspabi_slli_3               
0000c522  __mspabi_slli_2               
0000c524  __mspabi_slli_1               
0000c528  adac_read                     
0000c550  initMSP                       
0000c576  lcd_putText                   
0000c59a  _c_int00_noargs               
0000c5b6  lcd_cursorShow                
0000c5d2  USCIAB0TX_ISR                 
0000c5ec  __TI_zero_init_nomemset       
0000c600  __TI_decompress_none          
0000c612  memcpy                        
0000c624  lcd_enable                    
0000c634  __mspabi_func_epilog_7        
0000c636  __mspabi_func_epilog_6        
0000c638  __mspabi_func_epilog_5        
0000c63a  __mspabi_func_epilog_4        
0000c63c  __mspabi_func_epilog_3        
0000c63e  __mspabi_func_epilog_2        
0000c640  __mspabi_func_epilog_1        
0000c644  adac_init                     
0000c652  lcd_clear                     
0000c660  __TI_ISR_TRAP                 
0000c668  C$$EXIT                       
0000c668  abort                         
0000c66e  _system_pre_init              
0000c672  _system_post_cinit            
0000c6ca  __TI_Handler_Table_Base       
0000c6d0  __TI_Handler_Table_Limit      
0000c6d4  __TI_CINIT_Base               
0000c6dc  __TI_CINIT_Limit              
0000ffe0  __TI_int00                    
0000ffe4  __TI_int02                    
0000ffe6  __TI_int03                    
0000ffea  __TI_int05                    
0000ffec  __TI_int06                    
0000ffee  __TI_int07                    
0000fff0  __TI_int08                    
0000fff2  __TI_int09                    
0000fff4  __TI_int10                    
0000fff6  __TI_int11                    
0000fff8  __TI_int12                    
0000fffa  __TI_int13                    
0000fffc  __TI_int14                    
0000fffe  _reset_vector                 
ffffffff  __TI_pprof_out_hndl           
ffffffff  __TI_prof_data_size           
ffffffff  __TI_prof_data_start          
ffffffff  __c_args__                    

[219 symbols]
