******************************************************************************
                  MSP430 Linker PC v4.4.5                      
******************************************************************************
>> Linked Sat Jul 23 07:39:08 2016

OUTPUT FILE NAME:   <Exercise_1_Fixed.out>
ENTRY POINT SYMBOL: "_c_int00_noargs_noexit"  address: 0000cd26


MEMORY CONFIGURATION

         name            origin    length      used     unused   attr    fill
----------------------  --------  ---------  --------  --------  ----  --------
  SFR                   00000000   00000010  00000000  00000010  RWIX
  PERIPHERALS_8BIT      00000010   000000f0  00000000  000000f0  RWIX
  PERIPHERALS_16BIT     00000100   00000100  00000000  00000100  RWIX
  RAM                   00000200   00000200  0000008a  00000176  RWIX
  INFOD                 00001000   00000040  00000000  00000040  RWIX
  INFOC                 00001040   00000040  00000000  00000040  RWIX
  INFOB                 00001080   00000040  00000000  00000040  RWIX
  INFOA                 000010c0   00000040  00000000  00000040  RWIX
  FLASH                 0000c000   00003fe0  00000e84  0000315c  RWIX
  INT00                 0000ffe0   00000002  00000002  00000000  RWIX
  INT01                 0000ffe2   00000002  00000000  00000002  RWIX
  INT02                 0000ffe4   00000002  00000002  00000000  RWIX
  INT03                 0000ffe6   00000002  00000002  00000000  RWIX
  INT04                 0000ffe8   00000002  00000000  00000002  RWIX
  INT05                 0000ffea   00000002  00000002  00000000  RWIX
  INT06                 0000ffec   00000002  00000002  00000000  RWIX
  INT07                 0000ffee   00000002  00000002  00000000  RWIX
  INT08                 0000fff0   00000002  00000002  00000000  RWIX
  INT09                 0000fff2   00000002  00000002  00000000  RWIX
  INT10                 0000fff4   00000002  00000002  00000000  RWIX
  INT11                 0000fff6   00000002  00000002  00000000  RWIX
  INT12                 0000fff8   00000002  00000002  00000000  RWIX
  INT13                 0000fffa   00000002  00000002  00000000  RWIX
  INT14                 0000fffc   00000002  00000002  00000000  RWIX
  RESET                 0000fffe   00000002  00000002  00000000  RWIX


SECTION ALLOCATION MAP

 output                                  attributes/
section   page    origin      length       input sections
--------  ----  ----------  ----------   ----------------
.bss       0    00000200    00000036     UNINITIALIZED
                  00000200    00000020     (.common:rxBuffer)
                  00000220    00000016     (.common:buf$1)

.data      0    00000236    00000004     UNINITIALIZED
                  00000236    00000004     main.obj (.data)

.TI.persistent 
*          0    00000236    00000000     UNINITIALIZED

.stack     0    000003b0    00000050     UNINITIALIZED
                  000003b0    00000002     rts430_eabi.lib : boot.obj (.stack)
                  000003b2    0000004e     --HOLE--

.text      0    0000c000    00000df0     
                  0000c000    000004b4     main.obj (.text:main)
                  0000c4b4    0000020c     LCD.obj (.text:lcd_init)
                  0000c6c0    000000a4     LCD.obj (.text:lcd_cursorSet)
                  0000c764    00000084     LCD.obj (.text:lcd_cursorBlink)
                  0000c7e8    00000084     LCD.obj (.text:lcd_cursorShow)
                  0000c86c    00000082     LCD.obj (.text:lcd_enable)
                  0000c8ee    0000006e     LCD.obj (.text:lcd_clear)
                  0000c95c    00000066     LCD.obj (.text:itoa)
                  0000c9c2    00000064     rts430_eabi.lib : copy_decompress_rle.obj (.text:__TI_decompress_rle_core)
                  0000ca26    00000062     main.obj (.text:USCI0RX_ISR)
                  0000ca88    0000005e     main.obj (.text:initMSP)
                  0000cae6    00000058     rts430_eabi.lib : autoinit.obj (.text:_auto_init)
                  0000cb3e    00000052     LCD.obj (.text:lcd_putChar)
                  0000cb90    00000050     LCD.obj (.text:lcd_nowaitCheck)
                  0000cbe0    0000004c     rts430_eabi.lib : lsr16.obj (.text)
                  0000cc2c    0000002c                     : asr16.obj (.text)
                  0000cc58    0000002c                     : div16s.obj (.text)
                  0000cc84    0000002c                     : lsl16.obj (.text)
                  0000ccb0    0000002a     main.obj (.text:serialPrint)
                  0000ccda    00000026     LCD.obj (.text:enableTrigger)
                  0000cd00    00000026     LCD.obj (.text:lcd_putText)
                  0000cd26    0000001a     rts430_eabi.lib : boot_special.obj (.text:_c_int00_noargs_noexit)
                  0000cd40    00000016                     : div16u.obj (.text)
                  0000cd56    00000016     main.obj (.text:serialPrintln)
                  0000cd6c    00000014     rts430_eabi.lib : copy_zero_init.obj (.text:decompress:ZI:__TI_zero_init)
                  0000cd80    00000012                     : copy_decompress_none.obj (.text:decompress:none:__TI_decompress_none)
                  0000cd92    00000012                     : memcpy.obj (.text:memcpy)
                  0000cda4    00000012     main.obj (.text:serialWrite)
                  0000cdb6    00000010     rts430_eabi.lib : epilog.obj (.text)
                  0000cdc6    0000000c     LCD.obj (.text:lcd_checkBusyFlag)
                  0000cdd2    0000000a     LCD.obj (.text:lcd_putNumber)
                  0000cddc    00000006     rts430_eabi.lib : isr_trap.obj (.text:_isr:__TI_ISR_TRAP)
                  0000cde2    00000006                     : copy_decompress_rle.obj (.text:decompress:rle24:__TI_decompress_rle24)
                  0000cde8    00000004                     : pre_init.obj (.text:_system_pre_init)
                  0000cdec    00000004                     : exit.obj (.text:abort)

.const     0    0000cdf0    0000007a     
                  0000cdf0    0000007a     main.obj (.const:.string)

.cinit     0    0000ce6a    0000001a     
                  0000ce6a    00000008     (.cinit..data.load) [load image]
                  0000ce72    00000006     (__TI_handler_table)
                  0000ce78    00000004     (.cinit..bss.load) [load image, compression = zero_init]
                  0000ce7c    00000008     (__TI_cinit_table)

.init_array 
*          0    0000c000    00000000     UNINITIALIZED

TRAPINT    0    0000ffe0    00000002     
                  0000ffe0    00000002     rts430_eabi.lib : int00.obj (.int00)

PORT1      0    0000ffe4    00000002     
                  0000ffe4    00000002     rts430_eabi.lib : int02.obj (.int02)

PORT2      0    0000ffe6    00000002     
                  0000ffe6    00000002     rts430_eabi.lib : int03.obj (.int03)

ADC10      0    0000ffea    00000002     
                  0000ffea    00000002     rts430_eabi.lib : int05.obj (.int05)

USCIAB0TX 
*          0    0000ffec    00000002     
                  0000ffec    00000002     rts430_eabi.lib : int06.obj (.int06)

USCIAB0RX 
*          0    0000ffee    00000002     
                  0000ffee    00000002     main.obj (.int07)

TIMER0_A1 
*          0    0000fff0    00000002     
                  0000fff0    00000002     rts430_eabi.lib : int08.obj (.int08)

TIMER0_A0 
*          0    0000fff2    00000002     
                  0000fff2    00000002     rts430_eabi.lib : int09.obj (.int09)

WDT        0    0000fff4    00000002     
                  0000fff4    00000002     rts430_eabi.lib : int10.obj (.int10)

COMPARATORA 
*          0    0000fff6    00000002     
                  0000fff6    00000002     rts430_eabi.lib : int11.obj (.int11)

TIMER1_A1 
*          0    0000fff8    00000002     
                  0000fff8    00000002     rts430_eabi.lib : int12.obj (.int12)

TIMER1_A0 
*          0    0000fffa    00000002     
                  0000fffa    00000002     rts430_eabi.lib : int13.obj (.int13)

NMI        0    0000fffc    00000002     
                  0000fffc    00000002     rts430_eabi.lib : int14.obj (.int14)

.reset     0    0000fffe    00000002     
                  0000fffe    00000002     rts430_eabi.lib : boot.obj (.reset)


LINKER GENERATED COPY TABLES

__TI_cinit_table @ 0000ce7c records: 2, size/record: 4, table size: 8
	.data: load addr=0000ce6a, load size=00000008 bytes, run addr=00000236, run size=00000004 bytes, compression=copy
	.bss: load addr=0000ce78, load size=00000004 bytes, run addr=00000200, run size=00000036 bytes, compression=zero_init


LINKER GENERATED HANDLER TABLE

__TI_handler_table @ 0000ce72 records: 3, size/record: 2, table size: 6
	index: 0, handler: __TI_zero_init
	index: 1, handler: __TI_decompress_rle24
	index: 2, handler: __TI_decompress_none


GLOBAL SYMBOLS: SORTED ALPHABETICALLY BY Name 

address   name                    
-------   ----                    
0000004a  ADC10AE0                
000001b0  ADC10CTL0               
000001b2  ADC10CTL1               
00000048  ADC10DTC0               
00000049  ADC10DTC1               
000001b4  ADC10MEM                
000001bc  ADC10SA                 
00000057  BCSCTL1                 
00000058  BCSCTL2                 
00000053  BCSCTL3                 
0000cdec  C$$EXIT                 
00000059  CACTL1                  
0000005a  CACTL2                  
000010fb  CALBC1_12MHZ            
000010f9  CALBC1_16MHZ            
000010ff  CALBC1_1MHZ             
000010fd  CALBC1_8MHZ             
000010fa  CALDCO_12MHZ            
000010f8  CALDCO_16MHZ            
000010fe  CALDCO_1MHZ             
000010fc  CALDCO_8MHZ             
0000005b  CAPD                    
00000056  DCOCTL                  
00000128  FCTL1                   
0000012a  FCTL2                   
0000012c  FCTL3                   
00000000  IE1                     
00000001  IE2                     
00000002  IFG1                    
00000003  IFG2                    
00000022  P1DIR                   
00000025  P1IE                    
00000024  P1IES                   
00000023  P1IFG                   
00000020  P1IN                    
00000021  P1OUT                   
00000027  P1REN                   
00000026  P1SEL                   
00000041  P1SEL2                  
0000002a  P2DIR                   
0000002d  P2IE                    
0000002c  P2IES                   
0000002b  P2IFG                   
00000028  P2IN                    
00000029  P2OUT                   
0000002f  P2REN                   
0000002e  P2SEL                   
00000042  P2SEL2                  
0000001a  P3DIR                   
00000018  P3IN                    
00000019  P3OUT                   
00000010  P3REN                   
0000001b  P3SEL                   
00000043  P3SEL2                  
00000172  TA0CCR0                 
00000174  TA0CCR1                 
00000176  TA0CCR2                 
00000162  TA0CCTL0                
00000164  TA0CCTL1                
00000166  TA0CCTL2                
00000160  TA0CTL                  
0000012e  TA0IV                   
00000170  TA0R                    
00000192  TA1CCR0                 
00000194  TA1CCR1                 
00000196  TA1CCR2                 
00000182  TA1CCTL0                
00000184  TA1CCTL1                
00000186  TA1CCTL2                
00000180  TA1CTL                  
0000011e  TA1IV                   
00000190  TA1R                    
000010db  TLV_ADC10_1_LEN         
000010da  TLV_ADC10_1_TAG         
000010c0  TLV_CHECKSUM            
000010f7  TLV_DCO_30_LEN          
000010f6  TLV_DCO_30_TAG          
0000005d  UCA0ABCTL               
00000062  UCA0BR0                 
00000063  UCA0BR1                 
00000060  UCA0CTL0                
00000061  UCA0CTL1                
0000005f  UCA0IRRCTL              
0000005e  UCA0IRTCTL              
00000064  UCA0MCTL                
00000066  UCA0RXBUF               
00000065  UCA0STAT                
00000067  UCA0TXBUF               
0000006a  UCB0BR0                 
0000006b  UCB0BR1                 
00000068  UCB0CTL0                
00000069  UCB0CTL1                
0000006c  UCB0I2CIE               
00000118  UCB0I2COA               
0000011a  UCB0I2CSA               
0000006e  UCB0RXBUF               
0000006d  UCB0STAT                
0000006f  UCB0TXBUF               
0000ca26  USCI0RX_ISR             
00000120  WDTCTL                  
00000400  __STACK_END             
00000050  __STACK_SIZE            
0000ce7c  __TI_CINIT_Base         
0000ce84  __TI_CINIT_Limit        
0000ce72  __TI_Handler_Table_Base 
0000ce78  __TI_Handler_Table_Limit
UNDEFED   __TI_INITARRAY_Base     
UNDEFED   __TI_INITARRAY_Limit    
0000cddc  __TI_ISR_TRAP           
0000cd80  __TI_decompress_none    
0000cde2  __TI_decompress_rle24   
0000ffe0  __TI_int00              
0000ffe4  __TI_int02              
0000ffe6  __TI_int03              
0000ffea  __TI_int05              
0000ffec  __TI_int06              
0000ffee  __TI_int07              
0000fff0  __TI_int08              
0000fff2  __TI_int09              
0000fff4  __TI_int10              
0000fff6  __TI_int11              
0000fff8  __TI_int12              
0000fffa  __TI_int13              
0000fffc  __TI_int14              
0000cd6c  __TI_zero_init          
ffffffff  __binit__               
ffffffff  __c_args__              
0000cc58  __mspabi_divi           
0000cd40  __mspabi_divu           
0000cdc2  __mspabi_func_epilog_1  
0000cdc0  __mspabi_func_epilog_2  
0000cdbe  __mspabi_func_epilog_3  
0000cdbc  __mspabi_func_epilog_4  
0000cdba  __mspabi_func_epilog_5  
0000cdb8  __mspabi_func_epilog_6  
0000cdb6  __mspabi_func_epilog_7  
0000cc58  __mspabi_remi           
0000cd40  __mspabi_remu           
0000cc84  __mspabi_slli           
0000ccac  __mspabi_slli_1         
0000cc9a  __mspabi_slli_10        
0000cc98  __mspabi_slli_11        
0000cc96  __mspabi_slli_12        
0000cc94  __mspabi_slli_13        
0000cc92  __mspabi_slli_14        
0000cc90  __mspabi_slli_15        
0000ccaa  __mspabi_slli_2         
0000cca8  __mspabi_slli_3         
0000cca6  __mspabi_slli_4         
0000cca4  __mspabi_slli_5         
0000cca2  __mspabi_slli_6         
0000cca0  __mspabi_slli_7         
0000cc9e  __mspabi_slli_8         
0000cc9c  __mspabi_slli_9         
0000cc2c  __mspabi_srai           
0000cc54  __mspabi_srai_1         
0000cc42  __mspabi_srai_10        
0000cc40  __mspabi_srai_11        
0000cc3e  __mspabi_srai_12        
0000cc3c  __mspabi_srai_13        
0000cc3a  __mspabi_srai_14        
0000cc38  __mspabi_srai_15        
0000cc52  __mspabi_srai_2         
0000cc50  __mspabi_srai_3         
0000cc4e  __mspabi_srai_4         
0000cc4c  __mspabi_srai_5         
0000cc4a  __mspabi_srai_6         
0000cc48  __mspabi_srai_7         
0000cc46  __mspabi_srai_8         
0000cc44  __mspabi_srai_9         
0000cbe0  __mspabi_srli           
0000cc26  __mspabi_srli_1         
0000cc02  __mspabi_srli_10        
0000cbfe  __mspabi_srli_11        
0000cbfa  __mspabi_srli_12        
0000cbf6  __mspabi_srli_13        
0000cbf2  __mspabi_srli_14        
0000cbee  __mspabi_srli_15        
0000cc22  __mspabi_srli_2         
0000cc1e  __mspabi_srli_3         
0000cc1a  __mspabi_srli_4         
0000cc16  __mspabi_srli_5         
0000cc12  __mspabi_srli_6         
0000cc0e  __mspabi_srli_7         
0000cc0a  __mspabi_srli_8         
0000cc06  __mspabi_srli_9         
0000cae6  _auto_init              
0000cd26  _c_int00_noargs_noexit  
0000fffe  _reset_vector           
000003b0  _stack                  
0000cde8  _system_pre_init        
0000cdec  abort                   
ffffffff  binit                   
00000239  echoBack                
0000ccda  enableTrigger           
0000ca88  initMSP                 
0000c95c  itoa                    
0000cdc6  lcd_checkBusyFlag       
0000c8ee  lcd_clear               
0000c764  lcd_cursorBlink         
0000c6c0  lcd_cursorSet           
0000c7e8  lcd_cursorShow          
0000c86c  lcd_enable              
0000c4b4  lcd_init                
0000cb90  lcd_nowaitCheck         
0000cb3e  lcd_putChar             
0000cdd2  lcd_putNumber           
0000cd00  lcd_putText             
0000c000  main                    
0000cd92  memcpy                  
00000200  rxBuffer                
00000237  rxBufferEnd             
00000238  rxBufferError           
00000236  rxBufferStart           
0000ccb0  serialPrint             
0000cd56  serialPrintln           
0000cda4  serialWrite             


GLOBAL SYMBOLS: SORTED BY Symbol Address 

address   name                    
-------   ----                    
00000000  IE1                     
00000001  IE2                     
00000002  IFG1                    
00000003  IFG2                    
00000010  P3REN                   
00000018  P3IN                    
00000019  P3OUT                   
0000001a  P3DIR                   
0000001b  P3SEL                   
00000020  P1IN                    
00000021  P1OUT                   
00000022  P1DIR                   
00000023  P1IFG                   
00000024  P1IES                   
00000025  P1IE                    
00000026  P1SEL                   
00000027  P1REN                   
00000028  P2IN                    
00000029  P2OUT                   
0000002a  P2DIR                   
0000002b  P2IFG                   
0000002c  P2IES                   
0000002d  P2IE                    
0000002e  P2SEL                   
0000002f  P2REN                   
00000041  P1SEL2                  
00000042  P2SEL2                  
00000043  P3SEL2                  
00000048  ADC10DTC0               
00000049  ADC10DTC1               
0000004a  ADC10AE0                
00000050  __STACK_SIZE            
00000053  BCSCTL3                 
00000056  DCOCTL                  
00000057  BCSCTL1                 
00000058  BCSCTL2                 
00000059  CACTL1                  
0000005a  CACTL2                  
0000005b  CAPD                    
0000005d  UCA0ABCTL               
0000005e  UCA0IRTCTL              
0000005f  UCA0IRRCTL              
00000060  UCA0CTL0                
00000061  UCA0CTL1                
00000062  UCA0BR0                 
00000063  UCA0BR1                 
00000064  UCA0MCTL                
00000065  UCA0STAT                
00000066  UCA0RXBUF               
00000067  UCA0TXBUF               
00000068  UCB0CTL0                
00000069  UCB0CTL1                
0000006a  UCB0BR0                 
0000006b  UCB0BR1                 
0000006c  UCB0I2CIE               
0000006d  UCB0STAT                
0000006e  UCB0RXBUF               
0000006f  UCB0TXBUF               
00000118  UCB0I2COA               
0000011a  UCB0I2CSA               
0000011e  TA1IV                   
00000120  WDTCTL                  
00000128  FCTL1                   
0000012a  FCTL2                   
0000012c  FCTL3                   
0000012e  TA0IV                   
00000160  TA0CTL                  
00000162  TA0CCTL0                
00000164  TA0CCTL1                
00000166  TA0CCTL2                
00000170  TA0R                    
00000172  TA0CCR0                 
00000174  TA0CCR1                 
00000176  TA0CCR2                 
00000180  TA1CTL                  
00000182  TA1CCTL0                
00000184  TA1CCTL1                
00000186  TA1CCTL2                
00000190  TA1R                    
00000192  TA1CCR0                 
00000194  TA1CCR1                 
00000196  TA1CCR2                 
000001b0  ADC10CTL0               
000001b2  ADC10CTL1               
000001b4  ADC10MEM                
000001bc  ADC10SA                 
00000200  rxBuffer                
00000236  rxBufferStart           
00000237  rxBufferEnd             
00000238  rxBufferError           
00000239  echoBack                
000003b0  _stack                  
00000400  __STACK_END             
000010c0  TLV_CHECKSUM            
000010da  TLV_ADC10_1_TAG         
000010db  TLV_ADC10_1_LEN         
000010f6  TLV_DCO_30_TAG          
000010f7  TLV_DCO_30_LEN          
000010f8  CALDCO_16MHZ            
000010f9  CALBC1_16MHZ            
000010fa  CALDCO_12MHZ            
000010fb  CALBC1_12MHZ            
000010fc  CALDCO_8MHZ             
000010fd  CALBC1_8MHZ             
000010fe  CALDCO_1MHZ             
000010ff  CALBC1_1MHZ             
0000c000  main                    
0000c4b4  lcd_init                
0000c6c0  lcd_cursorSet           
0000c764  lcd_cursorBlink         
0000c7e8  lcd_cursorShow          
0000c86c  lcd_enable              
0000c8ee  lcd_clear               
0000c95c  itoa                    
0000ca26  USCI0RX_ISR             
0000ca88  initMSP                 
0000cae6  _auto_init              
0000cb3e  lcd_putChar             
0000cb90  lcd_nowaitCheck         
0000cbe0  __mspabi_srli           
0000cbee  __mspabi_srli_15        
0000cbf2  __mspabi_srli_14        
0000cbf6  __mspabi_srli_13        
0000cbfa  __mspabi_srli_12        
0000cbfe  __mspabi_srli_11        
0000cc02  __mspabi_srli_10        
0000cc06  __mspabi_srli_9         
0000cc0a  __mspabi_srli_8         
0000cc0e  __mspabi_srli_7         
0000cc12  __mspabi_srli_6         
0000cc16  __mspabi_srli_5         
0000cc1a  __mspabi_srli_4         
0000cc1e  __mspabi_srli_3         
0000cc22  __mspabi_srli_2         
0000cc26  __mspabi_srli_1         
0000cc2c  __mspabi_srai           
0000cc38  __mspabi_srai_15        
0000cc3a  __mspabi_srai_14        
0000cc3c  __mspabi_srai_13        
0000cc3e  __mspabi_srai_12        
0000cc40  __mspabi_srai_11        
0000cc42  __mspabi_srai_10        
0000cc44  __mspabi_srai_9         
0000cc46  __mspabi_srai_8         
0000cc48  __mspabi_srai_7         
0000cc4a  __mspabi_srai_6         
0000cc4c  __mspabi_srai_5         
0000cc4e  __mspabi_srai_4         
0000cc50  __mspabi_srai_3         
0000cc52  __mspabi_srai_2         
0000cc54  __mspabi_srai_1         
0000cc58  __mspabi_divi           
0000cc58  __mspabi_remi           
0000cc84  __mspabi_slli           
0000cc90  __mspabi_slli_15        
0000cc92  __mspabi_slli_14        
0000cc94  __mspabi_slli_13        
0000cc96  __mspabi_slli_12        
0000cc98  __mspabi_slli_11        
0000cc9a  __mspabi_slli_10        
0000cc9c  __mspabi_slli_9         
0000cc9e  __mspabi_slli_8         
0000cca0  __mspabi_slli_7         
0000cca2  __mspabi_slli_6         
0000cca4  __mspabi_slli_5         
0000cca6  __mspabi_slli_4         
0000cca8  __mspabi_slli_3         
0000ccaa  __mspabi_slli_2         
0000ccac  __mspabi_slli_1         
0000ccb0  serialPrint             
0000ccda  enableTrigger           
0000cd00  lcd_putText             
0000cd26  _c_int00_noargs_noexit  
0000cd40  __mspabi_divu           
0000cd40  __mspabi_remu           
0000cd56  serialPrintln           
0000cd6c  __TI_zero_init          
0000cd80  __TI_decompress_none    
0000cd92  memcpy                  
0000cda4  serialWrite             
0000cdb6  __mspabi_func_epilog_7  
0000cdb8  __mspabi_func_epilog_6  
0000cdba  __mspabi_func_epilog_5  
0000cdbc  __mspabi_func_epilog_4  
0000cdbe  __mspabi_func_epilog_3  
0000cdc0  __mspabi_func_epilog_2  
0000cdc2  __mspabi_func_epilog_1  
0000cdc6  lcd_checkBusyFlag       
0000cdd2  lcd_putNumber           
0000cddc  __TI_ISR_TRAP           
0000cde2  __TI_decompress_rle24   
0000cde8  _system_pre_init        
0000cdec  C$$EXIT                 
0000cdec  abort                   
0000ce72  __TI_Handler_Table_Base 
0000ce78  __TI_Handler_Table_Limit
0000ce7c  __TI_CINIT_Base         
0000ce84  __TI_CINIT_Limit        
0000ffe0  __TI_int00              
0000ffe4  __TI_int02              
0000ffe6  __TI_int03              
0000ffea  __TI_int05              
0000ffec  __TI_int06              
0000ffee  __TI_int07              
0000fff0  __TI_int08              
0000fff2  __TI_int09              
0000fff4  __TI_int10              
0000fff6  __TI_int11              
0000fff8  __TI_int12              
0000fffa  __TI_int13              
0000fffc  __TI_int14              
0000fffe  _reset_vector           
ffffffff  __binit__               
ffffffff  __c_args__              
ffffffff  binit                   
UNDEFED   __TI_INITARRAY_Base     
UNDEFED   __TI_INITARRAY_Limit    

[217 symbols]
