******************************************************************************
                  MSP430 Linker PC v18.1.1                     
******************************************************************************
>> Linked Tue Jun  5 14:36:35 2018

OUTPUT FILE NAME:   <Exercise_3.out>
ENTRY POINT SYMBOL: "_c_int00_noargs"  address: 0000d1c8


MEMORY CONFIGURATION

         name            origin    length      used     unused   attr    fill
----------------------  --------  ---------  --------  --------  ----  --------
  SFR                   00000000   00000010  00000000  00000010  RWIX
  PERIPHERALS_8BIT      00000010   000000f0  00000000  000000f0  RWIX
  PERIPHERALS_16BIT     00000100   00000100  00000000  00000100  RWIX
  RAM                   00000200   00000200  0000006d  00000193  RWIX
  INFOD                 00001000   00000040  00000000  00000040  RWIX
  INFOC                 00001040   00000040  00000000  00000040  RWIX
  INFOB                 00001080   00000040  00000000  00000040  RWIX
  INFOA                 000010c0   00000040  00000000  00000040  RWIX
  FLASH                 0000c000   00003fde  00001447  00002b97  RWIX
  BSLSIGNATURE          0000ffde   00000002  00000002  00000000  RWIX  ffff 
  INT00                 0000ffe0   00000002  00000002  00000000  RWIX
  INT01                 0000ffe2   00000002  00000000  00000002  RWIX
  INT02                 0000ffe4   00000002  00000002  00000000  RWIX
  INT03                 0000ffe6   00000002  00000002  00000000  RWIX
  INT04                 0000ffe8   00000002  00000000  00000002  RWIX
  INT05                 0000ffea   00000002  00000002  00000000  RWIX
  INT06                 0000ffec   00000002  00000002  00000000  RWIX
  INT07                 0000ffee   00000002  00000002  00000000  RWIX
  INT08                 0000fff0   00000002  00000002  00000000  RWIX
  INT09                 0000fff2   00000002  00000002  00000000  RWIX
  INT10                 0000fff4   00000002  00000002  00000000  RWIX
  INT11                 0000fff6   00000002  00000002  00000000  RWIX
  INT12                 0000fff8   00000002  00000002  00000000  RWIX
  INT13                 0000fffa   00000002  00000002  00000000  RWIX
  INT14                 0000fffc   00000002  00000002  00000000  RWIX
  RESET                 0000fffe   00000002  00000002  00000000  RWIX


SECTION ALLOCATION MAP

 output                                  attributes/
section   page    origin      length       input sections
--------  ----  ----------  ----------   ----------------
.data      0    00000200    00000012     UNINITIALIZED
                  00000200    0000000c     mma.obj (.data)
                  0000020c    00000006     main.obj (.data)

.bss       0    00000212    0000000b     UNINITIALIZED
                  00000212    00000002     (.common:ptrRxData)
                  00000214    00000002     (.common:ptrTxData)
                  00000216    00000001     (.common:Resolution_14_BIT)
                  00000217    00000001     (.common:SMCLK_divider)
                  00000218    00000001     (.common:_stop)
                  00000219    00000001     (.common:dummyCtr)
                  0000021a    00000001     (.common:intFlag)
                  0000021b    00000001     (.common:rxByteCtr)
                  0000021c    00000001     (.common:txByteCtr)

.stack     0    000003b0    00000050     UNINITIALIZED
                  000003b0    00000002     rts430_eabi.lib : boot.c.obj (.stack)
                  000003b2    0000004e     --HOLE--

.text      0    0000c000    00001322     
                  0000c000    00000230     mma.obj (.text:mma_selftest)
                  0000c230    000001ec     main.obj (.text:perform_selftest)
                  0000c41c    00000116     rts430_eabi.lib : _printfi_min.c.obj (.text:_setfield)
                  0000c532    00000114     main.obj (.text:tap_detected)
                  0000c646    000000f0     rts430_eabi.lib : _printfi_min.c.obj (.text:__TI_printfi_minimal)
                  0000c736    000000e4     mma.obj (.text:mma_enableTapInterrupt)
                  0000c81a    000000da     main.obj (.text:pulse_interrupt)
                  0000c8f4    000000ca     rts430_eabi.lib : _printfi_min.c.obj (.text:_pproc_diouxp)
                  0000c9be    00000096     LCD.obj (.text:lcd_init)
                  0000ca54    00000082     mma.obj (.text:mma_read)
                  0000cad6    0000007c     i2c.obj (.text:USCIAB0TX_ISR)
                  0000cb52    0000007c     rts430_eabi.lib : copy_decompress_lzss.c.obj (.text:decompress:lzss:__TI_decompress_lzss)
                  0000cbce    00000072     mma.obj (.text:mma_init)
                  0000cc40    0000005a     mma.obj (.text:mma_setResolution)
                  0000cc9a    00000054     LCD.obj (.text:lcd_putChar)
                  0000ccee    00000052     LCD.obj (.text:lcdcontrol)
                  0000cd40    0000004c     rts430_eabi.lib : lsr16.asm.obj (.text)
                  0000cd8c    0000004a     i2c.obj (.text:i2c_init)
                  0000cdd6    0000004a     mma.obj (.text:mma_get14X)
                  0000ce20    0000004a     mma.obj (.text:mma_get14Y)
                  0000ce6a    0000004a     mma.obj (.text:mma_get14Z)
                  0000ceb4    00000042     rts430_eabi.lib : autoinit.c.obj (.text:__TI_auto_init_nobinit_nopinit:__TI_auto_init_nobinit_nopinit)
                  0000cef6    0000003e     main.obj (.text:Port_1)
                  0000cf34    0000003c     mma.obj (.text:mma_active_mode)
                  0000cf70    00000038     rts430_eabi.lib : sprintf.c.obj (.text:sprintf)
                  0000cfa8    00000034     main.obj (.text:main)
                  0000cfdc    00000030     mma.obj (.text:mma_disableTapInterrupt)
                  0000d00c    00000030     mma.obj (.text:mma_standby_mode)
                  0000d03c    0000002e     LCD.obj (.text:lcd_cursorSet)
                  0000d06a    0000002c     rts430_eabi.lib : asr16.asm.obj (.text)
                  0000d096    0000002c                     : div16s.asm.obj (.text)
                  0000d0c2    0000002c                     : lsl16.asm.obj (.text)
                  0000d0ee    00000026     i2c.obj (.text:i2c_read)
                  0000d114    00000026     templateEMP.obj (.text:initMSP)
                  0000d13a    00000024     i2c.obj (.text:i2c_write)
                  0000d15e    00000024     LCD.obj (.text:lcd_putNumber)
                  0000d182    00000024     LCD.obj (.text:lcd_putText)
                  0000d1a6    00000022     mma.obj (.text:i2c_readRegister)
                  0000d1c8    0000001c     rts430_eabi.lib : boot.c.obj (.text:_c_int00_noargs)
                  0000d1e4    0000001c     LCD.obj (.text:lcd_cursorShow)
                  0000d200    0000001a     rts430_eabi.lib : sprintf.c.obj (.text:_outs)
                  0000d21a    0000001a                     : memccpy.c.obj (.text:memccpy)
                  0000d234    00000016     i2c.obj (.text:USCIAB0RX_ISR)
                  0000d24a    00000016     rts430_eabi.lib : div16u.asm.obj (.text)
                  0000d260    00000014                     : copy_zero_init.c.obj (.text:decompress:ZI:__TI_zero_init_nomemset:__TI_zero_init_nomemset)
                  0000d274    00000014                     : memset.c.obj (.text:memset)
                  0000d288    00000014                     : mult16.asm.obj (.text)
                  0000d29c    00000012                     : sprintf.c.obj (.text:_outc)
                  0000d2ae    00000012                     : copy_decompress_none.c.obj (.text:decompress:none:__TI_decompress_none)
                  0000d2c0    00000012                     : memcpy.c.obj (.text:memcpy)
                  0000d2d2    00000010     LCD.obj (.text:lcd_enable)
                  0000d2e2    00000010     rts430_eabi.lib : epilog.asm.obj (.text)
                  0000d2f2    0000000e     LCD.obj (.text:lcd_clear)
                  0000d300    0000000e     rts430_eabi.lib : strlen.c.obj (.text:strlen)
                  0000d30e    00000008                     : isr_trap.asm.obj (.text:_isr:__TI_ISR_TRAP)
                  0000d316    00000006                     : exit.c.obj (.text:abort)
                  0000d31c    00000004                     : pre_init.c.obj (.text:_system_pre_init)
                  0000d320    00000002                     : startup.c.obj (.text:_system_post_cinit)

.const     0    0000d322    0000010b     
                  0000d322    000000e8     main.obj (.const:.string)
                  0000d40a    00000014     rts430_eabi.lib : _printfi_min.c.obj (.const:.string)
                  0000d41e    00000004     LCD.obj (.const:.string)
                  0000d422    00000002     mma.obj (.const:.string:$P$T0$1)
                  0000d424    00000002     mma.obj (.const:.string:$P$T1$2)
                  0000d426    00000002     mma.obj (.const:.string:$P$T2$3)
                  0000d428    00000002     mma.obj (.const:.string:$P$T4$5)
                  0000d42a    00000002     mma.obj (.const:.string:$P$T5$6)
                  0000d42c    00000001     mma.obj (.const:.string:$P$T3$4)

.cinit     0    0000d42e    0000001a     
                  0000d42e    00000007     (.cinit..data.load) [load image, compression = lzss]
                  0000d435    00000001     --HOLE-- [fill = 0]
                  0000d436    00000006     (__TI_handler_table)
                  0000d43c    00000004     (.cinit..bss.load) [load image, compression = zero_init]
                  0000d440    00000008     (__TI_cinit_table)

.binit     0    0000c000    00000000     

.init_array 
*          0    0000c000    00000000     UNINITIALIZED

TRAPINT    0    0000ffe0    00000002     
                  0000ffe0    00000002     rts430_eabi.lib : int00.asm.obj (.int00)

PORT1      0    0000ffe4    00000002     
                  0000ffe4    00000002     main.obj (.int02)

PORT2      0    0000ffe6    00000002     
                  0000ffe6    00000002     rts430_eabi.lib : int03.asm.obj (.int03)

ADC10      0    0000ffea    00000002     
                  0000ffea    00000002     rts430_eabi.lib : int05.asm.obj (.int05)

USCIAB0TX 
*          0    0000ffec    00000002     
                  0000ffec    00000002     i2c.obj (.int06)

USCIAB0RX 
*          0    0000ffee    00000002     
                  0000ffee    00000002     i2c.obj (.int07)

TIMER0_A1 
*          0    0000fff0    00000002     
                  0000fff0    00000002     rts430_eabi.lib : int08.asm.obj (.int08)

TIMER0_A0 
*          0    0000fff2    00000002     
                  0000fff2    00000002     rts430_eabi.lib : int09.asm.obj (.int09)

WDT        0    0000fff4    00000002     
                  0000fff4    00000002     rts430_eabi.lib : int10.asm.obj (.int10)

COMPARATORA 
*          0    0000fff6    00000002     
                  0000fff6    00000002     rts430_eabi.lib : int11.asm.obj (.int11)

TIMER1_A1 
*          0    0000fff8    00000002     
                  0000fff8    00000002     rts430_eabi.lib : int12.asm.obj (.int12)

TIMER1_A0 
*          0    0000fffa    00000002     
                  0000fffa    00000002     rts430_eabi.lib : int13.asm.obj (.int13)

NMI        0    0000fffc    00000002     
                  0000fffc    00000002     rts430_eabi.lib : int14.asm.obj (.int14)

.reset     0    0000fffe    00000002     
                  0000fffe    00000002     rts430_eabi.lib : boot.c.obj (.reset)

$fill000   0    0000ffde    00000002     
                  0000ffde    00000002     --HOLE-- [fill = ffff]

MODULE SUMMARY

       Module                       code   ro data   rw data
       ------                       ----   -------   -------
    .\
       main.obj                     1100   234       16     
    +--+----------------------------+------+---------+---------+
       Total:                       1100   234       16     
                                                            
    .\libs\
       mma.obj                      1534   11        13     
       LCD.obj                      492    4         0      
       i2c.obj                      294    4         0      
       templateEMP.obj              38     0         0      
    +--+----------------------------+------+---------+---------+
       Total:                       2358   19        13     
                                                            
    E:\Installed Softwares\ti\ccsv7\tools\compiler\ti-cgt-msp430_18.1.1.LTS\lib\rts430_eabi.lib
       _printfi_min.c.obj           720    20        0      
       copy_decompress_lzss.c.obj   124    0         0      
       sprintf.c.obj                100    0         0      
       lsr16.asm.obj                76     0         0      
       autoinit.c.obj               66     0         0      
       asr16.asm.obj                44     0         0      
       div16s.asm.obj               44     0         0      
       lsl16.asm.obj                44     0         0      
       boot.c.obj                   28     2         0      
       memccpy.c.obj                26     0         0      
       div16u.asm.obj               22     0         0      
       copy_zero_init.c.obj         20     0         0      
       memset.c.obj                 20     0         0      
       mult16.asm.obj               20     0         0      
       copy_decompress_none.c.obj   18     0         0      
       memcpy.c.obj                 18     0         0      
       epilog.asm.obj               16     0         0      
       strlen.c.obj                 14     0         0      
       isr_trap.asm.obj             8      0         0      
       exit.c.obj                   6      0         0      
       pre_init.c.obj               4      0         0      
       int00.asm.obj                0      2         0      
       int03.asm.obj                0      2         0      
       int05.asm.obj                0      2         0      
       int08.asm.obj                0      2         0      
       int09.asm.obj                0      2         0      
       int10.asm.obj                0      2         0      
       int11.asm.obj                0      2         0      
       int12.asm.obj                0      2         0      
       int13.asm.obj                0      2         0      
       int14.asm.obj                0      2         0      
       startup.c.obj                2      0         0      
    +--+----------------------------+------+---------+---------+
       Total:                       1440   42        0      
                                                            
       Stack:                       0      0         80     
       Linker Generated:            0      25        0      
    +--+----------------------------+------+---------+---------+
       Grand Total:                 4898   320       109    


LINKER GENERATED COPY TABLES

__TI_cinit_table @ 0000d440 records: 2, size/record: 4, table size: 8
	.data: load addr=0000d42e, load size=00000007 bytes, run addr=00000200, run size=00000012 bytes, compression=lzss
	.bss: load addr=0000d43c, load size=00000004 bytes, run addr=00000212, run size=0000000b bytes, compression=zero_init


LINKER GENERATED HANDLER TABLE

__TI_handler_table @ 0000d436 records: 3, size/record: 2, table size: 6
	index: 0, handler: __TI_zero_init
	index: 1, handler: __TI_decompress_lzss
	index: 2, handler: __TI_decompress_none


GLOBAL SYMBOLS: SORTED ALPHABETICALLY BY Name 

address   name                          
-------   ----                          
0000004a  ADC10AE0                      
000001b0  ADC10CTL0                     
000001b2  ADC10CTL1                     
00000048  ADC10DTC0                     
00000049  ADC10DTC1                     
000001b4  ADC10MEM                      
000001bc  ADC10SA                       
00000057  BCSCTL1                       
00000058  BCSCTL2                       
00000053  BCSCTL3                       
0000d316  C$$EXIT                       
00000059  CACTL1                        
0000005a  CACTL2                        
000010fb  CALBC1_12MHZ                  
000010f9  CALBC1_16MHZ                  
000010ff  CALBC1_1MHZ                   
000010fd  CALBC1_8MHZ                   
000010fa  CALDCO_12MHZ                  
000010f8  CALDCO_16MHZ                  
000010fe  CALDCO_1MHZ                   
000010fc  CALDCO_8MHZ                   
0000005b  CAPD                          
00000210  CountFlag                     
00000056  DCOCTL                        
00000128  FCTL1                         
0000012a  FCTL2                         
0000012c  FCTL3                         
00000000  IE1                           
00000001  IE2                           
00000002  IFG1                          
00000003  IFG2                          
00000022  P1DIR                         
00000025  P1IE                          
00000024  P1IES                         
00000023  P1IFG                         
00000020  P1IN                          
00000021  P1OUT                         
00000027  P1REN                         
00000026  P1SEL                         
00000041  P1SEL2                        
0000002a  P2DIR                         
0000002d  P2IE                          
0000002c  P2IES                         
0000002b  P2IFG                         
00000028  P2IN                          
00000029  P2OUT                         
0000002f  P2REN                         
0000002e  P2SEL                         
00000042  P2SEL2                        
0000001a  P3DIR                         
00000018  P3IN                          
00000019  P3OUT                         
00000010  P3REN                         
0000001b  P3SEL                         
00000043  P3SEL2                        
0000cef6  Port_1                        
00000216  Resolution_14_BIT             
00000217  SMCLK_divider                 
00000172  TA0CCR0                       
00000174  TA0CCR1                       
00000176  TA0CCR2                       
00000162  TA0CCTL0                      
00000164  TA0CCTL1                      
00000166  TA0CCTL2                      
00000160  TA0CTL                        
0000012e  TA0IV                         
00000170  TA0R                          
00000192  TA1CCR0                       
00000194  TA1CCR1                       
00000196  TA1CCR2                       
00000182  TA1CCTL0                      
00000184  TA1CCTL1                      
00000186  TA1CCTL2                      
00000180  TA1CTL                        
0000011e  TA1IV                         
00000190  TA1R                          
000010db  TLV_ADC10_1_LEN               
000010da  TLV_ADC10_1_TAG               
000010c0  TLV_CHECKSUM                  
000010f7  TLV_DCO_30_LEN                
000010f6  TLV_DCO_30_TAG                
0000005d  UCA0ABCTL                     
00000062  UCA0BR0                       
00000063  UCA0BR1                       
00000060  UCA0CTL0                      
00000061  UCA0CTL1                      
0000005f  UCA0IRRCTL                    
0000005e  UCA0IRTCTL                    
00000064  UCA0MCTL                      
00000066  UCA0RXBUF                     
00000065  UCA0STAT                      
00000067  UCA0TXBUF                     
0000006a  UCB0BR0                       
0000006b  UCB0BR1                       
00000068  UCB0CTL0                      
00000069  UCB0CTL1                      
0000006c  UCB0I2CIE                     
00000118  UCB0I2COA                     
0000011a  UCB0I2CSA                     
0000006e  UCB0RXBUF                     
0000006d  UCB0STAT                      
0000006f  UCB0TXBUF                     
0000d234  USCIAB0RX_ISR                 
0000cad6  USCIAB0TX_ISR                 
00000120  WDTCTL                        
00000400  __STACK_END                   
00000050  __STACK_SIZE                  
0000d440  __TI_CINIT_Base               
0000d448  __TI_CINIT_Limit              
0000d436  __TI_Handler_Table_Base       
0000d43c  __TI_Handler_Table_Limit      
0000d30e  __TI_ISR_TRAP                 
0000ceb4  __TI_auto_init_nobinit_nopinit
0000cb52  __TI_decompress_lzss          
0000d2ae  __TI_decompress_none          
0000ffe0  __TI_int00                    
0000ffe4  __TI_int02                    
0000ffe6  __TI_int03                    
0000ffea  __TI_int05                    
0000ffec  __TI_int06                    
0000ffee  __TI_int07                    
0000fff0  __TI_int08                    
0000fff2  __TI_int09                    
0000fff4  __TI_int10                    
0000fff6  __TI_int11                    
0000fff8  __TI_int12                    
0000fffa  __TI_int13                    
0000fffc  __TI_int14                    
ffffffff  __TI_pprof_out_hndl           
0000c646  __TI_printfi_minimal          
ffffffff  __TI_prof_data_size           
ffffffff  __TI_prof_data_start          
0000d260  __TI_zero_init_nomemset       
ffffffff  __c_args__                    
0000d096  __mspabi_divi                 
0000d24a  __mspabi_divu                 
0000d2ee  __mspabi_func_epilog_1        
0000d2ec  __mspabi_func_epilog_2        
0000d2ea  __mspabi_func_epilog_3        
0000d2e8  __mspabi_func_epilog_4        
0000d2e6  __mspabi_func_epilog_5        
0000d2e4  __mspabi_func_epilog_6        
0000d2e2  __mspabi_func_epilog_7        
0000d288  __mspabi_mpyi                 
0000d288  __mspabi_mpyi_sw              
0000d096  __mspabi_remi                 
0000d24a  __mspabi_remu                 
0000d0c2  __mspabi_slli                 
0000d0ea  __mspabi_slli_1               
0000d0d8  __mspabi_slli_10              
0000d0d6  __mspabi_slli_11              
0000d0d4  __mspabi_slli_12              
0000d0d2  __mspabi_slli_13              
0000d0d0  __mspabi_slli_14              
0000d0ce  __mspabi_slli_15              
0000d0e8  __mspabi_slli_2               
0000d0e6  __mspabi_slli_3               
0000d0e4  __mspabi_slli_4               
0000d0e2  __mspabi_slli_5               
0000d0e0  __mspabi_slli_6               
0000d0de  __mspabi_slli_7               
0000d0dc  __mspabi_slli_8               
0000d0da  __mspabi_slli_9               
0000d06a  __mspabi_srai                 
0000d092  __mspabi_srai_1               
0000d080  __mspabi_srai_10              
0000d07e  __mspabi_srai_11              
0000d07c  __mspabi_srai_12              
0000d07a  __mspabi_srai_13              
0000d078  __mspabi_srai_14              
0000d076  __mspabi_srai_15              
0000d090  __mspabi_srai_2               
0000d08e  __mspabi_srai_3               
0000d08c  __mspabi_srai_4               
0000d08a  __mspabi_srai_5               
0000d088  __mspabi_srai_6               
0000d086  __mspabi_srai_7               
0000d084  __mspabi_srai_8               
0000d082  __mspabi_srai_9               
0000cd40  __mspabi_srli                 
0000cd86  __mspabi_srli_1               
0000cd62  __mspabi_srli_10              
0000cd5e  __mspabi_srli_11              
0000cd5a  __mspabi_srli_12              
0000cd56  __mspabi_srli_13              
0000cd52  __mspabi_srli_14              
0000cd4e  __mspabi_srli_15              
0000cd82  __mspabi_srli_2               
0000cd7e  __mspabi_srli_3               
0000cd7a  __mspabi_srli_4               
0000cd76  __mspabi_srli_5               
0000cd72  __mspabi_srli_6               
0000cd6e  __mspabi_srli_7               
0000cd6a  __mspabi_srli_8               
0000cd66  __mspabi_srli_9               
0000d1c8  _c_int00_noargs               
0000fffe  _reset_vector                 
000003b0  _stack                        
00000218  _stop                         
0000d320  _system_post_cinit            
0000d31c  _system_pre_init              
0000d316  abort                         
00000219  dummyCtr                      
0000cd8c  i2c_init                      
0000d0ee  i2c_read                      
0000d1a6  i2c_readRegister              
0000d13a  i2c_write                     
0000d114  initMSP                       
0000021a  intFlag                       
0000d2f2  lcd_clear                     
0000d03c  lcd_cursorSet                 
0000d1e4  lcd_cursorShow                
0000d2d2  lcd_enable                    
0000c9be  lcd_init                      
0000cc9a  lcd_putChar                   
0000d15e  lcd_putNumber                 
0000d182  lcd_putText                   
0000ccee  lcdcontrol                    
0000cfa8  main                          
0000d21a  memccpy                       
0000d2c0  memcpy                        
0000d274  memset                        
0000cf34  mma_active_mode               
0000cfdc  mma_disableTapInterrupt       
0000c736  mma_enableTapInterrupt        
0000cdd6  mma_get14X                    
0000ce20  mma_get14Y                    
0000ce6a  mma_get14Z                    
0000cbce  mma_init                      
0000ca54  mma_read                      
0000c000  mma_selftest                  
0000cc40  mma_setResolution             
0000d00c  mma_standby_mode              
0000c230  perform_selftest              
00000212  ptrRxData                     
00000214  ptrTxData                     
0000c81a  pulse_interrupt               
0000021b  rxByteCtr                     
0000cf70  sprintf                       
0000d300  strlen                        
0000c532  tap_detected                  
0000020c  tap_source                    
0000020e  timerCount                    
0000021c  txByteCtr                     
00000200  x                             
00000206  x_high                        
00000207  x_low                         
00000202  y                             
00000208  y_high                        
00000209  y_low                         
00000204  z                             
0000020a  z_high                        
0000020b  z_low                         


GLOBAL SYMBOLS: SORTED BY Symbol Address 

address   name                          
-------   ----                          
00000000  IE1                           
00000001  IE2                           
00000002  IFG1                          
00000003  IFG2                          
00000010  P3REN                         
00000018  P3IN                          
00000019  P3OUT                         
0000001a  P3DIR                         
0000001b  P3SEL                         
00000020  P1IN                          
00000021  P1OUT                         
00000022  P1DIR                         
00000023  P1IFG                         
00000024  P1IES                         
00000025  P1IE                          
00000026  P1SEL                         
00000027  P1REN                         
00000028  P2IN                          
00000029  P2OUT                         
0000002a  P2DIR                         
0000002b  P2IFG                         
0000002c  P2IES                         
0000002d  P2IE                          
0000002e  P2SEL                         
0000002f  P2REN                         
00000041  P1SEL2                        
00000042  P2SEL2                        
00000043  P3SEL2                        
00000048  ADC10DTC0                     
00000049  ADC10DTC1                     
0000004a  ADC10AE0                      
00000050  __STACK_SIZE                  
00000053  BCSCTL3                       
00000056  DCOCTL                        
00000057  BCSCTL1                       
00000058  BCSCTL2                       
00000059  CACTL1                        
0000005a  CACTL2                        
0000005b  CAPD                          
0000005d  UCA0ABCTL                     
0000005e  UCA0IRTCTL                    
0000005f  UCA0IRRCTL                    
00000060  UCA0CTL0                      
00000061  UCA0CTL1                      
00000062  UCA0BR0                       
00000063  UCA0BR1                       
00000064  UCA0MCTL                      
00000065  UCA0STAT                      
00000066  UCA0RXBUF                     
00000067  UCA0TXBUF                     
00000068  UCB0CTL0                      
00000069  UCB0CTL1                      
0000006a  UCB0BR0                       
0000006b  UCB0BR1                       
0000006c  UCB0I2CIE                     
0000006d  UCB0STAT                      
0000006e  UCB0RXBUF                     
0000006f  UCB0TXBUF                     
00000118  UCB0I2COA                     
0000011a  UCB0I2CSA                     
0000011e  TA1IV                         
00000120  WDTCTL                        
00000128  FCTL1                         
0000012a  FCTL2                         
0000012c  FCTL3                         
0000012e  TA0IV                         
00000160  TA0CTL                        
00000162  TA0CCTL0                      
00000164  TA0CCTL1                      
00000166  TA0CCTL2                      
00000170  TA0R                          
00000172  TA0CCR0                       
00000174  TA0CCR1                       
00000176  TA0CCR2                       
00000180  TA1CTL                        
00000182  TA1CCTL0                      
00000184  TA1CCTL1                      
00000186  TA1CCTL2                      
00000190  TA1R                          
00000192  TA1CCR0                       
00000194  TA1CCR1                       
00000196  TA1CCR2                       
000001b0  ADC10CTL0                     
000001b2  ADC10CTL1                     
000001b4  ADC10MEM                      
000001bc  ADC10SA                       
00000200  x                             
00000202  y                             
00000204  z                             
00000206  x_high                        
00000207  x_low                         
00000208  y_high                        
00000209  y_low                         
0000020a  z_high                        
0000020b  z_low                         
0000020c  tap_source                    
0000020e  timerCount                    
00000210  CountFlag                     
00000212  ptrRxData                     
00000214  ptrTxData                     
00000216  Resolution_14_BIT             
00000217  SMCLK_divider                 
00000218  _stop                         
00000219  dummyCtr                      
0000021a  intFlag                       
0000021b  rxByteCtr                     
0000021c  txByteCtr                     
000003b0  _stack                        
00000400  __STACK_END                   
000010c0  TLV_CHECKSUM                  
000010da  TLV_ADC10_1_TAG               
000010db  TLV_ADC10_1_LEN               
000010f6  TLV_DCO_30_TAG                
000010f7  TLV_DCO_30_LEN                
000010f8  CALDCO_16MHZ                  
000010f9  CALBC1_16MHZ                  
000010fa  CALDCO_12MHZ                  
000010fb  CALBC1_12MHZ                  
000010fc  CALDCO_8MHZ                   
000010fd  CALBC1_8MHZ                   
000010fe  CALDCO_1MHZ                   
000010ff  CALBC1_1MHZ                   
0000c000  mma_selftest                  
0000c230  perform_selftest              
0000c532  tap_detected                  
0000c646  __TI_printfi_minimal          
0000c736  mma_enableTapInterrupt        
0000c81a  pulse_interrupt               
0000c9be  lcd_init                      
0000ca54  mma_read                      
0000cad6  USCIAB0TX_ISR                 
0000cb52  __TI_decompress_lzss          
0000cbce  mma_init                      
0000cc40  mma_setResolution             
0000cc9a  lcd_putChar                   
0000ccee  lcdcontrol                    
0000cd40  __mspabi_srli                 
0000cd4e  __mspabi_srli_15              
0000cd52  __mspabi_srli_14              
0000cd56  __mspabi_srli_13              
0000cd5a  __mspabi_srli_12              
0000cd5e  __mspabi_srli_11              
0000cd62  __mspabi_srli_10              
0000cd66  __mspabi_srli_9               
0000cd6a  __mspabi_srli_8               
0000cd6e  __mspabi_srli_7               
0000cd72  __mspabi_srli_6               
0000cd76  __mspabi_srli_5               
0000cd7a  __mspabi_srli_4               
0000cd7e  __mspabi_srli_3               
0000cd82  __mspabi_srli_2               
0000cd86  __mspabi_srli_1               
0000cd8c  i2c_init                      
0000cdd6  mma_get14X                    
0000ce20  mma_get14Y                    
0000ce6a  mma_get14Z                    
0000ceb4  __TI_auto_init_nobinit_nopinit
0000cef6  Port_1                        
0000cf34  mma_active_mode               
0000cf70  sprintf                       
0000cfa8  main                          
0000cfdc  mma_disableTapInterrupt       
0000d00c  mma_standby_mode              
0000d03c  lcd_cursorSet                 
0000d06a  __mspabi_srai                 
0000d076  __mspabi_srai_15              
0000d078  __mspabi_srai_14              
0000d07a  __mspabi_srai_13              
0000d07c  __mspabi_srai_12              
0000d07e  __mspabi_srai_11              
0000d080  __mspabi_srai_10              
0000d082  __mspabi_srai_9               
0000d084  __mspabi_srai_8               
0000d086  __mspabi_srai_7               
0000d088  __mspabi_srai_6               
0000d08a  __mspabi_srai_5               
0000d08c  __mspabi_srai_4               
0000d08e  __mspabi_srai_3               
0000d090  __mspabi_srai_2               
0000d092  __mspabi_srai_1               
0000d096  __mspabi_divi                 
0000d096  __mspabi_remi                 
0000d0c2  __mspabi_slli                 
0000d0ce  __mspabi_slli_15              
0000d0d0  __mspabi_slli_14              
0000d0d2  __mspabi_slli_13              
0000d0d4  __mspabi_slli_12              
0000d0d6  __mspabi_slli_11              
0000d0d8  __mspabi_slli_10              
0000d0da  __mspabi_slli_9               
0000d0dc  __mspabi_slli_8               
0000d0de  __mspabi_slli_7               
0000d0e0  __mspabi_slli_6               
0000d0e2  __mspabi_slli_5               
0000d0e4  __mspabi_slli_4               
0000d0e6  __mspabi_slli_3               
0000d0e8  __mspabi_slli_2               
0000d0ea  __mspabi_slli_1               
0000d0ee  i2c_read                      
0000d114  initMSP                       
0000d13a  i2c_write                     
0000d15e  lcd_putNumber                 
0000d182  lcd_putText                   
0000d1a6  i2c_readRegister              
0000d1c8  _c_int00_noargs               
0000d1e4  lcd_cursorShow                
0000d21a  memccpy                       
0000d234  USCIAB0RX_ISR                 
0000d24a  __mspabi_divu                 
0000d24a  __mspabi_remu                 
0000d260  __TI_zero_init_nomemset       
0000d274  memset                        
0000d288  __mspabi_mpyi                 
0000d288  __mspabi_mpyi_sw              
0000d2ae  __TI_decompress_none          
0000d2c0  memcpy                        
0000d2d2  lcd_enable                    
0000d2e2  __mspabi_func_epilog_7        
0000d2e4  __mspabi_func_epilog_6        
0000d2e6  __mspabi_func_epilog_5        
0000d2e8  __mspabi_func_epilog_4        
0000d2ea  __mspabi_func_epilog_3        
0000d2ec  __mspabi_func_epilog_2        
0000d2ee  __mspabi_func_epilog_1        
0000d2f2  lcd_clear                     
0000d300  strlen                        
0000d30e  __TI_ISR_TRAP                 
0000d316  C$$EXIT                       
0000d316  abort                         
0000d31c  _system_pre_init              
0000d320  _system_post_cinit            
0000d436  __TI_Handler_Table_Base       
0000d43c  __TI_Handler_Table_Limit      
0000d440  __TI_CINIT_Base               
0000d448  __TI_CINIT_Limit              
0000ffe0  __TI_int00                    
0000ffe4  __TI_int02                    
0000ffe6  __TI_int03                    
0000ffea  __TI_int05                    
0000ffec  __TI_int06                    
0000ffee  __TI_int07                    
0000fff0  __TI_int08                    
0000fff2  __TI_int09                    
0000fff4  __TI_int10                    
0000fff6  __TI_int11                    
0000fff8  __TI_int12                    
0000fffa  __TI_int13                    
0000fffc  __TI_int14                    
0000fffe  _reset_vector                 
ffffffff  __TI_pprof_out_hndl           
ffffffff  __TI_prof_data_size           
ffffffff  __TI_prof_data_start          
ffffffff  __c_args__                    

[253 symbols]
