<?xml version="1.0" encoding="ISO-8859-1" ?>
<link_info>
   <banner>MSP430 Linker PC v18.1.1.LTS</banner>
   <copyright>Copyright (c) 2003-2017 Texas Instruments Incorporated</copyright>
   <link_time>0x5b1683d3</link_time>
   <link_errors>0x0</link_errors>
   <output_file>Exercise_3.out</output_file>
   <entry_point>
      <name>_c_int00_noargs</name>
      <address>0xd1c8</address>
   </entry_point>
   <input_file_list>
      <input_file id="fl-2">
         <path>.\</path>
         <kind>object</kind>
         <file>main.obj</file>
         <name>main.obj</name>
      </input_file>
      <input_file id="fl-3">
         <path>.\libs\</path>
         <kind>object</kind>
         <file>LCD.obj</file>
         <name>LCD.obj</name>
      </input_file>
      <input_file id="fl-4">
         <path>.\libs\</path>
         <kind>object</kind>
         <file>adac.obj</file>
         <name>adac.obj</name>
      </input_file>
      <input_file id="fl-5">
         <path>.\libs\</path>
         <kind>object</kind>
         <file>i2c.obj</file>
         <name>i2c.obj</name>
      </input_file>
      <input_file id="fl-6">
         <path>.\libs\</path>
         <kind>object</kind>
         <file>mma.obj</file>
         <name>mma.obj</name>
      </input_file>
      <input_file id="fl-7">
         <path>.\libs\</path>
         <kind>object</kind>
         <file>templateEMP.obj</file>
         <name>templateEMP.obj</name>
      </input_file>
      <input_file id="fl-c">
         <kind>object</kind>
         <file>&lt;internal&gt;</file>
         <name>&lt;internal&gt;</name>
      </input_file>
      <input_file id="fl-22">
         <path>E:\Installed Softwares\ti\ccsv7\tools\compiler\ti-cgt-msp430_18.1.1.LTS\lib\</path>
         <kind>archive</kind>
         <file>rts430_eabi.lib</file>
         <name>asr16.asm.obj</name>
      </input_file>
      <input_file id="fl-23">
         <path>E:\Installed Softwares\ti\ccsv7\tools\compiler\ti-cgt-msp430_18.1.1.LTS\lib\</path>
         <kind>archive</kind>
         <file>rts430_eabi.lib</file>
         <name>div16s.asm.obj</name>
      </input_file>
      <input_file id="fl-24">
         <path>E:\Installed Softwares\ti\ccsv7\tools\compiler\ti-cgt-msp430_18.1.1.LTS\lib\</path>
         <kind>archive</kind>
         <file>rts430_eabi.lib</file>
         <name>div16u.asm.obj</name>
      </input_file>
      <input_file id="fl-25">
         <path>E:\Installed Softwares\ti\ccsv7\tools\compiler\ti-cgt-msp430_18.1.1.LTS\lib\</path>
         <kind>archive</kind>
         <file>rts430_eabi.lib</file>
         <name>epilog.asm.obj</name>
      </input_file>
      <input_file id="fl-26">
         <path>E:\Installed Softwares\ti\ccsv7\tools\compiler\ti-cgt-msp430_18.1.1.LTS\lib\</path>
         <kind>archive</kind>
         <file>rts430_eabi.lib</file>
         <name>int00.asm.obj</name>
      </input_file>
      <input_file id="fl-27">
         <path>E:\Installed Softwares\ti\ccsv7\tools\compiler\ti-cgt-msp430_18.1.1.LTS\lib\</path>
         <kind>archive</kind>
         <file>rts430_eabi.lib</file>
         <name>int03.asm.obj</name>
      </input_file>
      <input_file id="fl-28">
         <path>E:\Installed Softwares\ti\ccsv7\tools\compiler\ti-cgt-msp430_18.1.1.LTS\lib\</path>
         <kind>archive</kind>
         <file>rts430_eabi.lib</file>
         <name>int05.asm.obj</name>
      </input_file>
      <input_file id="fl-29">
         <path>E:\Installed Softwares\ti\ccsv7\tools\compiler\ti-cgt-msp430_18.1.1.LTS\lib\</path>
         <kind>archive</kind>
         <file>rts430_eabi.lib</file>
         <name>int08.asm.obj</name>
      </input_file>
      <input_file id="fl-2a">
         <path>E:\Installed Softwares\ti\ccsv7\tools\compiler\ti-cgt-msp430_18.1.1.LTS\lib\</path>
         <kind>archive</kind>
         <file>rts430_eabi.lib</file>
         <name>int09.asm.obj</name>
      </input_file>
      <input_file id="fl-2b">
         <path>E:\Installed Softwares\ti\ccsv7\tools\compiler\ti-cgt-msp430_18.1.1.LTS\lib\</path>
         <kind>archive</kind>
         <file>rts430_eabi.lib</file>
         <name>int10.asm.obj</name>
      </input_file>
      <input_file id="fl-2c">
         <path>E:\Installed Softwares\ti\ccsv7\tools\compiler\ti-cgt-msp430_18.1.1.LTS\lib\</path>
         <kind>archive</kind>
         <file>rts430_eabi.lib</file>
         <name>int11.asm.obj</name>
      </input_file>
      <input_file id="fl-2d">
         <path>E:\Installed Softwares\ti\ccsv7\tools\compiler\ti-cgt-msp430_18.1.1.LTS\lib\</path>
         <kind>archive</kind>
         <file>rts430_eabi.lib</file>
         <name>int12.asm.obj</name>
      </input_file>
      <input_file id="fl-2e">
         <path>E:\Installed Softwares\ti\ccsv7\tools\compiler\ti-cgt-msp430_18.1.1.LTS\lib\</path>
         <kind>archive</kind>
         <file>rts430_eabi.lib</file>
         <name>int13.asm.obj</name>
      </input_file>
      <input_file id="fl-2f">
         <path>E:\Installed Softwares\ti\ccsv7\tools\compiler\ti-cgt-msp430_18.1.1.LTS\lib\</path>
         <kind>archive</kind>
         <file>rts430_eabi.lib</file>
         <name>int14.asm.obj</name>
      </input_file>
      <input_file id="fl-30">
         <path>E:\Installed Softwares\ti\ccsv7\tools\compiler\ti-cgt-msp430_18.1.1.LTS\lib\</path>
         <kind>archive</kind>
         <file>rts430_eabi.lib</file>
         <name>isr_trap.asm.obj</name>
      </input_file>
      <input_file id="fl-31">
         <path>E:\Installed Softwares\ti\ccsv7\tools\compiler\ti-cgt-msp430_18.1.1.LTS\lib\</path>
         <kind>archive</kind>
         <file>rts430_eabi.lib</file>
         <name>mult16.asm.obj</name>
      </input_file>
      <input_file id="fl-32">
         <path>E:\Installed Softwares\ti\ccsv7\tools\compiler\ti-cgt-msp430_18.1.1.LTS\lib\</path>
         <kind>archive</kind>
         <file>rts430_eabi.lib</file>
         <name>boot.c.obj</name>
      </input_file>
      <input_file id="fl-33">
         <path>E:\Installed Softwares\ti\ccsv7\tools\compiler\ti-cgt-msp430_18.1.1.LTS\lib\</path>
         <kind>archive</kind>
         <file>rts430_eabi.lib</file>
         <name>autoinit.c.obj</name>
      </input_file>
      <input_file id="fl-34">
         <path>E:\Installed Softwares\ti\ccsv7\tools\compiler\ti-cgt-msp430_18.1.1.LTS\lib\</path>
         <kind>archive</kind>
         <file>rts430_eabi.lib</file>
         <name>copy_zero_init.c.obj</name>
      </input_file>
      <input_file id="fl-35">
         <path>E:\Installed Softwares\ti\ccsv7\tools\compiler\ti-cgt-msp430_18.1.1.LTS\lib\</path>
         <kind>archive</kind>
         <file>rts430_eabi.lib</file>
         <name>cpy_tbl.c.obj</name>
      </input_file>
      <input_file id="fl-36">
         <path>E:\Installed Softwares\ti\ccsv7\tools\compiler\ti-cgt-msp430_18.1.1.LTS\lib\</path>
         <kind>archive</kind>
         <file>rts430_eabi.lib</file>
         <name>mpu_init.c.obj</name>
      </input_file>
      <input_file id="fl-37">
         <path>E:\Installed Softwares\ti\ccsv7\tools\compiler\ti-cgt-msp430_18.1.1.LTS\lib\</path>
         <kind>archive</kind>
         <file>rts430_eabi.lib</file>
         <name>pre_init.c.obj</name>
      </input_file>
      <input_file id="fl-38">
         <path>E:\Installed Softwares\ti\ccsv7\tools\compiler\ti-cgt-msp430_18.1.1.LTS\lib\</path>
         <kind>archive</kind>
         <file>rts430_eabi.lib</file>
         <name>startup.c.obj</name>
      </input_file>
      <input_file id="fl-39">
         <path>E:\Installed Softwares\ti\ccsv7\tools\compiler\ti-cgt-msp430_18.1.1.LTS\lib\</path>
         <kind>archive</kind>
         <file>rts430_eabi.lib</file>
         <name>copy_decompress_none.c.obj</name>
      </input_file>
      <input_file id="fl-3a">
         <path>E:\Installed Softwares\ti\ccsv7\tools\compiler\ti-cgt-msp430_18.1.1.LTS\lib\</path>
         <kind>archive</kind>
         <file>rts430_eabi.lib</file>
         <name>copy_decompress_lzss.c.obj</name>
      </input_file>
      <input_file id="fl-3b">
         <path>E:\Installed Softwares\ti\ccsv7\tools\compiler\ti-cgt-msp430_18.1.1.LTS\lib\</path>
         <kind>archive</kind>
         <file>rts430_eabi.lib</file>
         <name>divd.c.obj</name>
      </input_file>
      <input_file id="fl-3c">
         <path>E:\Installed Softwares\ti\ccsv7\tools\compiler\ti-cgt-msp430_18.1.1.LTS\lib\</path>
         <kind>archive</kind>
         <file>rts430_eabi.lib</file>
         <name>fltid.c.obj</name>
      </input_file>
      <input_file id="fl-3d">
         <path>E:\Installed Softwares\ti\ccsv7\tools\compiler\ti-cgt-msp430_18.1.1.LTS\lib\</path>
         <kind>archive</kind>
         <file>rts430_eabi.lib</file>
         <name>fltlid.c.obj</name>
      </input_file>
      <input_file id="fl-3e">
         <path>E:\Installed Softwares\ti\ccsv7\tools\compiler\ti-cgt-msp430_18.1.1.LTS\lib\</path>
         <kind>archive</kind>
         <file>rts430_eabi.lib</file>
         <name>fltud.c.obj</name>
      </input_file>
      <input_file id="fl-3f">
         <path>E:\Installed Softwares\ti\ccsv7\tools\compiler\ti-cgt-msp430_18.1.1.LTS\lib\</path>
         <kind>archive</kind>
         <file>rts430_eabi.lib</file>
         <name>fltuld.c.obj</name>
      </input_file>
      <input_file id="fl-40">
         <path>E:\Installed Softwares\ti\ccsv7\tools\compiler\ti-cgt-msp430_18.1.1.LTS\lib\</path>
         <kind>archive</kind>
         <file>rts430_eabi.lib</file>
         <name>frcdivd.c.obj</name>
      </input_file>
      <input_file id="fl-41">
         <path>E:\Installed Softwares\ti\ccsv7\tools\compiler\ti-cgt-msp430_18.1.1.LTS\lib\</path>
         <kind>archive</kind>
         <file>rts430_eabi.lib</file>
         <name>mpyd.c.obj</name>
      </input_file>
      <input_file id="fl-42">
         <path>E:\Installed Softwares\ti\ccsv7\tools\compiler\ti-cgt-msp430_18.1.1.LTS\lib\</path>
         <kind>archive</kind>
         <file>rts430_eabi.lib</file>
         <name>exit.c.obj</name>
      </input_file>
      <input_file id="fl-43">
         <path>E:\Installed Softwares\ti\ccsv7\tools\compiler\ti-cgt-msp430_18.1.1.LTS\lib\</path>
         <kind>archive</kind>
         <file>rts430_eabi.lib</file>
         <name>_lock.c.obj</name>
      </input_file>
      <input_file id="fl-44">
         <path>E:\Installed Softwares\ti\ccsv7\tools\compiler\ti-cgt-msp430_18.1.1.LTS\lib\</path>
         <kind>archive</kind>
         <file>rts430_eabi.lib</file>
         <name>args_main.c.obj</name>
      </input_file>
      <input_file id="fl-45">
         <path>E:\Installed Softwares\ti\ccsv7\tools\compiler\ti-cgt-msp430_18.1.1.LTS\lib\</path>
         <kind>archive</kind>
         <file>rts430_eabi.lib</file>
         <name>memcpy.c.obj</name>
      </input_file>
      <input_file id="fl-46">
         <path>E:\Installed Softwares\ti\ccsv7\tools\compiler\ti-cgt-msp430_18.1.1.LTS\lib\</path>
         <kind>archive</kind>
         <file>rts430_eabi.lib</file>
         <name>memset.c.obj</name>
      </input_file>
      <input_file id="fl-47">
         <path>E:\Installed Softwares\ti\ccsv7\tools\compiler\ti-cgt-msp430_18.1.1.LTS\lib\</path>
         <kind>archive</kind>
         <file>rts430_eabi.lib</file>
         <name>sprintf.c.obj</name>
      </input_file>
      <input_file id="fl-48">
         <path>E:\Installed Softwares\ti\ccsv7\tools\compiler\ti-cgt-msp430_18.1.1.LTS\lib\</path>
         <kind>archive</kind>
         <file>rts430_eabi.lib</file>
         <name>asr32.asm.obj</name>
      </input_file>
      <input_file id="fl-49">
         <path>E:\Installed Softwares\ti\ccsv7\tools\compiler\ti-cgt-msp430_18.1.1.LTS\lib\</path>
         <kind>archive</kind>
         <file>rts430_eabi.lib</file>
         <name>lsl16.asm.obj</name>
      </input_file>
      <input_file id="fl-4a">
         <path>E:\Installed Softwares\ti\ccsv7\tools\compiler\ti-cgt-msp430_18.1.1.LTS\lib\</path>
         <kind>archive</kind>
         <file>rts430_eabi.lib</file>
         <name>lsl32.asm.obj</name>
      </input_file>
      <input_file id="fl-4b">
         <path>E:\Installed Softwares\ti\ccsv7\tools\compiler\ti-cgt-msp430_18.1.1.LTS\lib\</path>
         <kind>archive</kind>
         <file>rts430_eabi.lib</file>
         <name>lsr16.asm.obj</name>
      </input_file>
      <input_file id="fl-4c">
         <path>E:\Installed Softwares\ti\ccsv7\tools\compiler\ti-cgt-msp430_18.1.1.LTS\lib\</path>
         <kind>archive</kind>
         <file>rts430_eabi.lib</file>
         <name>lsr32.asm.obj</name>
      </input_file>
      <input_file id="fl-4d">
         <path>E:\Installed Softwares\ti\ccsv7\tools\compiler\ti-cgt-msp430_18.1.1.LTS\lib\</path>
         <kind>archive</kind>
         <file>rts430_eabi.lib</file>
         <name>mult32.asm.obj</name>
      </input_file>
      <input_file id="fl-4e">
         <path>E:\Installed Softwares\ti\ccsv7\tools\compiler\ti-cgt-msp430_18.1.1.LTS\lib\</path>
         <kind>archive</kind>
         <file>rts430_eabi.lib</file>
         <name>exit_gvars.c.obj</name>
      </input_file>
      <input_file id="fl-4f">
         <path>E:\Installed Softwares\ti\ccsv7\tools\compiler\ti-cgt-msp430_18.1.1.LTS\lib\</path>
         <kind>archive</kind>
         <file>rts430_eabi.lib</file>
         <name>lsr64.c.obj</name>
      </input_file>
      <input_file id="fl-50">
         <path>E:\Installed Softwares\ti\ccsv7\tools\compiler\ti-cgt-msp430_18.1.1.LTS\lib\</path>
         <kind>archive</kind>
         <file>rts430_eabi.lib</file>
         <name>frcmpyd.c.obj</name>
      </input_file>
      <input_file id="fl-51">
         <path>E:\Installed Softwares\ti\ccsv7\tools\compiler\ti-cgt-msp430_18.1.1.LTS\lib\</path>
         <kind>archive</kind>
         <file>rts430_eabi.lib</file>
         <name>_printfi_min.c.obj</name>
      </input_file>
      <input_file id="fl-52">
         <path>E:\Installed Softwares\ti\ccsv7\tools\compiler\ti-cgt-msp430_18.1.1.LTS\lib\</path>
         <kind>archive</kind>
         <file>rts430_eabi.lib</file>
         <name>memccpy.c.obj</name>
      </input_file>
      <input_file id="fl-53">
         <path>E:\Installed Softwares\ti\ccsv7\tools\compiler\ti-cgt-msp430_18.1.1.LTS\lib\</path>
         <kind>archive</kind>
         <file>rts430_eabi.lib</file>
         <name>strlen.c.obj</name>
      </input_file>
   </input_file_list>
   <object_component_list>
      <object_component id="oc-332">
         <name>.common:SMCLK_divider</name>
         <uninitialized>true</uninitialized>
         <run_address>0x217</run_address>
         <size>0x1</size>
      </object_component>
      <object_component id="oc-167">
         <name>.common:ptrRxData</name>
         <uninitialized>true</uninitialized>
         <run_address>0x212</run_address>
         <size>0x2</size>
      </object_component>
      <object_component id="oc-165">
         <name>.common:ptrTxData</name>
         <uninitialized>true</uninitialized>
         <run_address>0x214</run_address>
         <size>0x2</size>
      </object_component>
      <object_component id="oc-166">
         <name>.common:rxByteCtr</name>
         <uninitialized>true</uninitialized>
         <run_address>0x21b</run_address>
         <size>0x1</size>
      </object_component>
      <object_component id="oc-15c">
         <name>.common:txByteCtr</name>
         <uninitialized>true</uninitialized>
         <run_address>0x21c</run_address>
         <size>0x1</size>
      </object_component>
      <object_component id="oc-164">
         <name>.common:dummyCtr</name>
         <uninitialized>true</uninitialized>
         <run_address>0x219</run_address>
         <size>0x1</size>
      </object_component>
      <object_component id="oc-163">
         <name>.common:_stop</name>
         <uninitialized>true</uninitialized>
         <run_address>0x218</run_address>
         <size>0x1</size>
      </object_component>
      <object_component id="oc-152">
         <name>.common:intFlag</name>
         <uninitialized>true</uninitialized>
         <run_address>0x21a</run_address>
         <size>0x1</size>
      </object_component>
      <object_component id="oc-277">
         <name>.common:Resolution_14_BIT</name>
         <uninitialized>true</uninitialized>
         <run_address>0x216</run_address>
         <size>0x1</size>
      </object_component>
      <object_component id="oc-149">
         <name>.data</name>
         <load_address>0x20c</load_address>
         <run_address>0x20c</run_address>
         <size>0x6</size>
         <input_file_ref idref="fl-2"/>
      </object_component>
      <object_component id="oc-278">
         <name>.data</name>
         <load_address>0x200</load_address>
         <run_address>0x200</run_address>
         <size>0xc</size>
         <input_file_ref idref="fl-6"/>
      </object_component>
      <object_component id="oc-b1">
         <name>.stack</name>
         <uninitialized>true</uninitialized>
         <run_address>0x3b0</run_address>
         <size>0x2</size>
         <input_file_ref idref="fl-32"/>
      </object_component>
      <object_component id="oc-405">
         <name>.stack</name>
         <uninitialized>true</uninitialized>
         <run_address>0x3b0</run_address>
         <size>0x0</size>
      </object_component>
      <object_component id="oc-2bb">
         <name>.text:mma_selftest</name>
         <load_address>0xc000</load_address>
         <run_address>0xc000</run_address>
         <size>0x230</size>
         <input_file_ref idref="fl-6"/>
      </object_component>
      <object_component id="oc-205">
         <name>.text:perform_selftest</name>
         <load_address>0xc230</load_address>
         <run_address>0xc230</run_address>
         <size>0x1ec</size>
         <input_file_ref idref="fl-2"/>
      </object_component>
      <object_component id="oc-378">
         <name>.text:_setfield</name>
         <load_address>0xc41c</load_address>
         <run_address>0xc41c</run_address>
         <size>0x116</size>
         <input_file_ref idref="fl-51"/>
      </object_component>
      <object_component id="oc-155">
         <name>.text:tap_detected</name>
         <load_address>0xc532</load_address>
         <run_address>0xc532</run_address>
         <size>0x114</size>
         <input_file_ref idref="fl-2"/>
      </object_component>
      <object_component id="oc-323">
         <name>.text:__TI_printfi_minimal</name>
         <load_address>0xc646</load_address>
         <run_address>0xc646</run_address>
         <size>0xf0</size>
         <input_file_ref idref="fl-51"/>
      </object_component>
      <object_component id="oc-2c2">
         <name>.text:mma_enableTapInterrupt</name>
         <load_address>0xc736</load_address>
         <run_address>0xc736</run_address>
         <size>0xe4</size>
         <input_file_ref idref="fl-6"/>
      </object_component>
      <object_component id="oc-20b">
         <name>.text:pulse_interrupt</name>
         <load_address>0xc81a</load_address>
         <run_address>0xc81a</run_address>
         <size>0xda</size>
         <input_file_ref idref="fl-2"/>
      </object_component>
      <object_component id="oc-3a2">
         <name>.text:_pproc_diouxp</name>
         <load_address>0xc8f4</load_address>
         <run_address>0xc8f4</run_address>
         <size>0xca</size>
         <input_file_ref idref="fl-51"/>
      </object_component>
      <object_component id="oc-1f3">
         <name>.text:lcd_init</name>
         <load_address>0xc9be</load_address>
         <run_address>0xc9be</run_address>
         <size>0x96</size>
         <input_file_ref idref="fl-3"/>
      </object_component>
      <object_component id="oc-1cb">
         <name>.text:mma_read</name>
         <load_address>0xca54</load_address>
         <run_address>0xca54</run_address>
         <size>0x82</size>
         <input_file_ref idref="fl-6"/>
      </object_component>
      <object_component id="oc-e7">
         <name>.text:USCIAB0TX_ISR</name>
         <load_address>0xcad6</load_address>
         <run_address>0xcad6</run_address>
         <size>0x7c</size>
         <input_file_ref idref="fl-5"/>
      </object_component>
      <object_component id="oc-34">
         <name>.text:decompress:lzss:__TI_decompress_lzss</name>
         <load_address>0xcb52</load_address>
         <run_address>0xcb52</run_address>
         <size>0x7c</size>
         <input_file_ref idref="fl-3a"/>
      </object_component>
      <object_component id="oc-1f9">
         <name>.text:mma_init</name>
         <load_address>0xcbce</load_address>
         <run_address>0xcbce</run_address>
         <size>0x72</size>
         <input_file_ref idref="fl-6"/>
      </object_component>
      <object_component id="oc-1ff">
         <name>.text:mma_setResolution</name>
         <load_address>0xcc40</load_address>
         <run_address>0xcc40</run_address>
         <size>0x5a</size>
         <input_file_ref idref="fl-6"/>
      </object_component>
      <object_component id="oc-26b">
         <name>.text:lcd_putChar</name>
         <load_address>0xcc9a</load_address>
         <run_address>0xcc9a</run_address>
         <size>0x54</size>
         <input_file_ref idref="fl-3"/>
      </object_component>
      <object_component id="oc-263">
         <name>.text:lcdcontrol</name>
         <load_address>0xccee</load_address>
         <run_address>0xccee</run_address>
         <size>0x52</size>
         <input_file_ref idref="fl-3"/>
      </object_component>
      <object_component id="oc-ba">
         <name>.text</name>
         <load_address>0xcd40</load_address>
         <run_address>0xcd40</run_address>
         <size>0x4c</size>
         <input_file_ref idref="fl-4b"/>
      </object_component>
      <object_component id="oc-2a1">
         <name>.text:i2c_init</name>
         <load_address>0xcd8c</load_address>
         <run_address>0xcd8c</run_address>
         <size>0x4a</size>
         <input_file_ref idref="fl-5"/>
      </object_component>
      <object_component id="oc-1d1">
         <name>.text:mma_get14X</name>
         <load_address>0xcdd6</load_address>
         <run_address>0xcdd6</run_address>
         <size>0x4a</size>
         <input_file_ref idref="fl-6"/>
      </object_component>
      <object_component id="oc-1dd">
         <name>.text:mma_get14Y</name>
         <load_address>0xce20</load_address>
         <run_address>0xce20</run_address>
         <size>0x4a</size>
         <input_file_ref idref="fl-6"/>
      </object_component>
      <object_component id="oc-33e">
         <name>.text:mma_get14Z</name>
         <load_address>0xce6a</load_address>
         <run_address>0xce6a</run_address>
         <size>0x4a</size>
         <input_file_ref idref="fl-6"/>
      </object_component>
      <object_component id="oc-21e">
         <name>.text:__TI_auto_init_nobinit_nopinit:__TI_auto_init_nobinit_nopinit</name>
         <load_address>0xceb4</load_address>
         <run_address>0xceb4</run_address>
         <size>0x42</size>
         <input_file_ref idref="fl-33"/>
      </object_component>
      <object_component id="oc-e1">
         <name>.text:Port_1</name>
         <load_address>0xcef6</load_address>
         <run_address>0xcef6</run_address>
         <size>0x3e</size>
         <input_file_ref idref="fl-2"/>
      </object_component>
      <object_component id="oc-2a7">
         <name>.text:mma_active_mode</name>
         <load_address>0xcf34</load_address>
         <run_address>0xcf34</run_address>
         <size>0x3c</size>
         <input_file_ref idref="fl-6"/>
      </object_component>
      <object_component id="oc-288">
         <name>.text:sprintf</name>
         <load_address>0xcf70</load_address>
         <run_address>0xcf70</run_address>
         <size>0x38</size>
         <input_file_ref idref="fl-47"/>
      </object_component>
      <object_component id="oc-178">
         <name>.text:main</name>
         <load_address>0xcfa8</load_address>
         <run_address>0xcfa8</run_address>
         <size>0x34</size>
         <input_file_ref idref="fl-2"/>
      </object_component>
      <object_component id="oc-14c">
         <name>.text:mma_disableTapInterrupt</name>
         <load_address>0xcfdc</load_address>
         <run_address>0xcfdc</run_address>
         <size>0x30</size>
         <input_file_ref idref="fl-6"/>
      </object_component>
      <object_component id="oc-2b4">
         <name>.text:mma_standby_mode</name>
         <load_address>0xd00c</load_address>
         <run_address>0xd00c</run_address>
         <size>0x30</size>
         <input_file_ref idref="fl-6"/>
      </object_component>
      <object_component id="oc-1b8">
         <name>.text:lcd_cursorSet</name>
         <load_address>0xd03c</load_address>
         <run_address>0xd03c</run_address>
         <size>0x2e</size>
         <input_file_ref idref="fl-3"/>
      </object_component>
      <object_component id="oc-2fe">
         <name>.text</name>
         <load_address>0xd06a</load_address>
         <run_address>0xd06a</run_address>
         <size>0x2c</size>
         <input_file_ref idref="fl-22"/>
      </object_component>
      <object_component id="oc-281">
         <name>.text</name>
         <load_address>0xd096</load_address>
         <run_address>0xd096</run_address>
         <size>0x2c</size>
         <input_file_ref idref="fl-23"/>
      </object_component>
      <object_component id="oc-b5">
         <name>.text</name>
         <load_address>0xd0c2</load_address>
         <run_address>0xd0c2</run_address>
         <size>0x2c</size>
         <input_file_ref idref="fl-49"/>
      </object_component>
      <object_component id="oc-257">
         <name>.text:i2c_read</name>
         <load_address>0xd0ee</load_address>
         <run_address>0xd0ee</run_address>
         <size>0x26</size>
         <input_file_ref idref="fl-5"/>
      </object_component>
      <object_component id="oc-1ed">
         <name>.text:initMSP</name>
         <load_address>0xd114</load_address>
         <run_address>0xd114</run_address>
         <size>0x26</size>
         <input_file_ref idref="fl-7"/>
      </object_component>
      <object_component id="oc-251">
         <name>.text:i2c_write</name>
         <load_address>0xd13a</load_address>
         <run_address>0xd13a</run_address>
         <size>0x24</size>
         <input_file_ref idref="fl-5"/>
      </object_component>
      <object_component id="oc-1d7">
         <name>.text:lcd_putNumber</name>
         <load_address>0xd15e</load_address>
         <run_address>0xd15e</run_address>
         <size>0x24</size>
         <input_file_ref idref="fl-3"/>
      </object_component>
      <object_component id="oc-1bf">
         <name>.text:lcd_putText</name>
         <load_address>0xd182</load_address>
         <run_address>0xd182</run_address>
         <size>0x24</size>
         <input_file_ref idref="fl-3"/>
      </object_component>
      <object_component id="oc-1a4">
         <name>.text:i2c_readRegister</name>
         <load_address>0xd1a6</load_address>
         <run_address>0xd1a6</run_address>
         <size>0x22</size>
         <input_file_ref idref="fl-6"/>
      </object_component>
      <object_component id="oc-105">
         <name>.text:_c_int00_noargs</name>
         <load_address>0xd1c8</load_address>
         <run_address>0xd1c8</run_address>
         <size>0x1c</size>
         <input_file_ref idref="fl-32"/>
      </object_component>
      <object_component id="oc-1c5">
         <name>.text:lcd_cursorShow</name>
         <load_address>0xd1e4</load_address>
         <run_address>0xd1e4</run_address>
         <size>0x1c</size>
         <input_file_ref idref="fl-3"/>
      </object_component>
      <object_component id="oc-317">
         <name>.text:_outs</name>
         <load_address>0xd200</load_address>
         <run_address>0xd200</run_address>
         <size>0x1a</size>
         <input_file_ref idref="fl-47"/>
      </object_component>
      <object_component id="oc-3a8">
         <name>.text:memccpy</name>
         <load_address>0xd21a</load_address>
         <run_address>0xd21a</run_address>
         <size>0x1a</size>
         <input_file_ref idref="fl-52"/>
      </object_component>
      <object_component id="oc-ed">
         <name>.text:USCIAB0RX_ISR</name>
         <load_address>0xd234</load_address>
         <run_address>0xd234</run_address>
         <size>0x16</size>
         <input_file_ref idref="fl-5"/>
      </object_component>
      <object_component id="oc-311">
         <name>.text</name>
         <load_address>0xd24a</load_address>
         <run_address>0xd24a</run_address>
         <size>0x16</size>
         <input_file_ref idref="fl-24"/>
      </object_component>
      <object_component id="oc-f3">
         <name>.text:decompress:ZI:__TI_zero_init_nomemset:__TI_zero_init_nomemset</name>
         <load_address>0xd260</load_address>
         <run_address>0xd260</run_address>
         <size>0x14</size>
         <input_file_ref idref="fl-34"/>
      </object_component>
      <object_component id="oc-2ae">
         <name>.text:memset</name>
         <load_address>0xd274</load_address>
         <run_address>0xd274</run_address>
         <size>0x14</size>
         <input_file_ref idref="fl-46"/>
      </object_component>
      <object_component id="oc-27c">
         <name>.text</name>
         <load_address>0xd288</load_address>
         <run_address>0xd288</run_address>
         <size>0x14</size>
         <input_file_ref idref="fl-31"/>
      </object_component>
      <object_component id="oc-31d">
         <name>.text:_outc</name>
         <load_address>0xd29c</load_address>
         <run_address>0xd29c</run_address>
         <size>0x12</size>
         <input_file_ref idref="fl-47"/>
      </object_component>
      <object_component id="oc-3a">
         <name>.text:decompress:none:__TI_decompress_none</name>
         <load_address>0xd2ae</load_address>
         <run_address>0xd2ae</run_address>
         <size>0x12</size>
         <input_file_ref idref="fl-39"/>
      </object_component>
      <object_component id="oc-cf">
         <name>.text:memcpy</name>
         <load_address>0xd2c0</load_address>
         <run_address>0xd2c0</run_address>
         <size>0x12</size>
         <input_file_ref idref="fl-45"/>
      </object_component>
      <object_component id="oc-291">
         <name>.text:lcd_enable</name>
         <load_address>0xd2d2</load_address>
         <run_address>0xd2d2</run_address>
         <size>0x10</size>
         <input_file_ref idref="fl-3"/>
      </object_component>
      <object_component id="oc-bf">
         <name>.text</name>
         <load_address>0xd2e2</load_address>
         <run_address>0xd2e2</run_address>
         <size>0x10</size>
         <input_file_ref idref="fl-25"/>
      </object_component>
      <object_component id="oc-1b2">
         <name>.text:lcd_clear</name>
         <load_address>0xd2f2</load_address>
         <run_address>0xd2f2</run_address>
         <size>0xe</size>
         <input_file_ref idref="fl-3"/>
      </object_component>
      <object_component id="oc-372">
         <name>.text:strlen</name>
         <load_address>0xd300</load_address>
         <run_address>0xd300</run_address>
         <size>0xe</size>
         <input_file_ref idref="fl-53"/>
      </object_component>
      <object_component id="oc-dc">
         <name>.text:_isr:__TI_ISR_TRAP</name>
         <load_address>0xd30e</load_address>
         <run_address>0xd30e</run_address>
         <size>0x8</size>
         <input_file_ref idref="fl-30"/>
      </object_component>
      <object_component id="oc-212">
         <name>.text:abort</name>
         <load_address>0xd316</load_address>
         <run_address>0xd316</run_address>
         <size>0x6</size>
         <input_file_ref idref="fl-42"/>
      </object_component>
      <object_component id="oc-172">
         <name>.text:_system_pre_init</name>
         <load_address>0xd31c</load_address>
         <run_address>0xd31c</run_address>
         <size>0x4</size>
         <input_file_ref idref="fl-37"/>
      </object_component>
      <object_component id="oc-2db">
         <name>.text:_system_post_cinit</name>
         <load_address>0xd320</load_address>
         <run_address>0xd320</run_address>
         <size>0x2</size>
         <input_file_ref idref="fl-38"/>
      </object_component>
      <object_component id="oc-404">
         <name>.cinit..data.load</name>
         <load_address>0xd42e</load_address>
         <run_address>0xd42e</run_address>
         <size>0x7</size>
      </object_component>
      <object_component id="oc-401">
         <name>__TI_handler_table</name>
         <load_address>0xd436</load_address>
         <run_address>0xd436</run_address>
         <size>0x6</size>
      </object_component>
      <object_component id="oc-403">
         <name>.cinit..bss.load</name>
         <load_address>0xd43c</load_address>
         <run_address>0xd43c</run_address>
         <size>0x4</size>
      </object_component>
      <object_component id="oc-402">
         <name>__TI_cinit_table</name>
         <load_address>0xd440</load_address>
         <run_address>0xd440</run_address>
         <size>0x8</size>
      </object_component>
      <object_component id="oc-1be">
         <name>.const:.string</name>
         <load_address>0xd322</load_address>
         <run_address>0xd322</run_address>
         <size>0xe8</size>
         <input_file_ref idref="fl-2"/>
      </object_component>
      <object_component id="oc-3a1">
         <name>.const:.string</name>
         <load_address>0xd40a</load_address>
         <run_address>0xd40a</run_address>
         <size>0x14</size>
         <input_file_ref idref="fl-51"/>
      </object_component>
      <object_component id="oc-287">
         <name>.const:.string</name>
         <load_address>0xd41e</load_address>
         <run_address>0xd41e</run_address>
         <size>0x4</size>
         <input_file_ref idref="fl-3"/>
      </object_component>
      <object_component id="oc-298">
         <name>.const:.string:$P$T0$1</name>
         <load_address>0xd422</load_address>
         <run_address>0xd422</run_address>
         <size>0x2</size>
         <input_file_ref idref="fl-6"/>
      </object_component>
      <object_component id="oc-29b">
         <name>.const:.string:$P$T1$2</name>
         <load_address>0xd424</load_address>
         <run_address>0xd424</run_address>
         <size>0x2</size>
         <input_file_ref idref="fl-6"/>
      </object_component>
      <object_component id="oc-29e">
         <name>.const:.string:$P$T2$3</name>
         <load_address>0xd426</load_address>
         <run_address>0xd426</run_address>
         <size>0x2</size>
         <input_file_ref idref="fl-6"/>
      </object_component>
      <object_component id="oc-33a">
         <name>.const:.string:$P$T4$5</name>
         <load_address>0xd428</load_address>
         <run_address>0xd428</run_address>
         <size>0x2</size>
         <input_file_ref idref="fl-6"/>
      </object_component>
      <object_component id="oc-334">
         <name>.const:.string:$P$T5$6</name>
         <load_address>0xd42a</load_address>
         <run_address>0xd42a</run_address>
         <size>0x2</size>
         <input_file_ref idref="fl-6"/>
      </object_component>
      <object_component id="oc-274">
         <name>.const:.string:$P$T3$4</name>
         <load_address>0xd42c</load_address>
         <run_address>0xd42c</run_address>
         <size>0x1</size>
         <input_file_ref idref="fl-6"/>
      </object_component>
      <object_component id="oc-3c3">
         <name>.binit</name>
         <load_address>0xc000</load_address>
         <run_address>0xc000</run_address>
         <size>0x0</size>
      </object_component>
      <object_component id="oc-40">
         <name>.int00</name>
         <load_address>0xffe0</load_address>
         <run_address>0xffe0</run_address>
         <size>0x2</size>
         <input_file_ref idref="fl-26"/>
      </object_component>
      <object_component id="oc-41">
         <name>.int02</name>
         <load_address>0xffe4</load_address>
         <run_address>0xffe4</run_address>
         <size>0x2</size>
         <input_file_ref idref="fl-2"/>
      </object_component>
      <object_component id="oc-42">
         <name>.int03</name>
         <load_address>0xffe6</load_address>
         <run_address>0xffe6</run_address>
         <size>0x2</size>
         <input_file_ref idref="fl-27"/>
      </object_component>
      <object_component id="oc-43">
         <name>.int05</name>
         <load_address>0xffea</load_address>
         <run_address>0xffea</run_address>
         <size>0x2</size>
         <input_file_ref idref="fl-28"/>
      </object_component>
      <object_component id="oc-44">
         <name>.int06</name>
         <load_address>0xffec</load_address>
         <run_address>0xffec</run_address>
         <size>0x2</size>
         <input_file_ref idref="fl-5"/>
      </object_component>
      <object_component id="oc-45">
         <name>.int07</name>
         <load_address>0xffee</load_address>
         <run_address>0xffee</run_address>
         <size>0x2</size>
         <input_file_ref idref="fl-5"/>
      </object_component>
      <object_component id="oc-46">
         <name>.int08</name>
         <load_address>0xfff0</load_address>
         <run_address>0xfff0</run_address>
         <size>0x2</size>
         <input_file_ref idref="fl-29"/>
      </object_component>
      <object_component id="oc-47">
         <name>.int09</name>
         <load_address>0xfff2</load_address>
         <run_address>0xfff2</run_address>
         <size>0x2</size>
         <input_file_ref idref="fl-2a"/>
      </object_component>
      <object_component id="oc-48">
         <name>.int10</name>
         <load_address>0xfff4</load_address>
         <run_address>0xfff4</run_address>
         <size>0x2</size>
         <input_file_ref idref="fl-2b"/>
      </object_component>
      <object_component id="oc-49">
         <name>.int11</name>
         <load_address>0xfff6</load_address>
         <run_address>0xfff6</run_address>
         <size>0x2</size>
         <input_file_ref idref="fl-2c"/>
      </object_component>
      <object_component id="oc-4a">
         <name>.int12</name>
         <load_address>0xfff8</load_address>
         <run_address>0xfff8</run_address>
         <size>0x2</size>
         <input_file_ref idref="fl-2d"/>
      </object_component>
      <object_component id="oc-4b">
         <name>.int13</name>
         <load_address>0xfffa</load_address>
         <run_address>0xfffa</run_address>
         <size>0x2</size>
         <input_file_ref idref="fl-2e"/>
      </object_component>
      <object_component id="oc-4c">
         <name>.int14</name>
         <load_address>0xfffc</load_address>
         <run_address>0xfffc</run_address>
         <size>0x2</size>
         <input_file_ref idref="fl-2f"/>
      </object_component>
      <object_component id="oc-b4">
         <name>.reset</name>
         <load_address>0xfffe</load_address>
         <run_address>0xfffe</run_address>
         <size>0x2</size>
         <input_file_ref idref="fl-32"/>
      </object_component>
      <object_component id="oc-153">
         <name>.debug_info</name>
         <load_address>0x0</load_address>
         <run_address>0x0</run_address>
         <size>0x5e4</size>
         <input_file_ref idref="fl-2"/>
      </object_component>
      <object_component id="oc-14a">
         <name>.debug_info</name>
         <load_address>0x5e4</load_address>
         <run_address>0x5e4</run_address>
         <size>0x114</size>
         <input_file_ref idref="fl-2"/>
      </object_component>
      <object_component id="oc-157">
         <name>.debug_info</name>
         <load_address>0x6f8</load_address>
         <run_address>0x6f8</run_address>
         <size>0x311</size>
         <input_file_ref idref="fl-2"/>
      </object_component>
      <object_component id="oc-20d">
         <name>.debug_info</name>
         <load_address>0xa09</load_address>
         <run_address>0xa09</run_address>
         <size>0x214</size>
         <input_file_ref idref="fl-2"/>
      </object_component>
      <object_component id="oc-206">
         <name>.debug_info</name>
         <load_address>0xc1d</load_address>
         <run_address>0xc1d</run_address>
         <size>0x3d8</size>
         <input_file_ref idref="fl-2"/>
      </object_component>
      <object_component id="oc-17a">
         <name>.debug_info</name>
         <load_address>0xff5</load_address>
         <run_address>0xff5</run_address>
         <size>0x159</size>
         <input_file_ref idref="fl-2"/>
      </object_component>
      <object_component id="oc-e2">
         <name>.debug_info</name>
         <load_address>0x114e</load_address>
         <run_address>0x114e</run_address>
         <size>0x121</size>
         <input_file_ref idref="fl-2"/>
      </object_component>
      <object_component id="oc-1ad">
         <name>.debug_info</name>
         <load_address>0x126f</load_address>
         <run_address>0x126f</run_address>
         <size>0x26b</size>
         <input_file_ref idref="fl-2"/>
      </object_component>
      <object_component id="oc-19d">
         <name>.debug_info</name>
         <load_address>0x14da</load_address>
         <run_address>0x14da</run_address>
         <size>0x8b</size>
         <input_file_ref idref="fl-2"/>
      </object_component>
      <object_component id="oc-25e">
         <name>.debug_info</name>
         <load_address>0x1565</load_address>
         <run_address>0x1565</run_address>
         <size>0x275</size>
         <input_file_ref idref="fl-2"/>
      </object_component>
      <object_component id="oc-13c">
         <name>.debug_info</name>
         <load_address>0x17da</load_address>
         <run_address>0x17da</run_address>
         <size>0x2c</size>
         <input_file_ref idref="fl-2"/>
      </object_component>
      <object_component id="oc-380">
         <name>.debug_info</name>
         <load_address>0x1806</load_address>
         <run_address>0x1806</run_address>
         <size>0x2c</size>
         <input_file_ref idref="fl-2"/>
      </object_component>
      <object_component id="oc-272">
         <name>.debug_info</name>
         <load_address>0x1832</load_address>
         <run_address>0x1832</run_address>
         <size>0x23c</size>
         <input_file_ref idref="fl-3"/>
      </object_component>
      <object_component id="oc-292">
         <name>.debug_info</name>
         <load_address>0x1a6e</load_address>
         <run_address>0x1a6e</run_address>
         <size>0x11c</size>
         <input_file_ref idref="fl-3"/>
      </object_component>
      <object_component id="oc-264">
         <name>.debug_info</name>
         <load_address>0x1b8a</load_address>
         <run_address>0x1b8a</run_address>
         <size>0x17a</size>
         <input_file_ref idref="fl-3"/>
      </object_component>
      <object_component id="oc-26c">
         <name>.debug_info</name>
         <load_address>0x1d04</load_address>
         <run_address>0x1d04</run_address>
         <size>0x194</size>
         <input_file_ref idref="fl-3"/>
      </object_component>
      <object_component id="oc-1c0">
         <name>.debug_info</name>
         <load_address>0x1e98</load_address>
         <run_address>0x1e98</run_address>
         <size>0x143</size>
         <input_file_ref idref="fl-3"/>
      </object_component>
      <object_component id="oc-1d8">
         <name>.debug_info</name>
         <load_address>0x1fdb</load_address>
         <run_address>0x1fdb</run_address>
         <size>0x176</size>
         <input_file_ref idref="fl-3"/>
      </object_component>
      <object_component id="oc-1b3">
         <name>.debug_info</name>
         <load_address>0x2151</load_address>
         <run_address>0x2151</run_address>
         <size>0x122</size>
         <input_file_ref idref="fl-3"/>
      </object_component>
      <object_component id="oc-1b9">
         <name>.debug_info</name>
         <load_address>0x2273</load_address>
         <run_address>0x2273</run_address>
         <size>0x145</size>
         <input_file_ref idref="fl-3"/>
      </object_component>
      <object_component id="oc-1f4">
         <name>.debug_info</name>
         <load_address>0x23b8</load_address>
         <run_address>0x23b8</run_address>
         <size>0x1b4</size>
         <input_file_ref idref="fl-3"/>
      </object_component>
      <object_component id="oc-1c6">
         <name>.debug_info</name>
         <load_address>0x256c</load_address>
         <run_address>0x256c</run_address>
         <size>0x146</size>
         <input_file_ref idref="fl-3"/>
      </object_component>
      <object_component id="oc-ca">
         <name>.debug_info</name>
         <load_address>0x26b2</load_address>
         <run_address>0x26b2</run_address>
         <size>0x84</size>
         <input_file_ref idref="fl-3"/>
      </object_component>
      <object_component id="oc-15d">
         <name>.debug_info</name>
         <load_address>0x2736</load_address>
         <run_address>0x2736</run_address>
         <size>0x1a4</size>
         <input_file_ref idref="fl-4"/>
      </object_component>
      <object_component id="oc-15f">
         <name>.debug_info</name>
         <load_address>0x28da</load_address>
         <run_address>0x28da</run_address>
         <size>0x427</size>
         <input_file_ref idref="fl-5"/>
      </object_component>
      <object_component id="oc-253">
         <name>.debug_info</name>
         <load_address>0x2d01</load_address>
         <run_address>0x2d01</run_address>
         <size>0x17a</size>
         <input_file_ref idref="fl-5"/>
      </object_component>
      <object_component id="oc-258">
         <name>.debug_info</name>
         <load_address>0x2e7b</load_address>
         <run_address>0x2e7b</run_address>
         <size>0x152</size>
         <input_file_ref idref="fl-5"/>
      </object_component>
      <object_component id="oc-2a2">
         <name>.debug_info</name>
         <load_address>0x2fcd</load_address>
         <run_address>0x2fcd</run_address>
         <size>0x133</size>
         <input_file_ref idref="fl-5"/>
      </object_component>
      <object_component id="oc-e9">
         <name>.debug_info</name>
         <load_address>0x3100</load_address>
         <run_address>0x3100</run_address>
         <size>0x109</size>
         <input_file_ref idref="fl-5"/>
      </object_component>
      <object_component id="oc-ee">
         <name>.debug_info</name>
         <load_address>0x3209</load_address>
         <run_address>0x3209</run_address>
         <size>0x109</size>
         <input_file_ref idref="fl-5"/>
      </object_component>
      <object_component id="oc-161">
         <name>.debug_info</name>
         <load_address>0x3312</load_address>
         <run_address>0x3312</run_address>
         <size>0x3a3</size>
         <input_file_ref idref="fl-6"/>
      </object_component>
      <object_component id="oc-279">
         <name>.debug_info</name>
         <load_address>0x36b5</load_address>
         <run_address>0x36b5</run_address>
         <size>0x18c</size>
         <input_file_ref idref="fl-6"/>
      </object_component>
      <object_component id="oc-299">
         <name>.debug_info</name>
         <load_address>0x3841</load_address>
         <run_address>0x3841</run_address>
         <size>0xc9</size>
         <input_file_ref idref="fl-6"/>
      </object_component>
      <object_component id="oc-29c">
         <name>.debug_info</name>
         <load_address>0x390a</load_address>
         <run_address>0x390a</run_address>
         <size>0xc9</size>
         <input_file_ref idref="fl-6"/>
      </object_component>
      <object_component id="oc-29f">
         <name>.debug_info</name>
         <load_address>0x39d3</load_address>
         <run_address>0x39d3</run_address>
         <size>0xc9</size>
         <input_file_ref idref="fl-6"/>
      </object_component>
      <object_component id="oc-275">
         <name>.debug_info</name>
         <load_address>0x3a9c</load_address>
         <run_address>0x3a9c</run_address>
         <size>0xca</size>
         <input_file_ref idref="fl-6"/>
      </object_component>
      <object_component id="oc-33b">
         <name>.debug_info</name>
         <load_address>0x3b66</load_address>
         <run_address>0x3b66</run_address>
         <size>0xca</size>
         <input_file_ref idref="fl-6"/>
      </object_component>
      <object_component id="oc-335">
         <name>.debug_info</name>
         <load_address>0x3c30</load_address>
         <run_address>0x3c30</run_address>
         <size>0xca</size>
         <input_file_ref idref="fl-6"/>
      </object_component>
      <object_component id="oc-1a6">
         <name>.debug_info</name>
         <load_address>0x3cfa</load_address>
         <run_address>0x3cfa</run_address>
         <size>0x194</size>
         <input_file_ref idref="fl-6"/>
      </object_component>
      <object_component id="oc-2b6">
         <name>.debug_info</name>
         <load_address>0x3e8e</load_address>
         <run_address>0x3e8e</run_address>
         <size>0x158</size>
         <input_file_ref idref="fl-6"/>
      </object_component>
      <object_component id="oc-2a9">
         <name>.debug_info</name>
         <load_address>0x3fe6</load_address>
         <run_address>0x3fe6</run_address>
         <size>0x156</size>
         <input_file_ref idref="fl-6"/>
      </object_component>
      <object_component id="oc-201">
         <name>.debug_info</name>
         <load_address>0x413c</load_address>
         <run_address>0x413c</run_address>
         <size>0x1ec</size>
         <input_file_ref idref="fl-6"/>
      </object_component>
      <object_component id="oc-1cd">
         <name>.debug_info</name>
         <load_address>0x4328</load_address>
         <run_address>0x4328</run_address>
         <size>0x15d</size>
         <input_file_ref idref="fl-6"/>
      </object_component>
      <object_component id="oc-1d3">
         <name>.debug_info</name>
         <load_address>0x4485</load_address>
         <run_address>0x4485</run_address>
         <size>0x131</size>
         <input_file_ref idref="fl-6"/>
      </object_component>
      <object_component id="oc-1df">
         <name>.debug_info</name>
         <load_address>0x45b6</load_address>
         <run_address>0x45b6</run_address>
         <size>0x131</size>
         <input_file_ref idref="fl-6"/>
      </object_component>
      <object_component id="oc-340">
         <name>.debug_info</name>
         <load_address>0x46e7</load_address>
         <run_address>0x46e7</run_address>
         <size>0x131</size>
         <input_file_ref idref="fl-6"/>
      </object_component>
      <object_component id="oc-2bd">
         <name>.debug_info</name>
         <load_address>0x4818</load_address>
         <run_address>0x4818</run_address>
         <size>0x448</size>
         <input_file_ref idref="fl-6"/>
      </object_component>
      <object_component id="oc-1fb">
         <name>.debug_info</name>
         <load_address>0x4c60</load_address>
         <run_address>0x4c60</run_address>
         <size>0x1d2</size>
         <input_file_ref idref="fl-6"/>
      </object_component>
      <object_component id="oc-2c3">
         <name>.debug_info</name>
         <load_address>0x4e32</load_address>
         <run_address>0x4e32</run_address>
         <size>0x226</size>
         <input_file_ref idref="fl-6"/>
      </object_component>
      <object_component id="oc-14d">
         <name>.debug_info</name>
         <load_address>0x5058</load_address>
         <run_address>0x5058</run_address>
         <size>0x1b2</size>
         <input_file_ref idref="fl-6"/>
      </object_component>
      <object_component id="oc-30b">
         <name>.debug_info</name>
         <load_address>0x520a</load_address>
         <run_address>0x520a</run_address>
         <size>0xbb</size>
         <input_file_ref idref="fl-6"/>
      </object_component>
      <object_component id="oc-1f1">
         <name>.debug_info</name>
         <load_address>0x52c5</load_address>
         <run_address>0x52c5</run_address>
         <size>0x117</size>
         <input_file_ref idref="fl-7"/>
      </object_component>
      <object_component id="oc-300">
         <name>.debug_info</name>
         <load_address>0x53dc</load_address>
         <run_address>0x53dc</run_address>
         <size>0x118</size>
         <input_file_ref idref="fl-22"/>
      </object_component>
      <object_component id="oc-284">
         <name>.debug_info</name>
         <load_address>0x54f4</load_address>
         <run_address>0x54f4</run_address>
         <size>0x12d</size>
         <input_file_ref idref="fl-23"/>
      </object_component>
      <object_component id="oc-314">
         <name>.debug_info</name>
         <load_address>0x5621</load_address>
         <run_address>0x5621</run_address>
         <size>0x119</size>
         <input_file_ref idref="fl-24"/>
      </object_component>
      <object_component id="oc-c2">
         <name>.debug_info</name>
         <load_address>0x573a</load_address>
         <run_address>0x573a</run_address>
         <size>0x126</size>
         <input_file_ref idref="fl-25"/>
      </object_component>
      <object_component id="oc-de">
         <name>.debug_info</name>
         <load_address>0x5860</load_address>
         <run_address>0x5860</run_address>
         <size>0x107</size>
         <input_file_ref idref="fl-30"/>
      </object_component>
      <object_component id="oc-27d">
         <name>.debug_info</name>
         <load_address>0x5967</load_address>
         <run_address>0x5967</run_address>
         <size>0x119</size>
         <input_file_ref idref="fl-31"/>
      </object_component>
      <object_component id="oc-b2">
         <name>.debug_info</name>
         <load_address>0x5a80</load_address>
         <run_address>0x5a80</run_address>
         <size>0xf5</size>
         <input_file_ref idref="fl-32"/>
      </object_component>
      <object_component id="oc-107">
         <name>.debug_info</name>
         <load_address>0x5b75</load_address>
         <run_address>0x5b75</run_address>
         <size>0x16f</size>
         <input_file_ref idref="fl-32"/>
      </object_component>
      <object_component id="oc-2e2">
         <name>.debug_info</name>
         <load_address>0x5ce4</load_address>
         <run_address>0x5ce4</run_address>
         <size>0x472</size>
         <input_file_ref idref="fl-33"/>
      </object_component>
      <object_component id="oc-222">
         <name>.debug_info</name>
         <load_address>0x6156</load_address>
         <run_address>0x6156</run_address>
         <size>0x1d5</size>
         <input_file_ref idref="fl-33"/>
      </object_component>
      <object_component id="oc-35d">
         <name>.debug_info</name>
         <load_address>0x632b</load_address>
         <run_address>0x632b</run_address>
         <size>0x39</size>
         <input_file_ref idref="fl-33"/>
      </object_component>
      <object_component id="oc-369">
         <name>.debug_info</name>
         <load_address>0x6364</load_address>
         <run_address>0x6364</run_address>
         <size>0x2c</size>
         <input_file_ref idref="fl-33"/>
      </object_component>
      <object_component id="oc-2ed">
         <name>.debug_info</name>
         <load_address>0x6390</load_address>
         <run_address>0x6390</run_address>
         <size>0x2c</size>
         <input_file_ref idref="fl-33"/>
      </object_component>
      <object_component id="oc-362">
         <name>.debug_info</name>
         <load_address>0x63bc</load_address>
         <run_address>0x63bc</run_address>
         <size>0xcd</size>
         <input_file_ref idref="fl-33"/>
      </object_component>
      <object_component id="oc-170">
         <name>.debug_info</name>
         <load_address>0x6489</load_address>
         <run_address>0x6489</run_address>
         <size>0x1b4</size>
         <input_file_ref idref="fl-34"/>
      </object_component>
      <object_component id="oc-f6">
         <name>.debug_info</name>
         <load_address>0x663d</load_address>
         <run_address>0x663d</run_address>
         <size>0x1c7</size>
         <input_file_ref idref="fl-34"/>
      </object_component>
      <object_component id="oc-16b">
         <name>.debug_info</name>
         <load_address>0x6804</load_address>
         <run_address>0x6804</run_address>
         <size>0x46</size>
         <input_file_ref idref="fl-34"/>
      </object_component>
      <object_component id="oc-176">
         <name>.debug_info</name>
         <load_address>0x684a</load_address>
         <run_address>0x684a</run_address>
         <size>0x148</size>
         <input_file_ref idref="fl-37"/>
      </object_component>
      <object_component id="oc-2dd">
         <name>.debug_info</name>
         <load_address>0x6992</load_address>
         <run_address>0x6992</run_address>
         <size>0x145</size>
         <input_file_ref idref="fl-38"/>
      </object_component>
      <object_component id="oc-db">
         <name>.debug_info</name>
         <load_address>0x6ad7</load_address>
         <run_address>0x6ad7</run_address>
         <size>0x175</size>
         <input_file_ref idref="fl-39"/>
      </object_component>
      <object_component id="oc-3b">
         <name>.debug_info</name>
         <load_address>0x6c4c</load_address>
         <run_address>0x6c4c</run_address>
         <size>0x1df</size>
         <input_file_ref idref="fl-39"/>
      </object_component>
      <object_component id="oc-d6">
         <name>.debug_info</name>
         <load_address>0x6e2b</load_address>
         <run_address>0x6e2b</run_address>
         <size>0x46</size>
         <input_file_ref idref="fl-39"/>
      </object_component>
      <object_component id="oc-141">
         <name>.debug_info</name>
         <load_address>0x6e71</load_address>
         <run_address>0x6e71</run_address>
         <size>0x2c</size>
         <input_file_ref idref="fl-39"/>
      </object_component>
      <object_component id="oc-139">
         <name>.debug_info</name>
         <load_address>0x6e9d</load_address>
         <run_address>0x6e9d</run_address>
         <size>0x16b</size>
         <input_file_ref idref="fl-3a"/>
      </object_component>
      <object_component id="oc-37">
         <name>.debug_info</name>
         <load_address>0x7008</load_address>
         <run_address>0x7008</run_address>
         <size>0x287</size>
         <input_file_ref idref="fl-3a"/>
      </object_component>
      <object_component id="oc-c5">
         <name>.debug_info</name>
         <load_address>0x728f</load_address>
         <run_address>0x728f</run_address>
         <size>0x60</size>
         <input_file_ref idref="fl-3a"/>
      </object_component>
      <object_component id="oc-194">
         <name>.debug_info</name>
         <load_address>0x72ef</load_address>
         <run_address>0x72ef</run_address>
         <size>0x46</size>
         <input_file_ref idref="fl-3a"/>
      </object_component>
      <object_component id="oc-134">
         <name>.debug_info</name>
         <load_address>0x7335</load_address>
         <run_address>0x7335</run_address>
         <size>0x39</size>
         <input_file_ref idref="fl-3a"/>
      </object_component>
      <object_component id="oc-213">
         <name>.debug_info</name>
         <load_address>0x736e</load_address>
         <run_address>0x736e</run_address>
         <size>0x117</size>
         <input_file_ref idref="fl-42"/>
      </object_component>
      <object_component id="oc-13b">
         <name>.debug_info</name>
         <load_address>0x7485</load_address>
         <run_address>0x7485</run_address>
         <size>0x176</size>
         <input_file_ref idref="fl-45"/>
      </object_component>
      <object_component id="oc-d0">
         <name>.debug_info</name>
         <load_address>0x75fb</load_address>
         <run_address>0x75fb</run_address>
         <size>0x16f</size>
         <input_file_ref idref="fl-45"/>
      </object_component>
      <object_component id="oc-339">
         <name>.debug_info</name>
         <load_address>0x776a</load_address>
         <run_address>0x776a</run_address>
         <size>0x162</size>
         <input_file_ref idref="fl-46"/>
      </object_component>
      <object_component id="oc-2af">
         <name>.debug_info</name>
         <load_address>0x78cc</load_address>
         <run_address>0x78cc</run_address>
         <size>0x25a</size>
         <input_file_ref idref="fl-46"/>
      </object_component>
      <object_component id="oc-32a">
         <name>.debug_info</name>
         <load_address>0x7b26</load_address>
         <run_address>0x7b26</run_address>
         <size>0x200</size>
         <input_file_ref idref="fl-47"/>
      </object_component>
      <object_component id="oc-289">
         <name>.debug_info</name>
         <load_address>0x7d26</load_address>
         <run_address>0x7d26</run_address>
         <size>0x1b7</size>
         <input_file_ref idref="fl-47"/>
      </object_component>
      <object_component id="oc-318">
         <name>.debug_info</name>
         <load_address>0x7edd</load_address>
         <run_address>0x7edd</run_address>
         <size>0x18d</size>
         <input_file_ref idref="fl-47"/>
      </object_component>
      <object_component id="oc-31f">
         <name>.debug_info</name>
         <load_address>0x806a</load_address>
         <run_address>0x806a</run_address>
         <size>0x162</size>
         <input_file_ref idref="fl-47"/>
      </object_component>
      <object_component id="oc-3b1">
         <name>.debug_info</name>
         <load_address>0x81cc</load_address>
         <run_address>0x81cc</run_address>
         <size>0x2c</size>
         <input_file_ref idref="fl-47"/>
      </object_component>
      <object_component id="oc-b8">
         <name>.debug_info</name>
         <load_address>0x81f8</load_address>
         <run_address>0x81f8</run_address>
         <size>0x118</size>
         <input_file_ref idref="fl-49"/>
      </object_component>
      <object_component id="oc-bb">
         <name>.debug_info</name>
         <load_address>0x8310</load_address>
         <run_address>0x8310</run_address>
         <size>0x118</size>
         <input_file_ref idref="fl-4b"/>
      </object_component>
      <object_component id="oc-37f">
         <name>.debug_info</name>
         <load_address>0x8428</load_address>
         <run_address>0x8428</run_address>
         <size>0x397</size>
         <input_file_ref idref="fl-51"/>
      </object_component>
      <object_component id="oc-3a4">
         <name>.debug_info</name>
         <load_address>0x87bf</load_address>
         <run_address>0x87bf</run_address>
         <size>0x2bc</size>
         <input_file_ref idref="fl-51"/>
      </object_component>
      <object_component id="oc-37a">
         <name>.debug_info</name>
         <load_address>0x8a7b</load_address>
         <run_address>0x8a7b</run_address>
         <size>0x284</size>
         <input_file_ref idref="fl-51"/>
      </object_component>
      <object_component id="oc-325">
         <name>.debug_info</name>
         <load_address>0x8cff</load_address>
         <run_address>0x8cff</run_address>
         <size>0x2fc</size>
         <input_file_ref idref="fl-51"/>
      </object_component>
      <object_component id="oc-385">
         <name>.debug_info</name>
         <load_address>0x8ffb</load_address>
         <run_address>0x8ffb</run_address>
         <size>0x86</size>
         <input_file_ref idref="fl-51"/>
      </object_component>
      <object_component id="oc-3b6">
         <name>.debug_info</name>
         <load_address>0x9081</load_address>
         <run_address>0x9081</run_address>
         <size>0x39</size>
         <input_file_ref idref="fl-51"/>
      </object_component>
      <object_component id="oc-3bf">
         <name>.debug_info</name>
         <load_address>0x90ba</load_address>
         <run_address>0x90ba</run_address>
         <size>0x163</size>
         <input_file_ref idref="fl-52"/>
      </object_component>
      <object_component id="oc-3aa">
         <name>.debug_info</name>
         <load_address>0x921d</load_address>
         <run_address>0x921d</run_address>
         <size>0x1ab</size>
         <input_file_ref idref="fl-52"/>
      </object_component>
      <object_component id="oc-3a0">
         <name>.debug_info</name>
         <load_address>0x93c8</load_address>
         <run_address>0x93c8</run_address>
         <size>0x157</size>
         <input_file_ref idref="fl-53"/>
      </object_component>
      <object_component id="oc-373">
         <name>.debug_info</name>
         <load_address>0x951f</load_address>
         <run_address>0x951f</run_address>
         <size>0x215</size>
         <input_file_ref idref="fl-53"/>
      </object_component>
      <object_component id="oc-406">
         <name>.debug_info</name>
         <load_address>0x9734</load_address>
         <run_address>0x9734</run_address>
         <size>0x9a</size>
      </object_component>
      <object_component id="oc-1ac">
         <name>.debug_line</name>
         <load_address>0x0</load_address>
         <run_address>0x0</run_address>
         <size>0xc4</size>
         <input_file_ref idref="fl-2"/>
      </object_component>
      <object_component id="oc-1a3">
         <name>.debug_line</name>
         <load_address>0xc4</load_address>
         <run_address>0xc4</run_address>
         <size>0x2d</size>
         <input_file_ref idref="fl-2"/>
      </object_component>
      <object_component id="oc-156">
         <name>.debug_line</name>
         <load_address>0xf1</load_address>
         <run_address>0xf1</run_address>
         <size>0x6d</size>
         <input_file_ref idref="fl-2"/>
      </object_component>
      <object_component id="oc-20c">
         <name>.debug_line</name>
         <load_address>0x15e</load_address>
         <run_address>0x15e</run_address>
         <size>0x5a</size>
         <input_file_ref idref="fl-2"/>
      </object_component>
      <object_component id="oc-209">
         <name>.debug_line</name>
         <load_address>0x1b8</load_address>
         <run_address>0x1b8</run_address>
         <size>0x84</size>
         <input_file_ref idref="fl-2"/>
      </object_component>
      <object_component id="oc-179">
         <name>.debug_line</name>
         <load_address>0x23c</load_address>
         <run_address>0x23c</run_address>
         <size>0x48</size>
         <input_file_ref idref="fl-2"/>
      </object_component>
      <object_component id="oc-e5">
         <name>.debug_line</name>
         <load_address>0x284</load_address>
         <run_address>0x284</run_address>
         <size>0x49</size>
         <input_file_ref idref="fl-2"/>
      </object_component>
      <object_component id="oc-1b0">
         <name>.debug_line</name>
         <load_address>0x2cd</load_address>
         <run_address>0x2cd</run_address>
         <size>0x80</size>
         <input_file_ref idref="fl-2"/>
      </object_component>
      <object_component id="oc-1a0">
         <name>.debug_line</name>
         <load_address>0x34d</load_address>
         <run_address>0x34d</run_address>
         <size>0x20</size>
         <input_file_ref idref="fl-2"/>
      </object_component>
      <object_component id="oc-261">
         <name>.debug_line</name>
         <load_address>0x36d</load_address>
         <run_address>0x36d</run_address>
         <size>0x84</size>
         <input_file_ref idref="fl-2"/>
      </object_component>
      <object_component id="oc-13f">
         <name>.debug_line</name>
         <load_address>0x3f1</load_address>
         <run_address>0x3f1</run_address>
         <size>0x7c</size>
         <input_file_ref idref="fl-2"/>
      </object_component>
      <object_component id="oc-383">
         <name>.debug_line</name>
         <load_address>0x46d</load_address>
         <run_address>0x46d</run_address>
         <size>0x7c</size>
         <input_file_ref idref="fl-2"/>
      </object_component>
      <object_component id="oc-306">
         <name>.debug_line</name>
         <load_address>0x4e9</load_address>
         <run_address>0x4e9</run_address>
         <size>0xc4</size>
         <input_file_ref idref="fl-3"/>
      </object_component>
      <object_component id="oc-295">
         <name>.debug_line</name>
         <load_address>0x5ad</load_address>
         <run_address>0x5ad</run_address>
         <size>0x4b</size>
         <input_file_ref idref="fl-3"/>
      </object_component>
      <object_component id="oc-267">
         <name>.debug_line</name>
         <load_address>0x5f8</load_address>
         <run_address>0x5f8</run_address>
         <size>0x4d</size>
         <input_file_ref idref="fl-3"/>
      </object_component>
      <object_component id="oc-270">
         <name>.debug_line</name>
         <load_address>0x645</load_address>
         <run_address>0x645</run_address>
         <size>0x4e</size>
         <input_file_ref idref="fl-3"/>
      </object_component>
      <object_component id="oc-1c3">
         <name>.debug_line</name>
         <load_address>0x693</load_address>
         <run_address>0x693</run_address>
         <size>0x51</size>
         <input_file_ref idref="fl-3"/>
      </object_component>
      <object_component id="oc-1db">
         <name>.debug_line</name>
         <load_address>0x6e4</load_address>
         <run_address>0x6e4</run_address>
         <size>0x48</size>
         <input_file_ref idref="fl-3"/>
      </object_component>
      <object_component id="oc-1b7">
         <name>.debug_line</name>
         <load_address>0x72c</load_address>
         <run_address>0x72c</run_address>
         <size>0x48</size>
         <input_file_ref idref="fl-3"/>
      </object_component>
      <object_component id="oc-1bd">
         <name>.debug_line</name>
         <load_address>0x774</load_address>
         <run_address>0x774</run_address>
         <size>0x55</size>
         <input_file_ref idref="fl-3"/>
      </object_component>
      <object_component id="oc-1f8">
         <name>.debug_line</name>
         <load_address>0x7c9</load_address>
         <run_address>0x7c9</run_address>
         <size>0x64</size>
         <input_file_ref idref="fl-3"/>
      </object_component>
      <object_component id="oc-1c9">
         <name>.debug_line</name>
         <load_address>0x82d</load_address>
         <run_address>0x82d</run_address>
         <size>0x4e</size>
         <input_file_ref idref="fl-3"/>
      </object_component>
      <object_component id="oc-cd">
         <name>.debug_line</name>
         <load_address>0x87b</load_address>
         <run_address>0x87b</run_address>
         <size>0x20</size>
         <input_file_ref idref="fl-3"/>
      </object_component>
      <object_component id="oc-1e5">
         <name>.debug_line</name>
         <load_address>0x89b</load_address>
         <run_address>0x89b</run_address>
         <size>0x35</size>
         <input_file_ref idref="fl-4"/>
      </object_component>
      <object_component id="oc-1e7">
         <name>.debug_line</name>
         <load_address>0x8d0</load_address>
         <run_address>0x8d0</run_address>
         <size>0x7c</size>
         <input_file_ref idref="fl-5"/>
      </object_component>
      <object_component id="oc-252">
         <name>.debug_line</name>
         <load_address>0x94c</load_address>
         <run_address>0x94c</run_address>
         <size>0x4b</size>
         <input_file_ref idref="fl-5"/>
      </object_component>
      <object_component id="oc-25b">
         <name>.debug_line</name>
         <load_address>0x997</load_address>
         <run_address>0x997</run_address>
         <size>0x52</size>
         <input_file_ref idref="fl-5"/>
      </object_component>
      <object_component id="oc-2a5">
         <name>.debug_line</name>
         <load_address>0x9e9</load_address>
         <run_address>0x9e9</run_address>
         <size>0x53</size>
         <input_file_ref idref="fl-5"/>
      </object_component>
      <object_component id="oc-e8">
         <name>.debug_line</name>
         <load_address>0xa3c</load_address>
         <run_address>0xa3c</run_address>
         <size>0x67</size>
         <input_file_ref idref="fl-5"/>
      </object_component>
      <object_component id="oc-f2">
         <name>.debug_line</name>
         <load_address>0xaa3</load_address>
         <run_address>0xaa3</run_address>
         <size>0x4c</size>
         <input_file_ref idref="fl-5"/>
      </object_component>
      <object_component id="oc-1e9">
         <name>.debug_line</name>
         <load_address>0xaef</load_address>
         <run_address>0xaef</run_address>
         <size>0x46</size>
         <input_file_ref idref="fl-6"/>
      </object_component>
      <object_component id="oc-30a">
         <name>.debug_line</name>
         <load_address>0xb35</load_address>
         <run_address>0xb35</run_address>
         <size>0x31</size>
         <input_file_ref idref="fl-6"/>
      </object_component>
      <object_component id="oc-32d">
         <name>.debug_line</name>
         <load_address>0xb66</load_address>
         <run_address>0xb66</run_address>
         <size>0x31</size>
         <input_file_ref idref="fl-6"/>
      </object_component>
      <object_component id="oc-32f">
         <name>.debug_line</name>
         <load_address>0xb97</load_address>
         <run_address>0xb97</run_address>
         <size>0x31</size>
         <input_file_ref idref="fl-6"/>
      </object_component>
      <object_component id="oc-331">
         <name>.debug_line</name>
         <load_address>0xbc8</load_address>
         <run_address>0xbc8</run_address>
         <size>0x31</size>
         <input_file_ref idref="fl-6"/>
      </object_component>
      <object_component id="oc-308">
         <name>.debug_line</name>
         <load_address>0xbf9</load_address>
         <run_address>0xbf9</run_address>
         <size>0x31</size>
         <input_file_ref idref="fl-6"/>
      </object_component>
      <object_component id="oc-391">
         <name>.debug_line</name>
         <load_address>0xc2a</load_address>
         <run_address>0xc2a</run_address>
         <size>0x31</size>
         <input_file_ref idref="fl-6"/>
      </object_component>
      <object_component id="oc-38d">
         <name>.debug_line</name>
         <load_address>0xc5b</load_address>
         <run_address>0xc5b</run_address>
         <size>0x31</size>
         <input_file_ref idref="fl-6"/>
      </object_component>
      <object_component id="oc-1a5">
         <name>.debug_line</name>
         <load_address>0xc8c</load_address>
         <run_address>0xc8c</run_address>
         <size>0x4c</size>
         <input_file_ref idref="fl-6"/>
      </object_component>
      <object_component id="oc-2b5">
         <name>.debug_line</name>
         <load_address>0xcd8</load_address>
         <run_address>0xcd8</run_address>
         <size>0x50</size>
         <input_file_ref idref="fl-6"/>
      </object_component>
      <object_component id="oc-2a8">
         <name>.debug_line</name>
         <load_address>0xd28</load_address>
         <run_address>0xd28</run_address>
         <size>0x51</size>
         <input_file_ref idref="fl-6"/>
      </object_component>
      <object_component id="oc-200">
         <name>.debug_line</name>
         <load_address>0xd79</load_address>
         <run_address>0xd79</run_address>
         <size>0x54</size>
         <input_file_ref idref="fl-6"/>
      </object_component>
      <object_component id="oc-1cc">
         <name>.debug_line</name>
         <load_address>0xdcd</load_address>
         <run_address>0xdcd</run_address>
         <size>0x69</size>
         <input_file_ref idref="fl-6"/>
      </object_component>
      <object_component id="oc-1d2">
         <name>.debug_line</name>
         <load_address>0xe36</load_address>
         <run_address>0xe36</run_address>
         <size>0x52</size>
         <input_file_ref idref="fl-6"/>
      </object_component>
      <object_component id="oc-1de">
         <name>.debug_line</name>
         <load_address>0xe88</load_address>
         <run_address>0xe88</run_address>
         <size>0x52</size>
         <input_file_ref idref="fl-6"/>
      </object_component>
      <object_component id="oc-33f">
         <name>.debug_line</name>
         <load_address>0xeda</load_address>
         <run_address>0xeda</run_address>
         <size>0x52</size>
         <input_file_ref idref="fl-6"/>
      </object_component>
      <object_component id="oc-2bc">
         <name>.debug_line</name>
         <load_address>0xf2c</load_address>
         <run_address>0xf2c</run_address>
         <size>0xb3</size>
         <input_file_ref idref="fl-6"/>
      </object_component>
      <object_component id="oc-1fa">
         <name>.debug_line</name>
         <load_address>0xfdf</load_address>
         <run_address>0xfdf</run_address>
         <size>0x54</size>
         <input_file_ref idref="fl-6"/>
      </object_component>
      <object_component id="oc-2c7">
         <name>.debug_line</name>
         <load_address>0x1033</load_address>
         <run_address>0x1033</run_address>
         <size>0x6c</size>
         <input_file_ref idref="fl-6"/>
      </object_component>
      <object_component id="oc-150">
         <name>.debug_line</name>
         <load_address>0x109f</load_address>
         <run_address>0x109f</run_address>
         <size>0x5e</size>
         <input_file_ref idref="fl-6"/>
      </object_component>
      <object_component id="oc-30e">
         <name>.debug_line</name>
         <load_address>0x10fd</load_address>
         <run_address>0x10fd</run_address>
         <size>0x81</size>
         <input_file_ref idref="fl-6"/>
      </object_component>
      <object_component id="oc-1f0">
         <name>.debug_line</name>
         <load_address>0x117e</load_address>
         <run_address>0x117e</run_address>
         <size>0x5a</size>
         <input_file_ref idref="fl-7"/>
      </object_component>
      <object_component id="oc-302">
         <name>.debug_line</name>
         <load_address>0x11d8</load_address>
         <run_address>0x11d8</run_address>
         <size>0x4e</size>
         <input_file_ref idref="fl-22"/>
      </object_component>
      <object_component id="oc-282">
         <name>.debug_line</name>
         <load_address>0x1226</load_address>
         <run_address>0x1226</run_address>
         <size>0x4d</size>
         <input_file_ref idref="fl-23"/>
      </object_component>
      <object_component id="oc-312">
         <name>.debug_line</name>
         <load_address>0x1273</load_address>
         <run_address>0x1273</run_address>
         <size>0x43</size>
         <input_file_ref idref="fl-24"/>
      </object_component>
      <object_component id="oc-c1">
         <name>.debug_line</name>
         <load_address>0x12b6</load_address>
         <run_address>0x12b6</run_address>
         <size>0x40</size>
         <input_file_ref idref="fl-25"/>
      </object_component>
      <object_component id="oc-dd">
         <name>.debug_line</name>
         <load_address>0x12f6</load_address>
         <run_address>0x12f6</run_address>
         <size>0x3d</size>
         <input_file_ref idref="fl-30"/>
      </object_component>
      <object_component id="oc-280">
         <name>.debug_line</name>
         <load_address>0x1333</load_address>
         <run_address>0x1333</run_address>
         <size>0x42</size>
         <input_file_ref idref="fl-31"/>
      </object_component>
      <object_component id="oc-130">
         <name>.debug_line</name>
         <load_address>0x1375</load_address>
         <run_address>0x1375</run_address>
         <size>0x2a</size>
         <input_file_ref idref="fl-32"/>
      </object_component>
      <object_component id="oc-106">
         <name>.debug_line</name>
[...]
         <value>0xd182</value>
         <object_component_ref idref="oc-1bf"/>
      </symbol>
      <symbol id="sm-17e">
         <name>lcdcontrol</name>
         <value>0xccee</value>
         <object_component_ref idref="oc-263"/>
      </symbol>
      <symbol id="sm-17f">
         <name>lcd_enable</name>
         <value>0xd2d2</value>
         <object_component_ref idref="oc-291"/>
      </symbol>
      <symbol id="sm-180">
         <name>lcd_putNumber</name>
         <value>0xd15e</value>
         <object_component_ref idref="oc-1d7"/>
      </symbol>
      <symbol id="sm-181">
         <name>lcd_clear</name>
         <value>0xd2f2</value>
         <object_component_ref idref="oc-1b2"/>
      </symbol>
      <symbol id="sm-182">
         <name>lcd_cursorShow</name>
         <value>0xd1e4</value>
         <object_component_ref idref="oc-1c5"/>
      </symbol>
      <symbol id="sm-183">
         <name>lcd_putChar</name>
         <value>0xcc9a</value>
         <object_component_ref idref="oc-26b"/>
      </symbol>
      <symbol id="sm-184">
         <name>lcd_init</name>
         <value>0xc9be</value>
         <object_component_ref idref="oc-1f3"/>
      </symbol>
      <symbol id="sm-1bd">
         <name>__TI_int06</name>
         <value>0xffec</value>
         <object_component_ref idref="oc-44"/>
      </symbol>
      <symbol id="sm-1be">
         <name>__TI_int07</name>
         <value>0xffee</value>
         <object_component_ref idref="oc-45"/>
      </symbol>
      <symbol id="sm-1bf">
         <name>i2c_read</name>
         <value>0xd0ee</value>
         <object_component_ref idref="oc-257"/>
      </symbol>
      <symbol id="sm-1c0">
         <name>i2c_init</name>
         <value>0xcd8c</value>
         <object_component_ref idref="oc-2a1"/>
      </symbol>
      <symbol id="sm-1c1">
         <name>i2c_write</name>
         <value>0xd13a</value>
         <object_component_ref idref="oc-251"/>
      </symbol>
      <symbol id="sm-1c2">
         <name>USCIAB0RX_ISR</name>
         <value>0xd234</value>
         <object_component_ref idref="oc-ed"/>
      </symbol>
      <symbol id="sm-1c3">
         <name>USCIAB0TX_ISR</name>
         <value>0xcad6</value>
         <object_component_ref idref="oc-e7"/>
      </symbol>
      <symbol id="sm-26e">
         <name>Resolution_14_BIT</name>
         <value>0x216</value>
      </symbol>
      <symbol id="sm-26f">
         <name>mma_standby_mode</name>
         <value>0xd00c</value>
         <object_component_ref idref="oc-2b4"/>
      </symbol>
      <symbol id="sm-270">
         <name>mma_disableTapInterrupt</name>
         <value>0xcfdc</value>
         <object_component_ref idref="oc-14c"/>
      </symbol>
      <symbol id="sm-271">
         <name>mma_selftest</name>
         <value>0xc000</value>
         <object_component_ref idref="oc-2bb"/>
      </symbol>
      <symbol id="sm-272">
         <name>z</name>
         <value>0x204</value>
         <object_component_ref idref="oc-278"/>
      </symbol>
      <symbol id="sm-273">
         <name>y</name>
         <value>0x202</value>
         <object_component_ref idref="oc-278"/>
      </symbol>
      <symbol id="sm-274">
         <name>x</name>
         <value>0x200</value>
         <object_component_ref idref="oc-278"/>
      </symbol>
      <symbol id="sm-275">
         <name>mma_get14Z</name>
         <value>0xce6a</value>
         <object_component_ref idref="oc-33e"/>
      </symbol>
      <symbol id="sm-276">
         <name>mma_get14Y</name>
         <value>0xce20</value>
         <object_component_ref idref="oc-1dd"/>
      </symbol>
      <symbol id="sm-277">
         <name>mma_get14X</name>
         <value>0xcdd6</value>
         <object_component_ref idref="oc-1d1"/>
      </symbol>
      <symbol id="sm-278">
         <name>mma_setResolution</name>
         <value>0xcc40</value>
         <object_component_ref idref="oc-1ff"/>
      </symbol>
      <symbol id="sm-279">
         <name>x_low</name>
         <value>0x207</value>
         <object_component_ref idref="oc-278"/>
      </symbol>
      <symbol id="sm-27a">
         <name>mma_enableTapInterrupt</name>
         <value>0xc736</value>
         <object_component_ref idref="oc-2c2"/>
      </symbol>
      <symbol id="sm-27b">
         <name>mma_read</name>
         <value>0xca54</value>
         <object_component_ref idref="oc-1cb"/>
      </symbol>
      <symbol id="sm-27c">
         <name>y_low</name>
         <value>0x209</value>
         <object_component_ref idref="oc-278"/>
      </symbol>
      <symbol id="sm-27d">
         <name>i2c_readRegister</name>
         <value>0xd1a6</value>
         <object_component_ref idref="oc-1a4"/>
      </symbol>
      <symbol id="sm-27e">
         <name>mma_init</name>
         <value>0xcbce</value>
         <object_component_ref idref="oc-1f9"/>
      </symbol>
      <symbol id="sm-27f">
         <name>z_low</name>
         <value>0x20b</value>
         <object_component_ref idref="oc-278"/>
      </symbol>
      <symbol id="sm-280">
         <name>mma_active_mode</name>
         <value>0xcf34</value>
         <object_component_ref idref="oc-2a7"/>
      </symbol>
      <symbol id="sm-281">
         <name>z_high</name>
         <value>0x20a</value>
         <object_component_ref idref="oc-278"/>
      </symbol>
      <symbol id="sm-282">
         <name>x_high</name>
         <value>0x206</value>
         <object_component_ref idref="oc-278"/>
      </symbol>
      <symbol id="sm-283">
         <name>y_high</name>
         <value>0x208</value>
         <object_component_ref idref="oc-278"/>
      </symbol>
      <symbol id="sm-28e">
         <name>initMSP</name>
         <value>0xd114</value>
         <object_component_ref idref="oc-1ed"/>
      </symbol>
      <symbol id="sm-296">
         <name>__mspabi_srai</name>
         <value>0xd06a</value>
         <object_component_ref idref="oc-2fe"/>
      </symbol>
      <symbol id="sm-297">
         <name>__mspabi_srai_8</name>
         <value>0xd084</value>
         <object_component_ref idref="oc-2fe"/>
      </symbol>
      <symbol id="sm-298">
         <name>__mspabi_srai_9</name>
         <value>0xd082</value>
         <object_component_ref idref="oc-2fe"/>
      </symbol>
      <symbol id="sm-299">
         <name>__mspabi_srai_6</name>
         <value>0xd088</value>
         <object_component_ref idref="oc-2fe"/>
      </symbol>
      <symbol id="sm-29a">
         <name>__mspabi_srai_7</name>
         <value>0xd086</value>
         <object_component_ref idref="oc-2fe"/>
      </symbol>
      <symbol id="sm-29b">
         <name>__mspabi_srai_4</name>
         <value>0xd08c</value>
         <object_component_ref idref="oc-2fe"/>
      </symbol>
      <symbol id="sm-29c">
         <name>__mspabi_srai_5</name>
         <value>0xd08a</value>
         <object_component_ref idref="oc-2fe"/>
      </symbol>
      <symbol id="sm-29d">
         <name>__mspabi_srai_2</name>
         <value>0xd090</value>
         <object_component_ref idref="oc-2fe"/>
      </symbol>
      <symbol id="sm-29e">
         <name>__mspabi_srai_3</name>
         <value>0xd08e</value>
         <object_component_ref idref="oc-2fe"/>
      </symbol>
      <symbol id="sm-29f">
         <name>__mspabi_srai_1</name>
         <value>0xd092</value>
         <object_component_ref idref="oc-2fe"/>
      </symbol>
      <symbol id="sm-2a0">
         <name>__mspabi_srai_15</name>
         <value>0xd076</value>
         <object_component_ref idref="oc-2fe"/>
      </symbol>
      <symbol id="sm-2a1">
         <name>__mspabi_srai_14</name>
         <value>0xd078</value>
         <object_component_ref idref="oc-2fe"/>
      </symbol>
      <symbol id="sm-2a2">
         <name>__mspabi_srai_13</name>
         <value>0xd07a</value>
         <object_component_ref idref="oc-2fe"/>
      </symbol>
      <symbol id="sm-2a3">
         <name>__mspabi_srai_12</name>
         <value>0xd07c</value>
         <object_component_ref idref="oc-2fe"/>
      </symbol>
      <symbol id="sm-2a4">
         <name>__mspabi_srai_11</name>
         <value>0xd07e</value>
         <object_component_ref idref="oc-2fe"/>
      </symbol>
      <symbol id="sm-2a5">
         <name>__mspabi_srai_10</name>
         <value>0xd080</value>
         <object_component_ref idref="oc-2fe"/>
      </symbol>
      <symbol id="sm-2b1">
         <name>__mspabi_remi</name>
         <value>0xd096</value>
         <object_component_ref idref="oc-281"/>
      </symbol>
      <symbol id="sm-2b2">
         <name>__mspabi_divi</name>
         <value>0xd096</value>
         <object_component_ref idref="oc-281"/>
      </symbol>
      <symbol id="sm-2bc">
         <name>__mspabi_remu</name>
         <value>0xd24a</value>
         <object_component_ref idref="oc-311"/>
      </symbol>
      <symbol id="sm-2bd">
         <name>__mspabi_divu</name>
         <value>0xd24a</value>
         <object_component_ref idref="oc-311"/>
      </symbol>
      <symbol id="sm-2c6">
         <name>__mspabi_func_epilog_2</name>
         <value>0xd2ec</value>
         <object_component_ref idref="oc-bf"/>
      </symbol>
      <symbol id="sm-2c7">
         <name>__mspabi_func_epilog_3</name>
         <value>0xd2ea</value>
         <object_component_ref idref="oc-bf"/>
      </symbol>
      <symbol id="sm-2c8">
         <name>__mspabi_func_epilog_1</name>
         <value>0xd2ee</value>
         <object_component_ref idref="oc-bf"/>
      </symbol>
      <symbol id="sm-2c9">
         <name>__mspabi_func_epilog_6</name>
         <value>0xd2e4</value>
         <object_component_ref idref="oc-bf"/>
      </symbol>
      <symbol id="sm-2ca">
         <name>__mspabi_func_epilog_7</name>
         <value>0xd2e2</value>
         <object_component_ref idref="oc-bf"/>
      </symbol>
      <symbol id="sm-2cb">
         <name>__mspabi_func_epilog_4</name>
         <value>0xd2e8</value>
         <object_component_ref idref="oc-bf"/>
      </symbol>
      <symbol id="sm-2cc">
         <name>__mspabi_func_epilog_5</name>
         <value>0xd2e6</value>
         <object_component_ref idref="oc-bf"/>
      </symbol>
      <symbol id="sm-2cf">
         <name>__TI_int00</name>
         <value>0xffe0</value>
         <object_component_ref idref="oc-40"/>
      </symbol>
      <symbol id="sm-2d2">
         <name>__TI_int03</name>
         <value>0xffe6</value>
         <object_component_ref idref="oc-42"/>
      </symbol>
      <symbol id="sm-2d5">
         <name>__TI_int05</name>
         <value>0xffea</value>
         <object_component_ref idref="oc-43"/>
      </symbol>
      <symbol id="sm-2d8">
         <name>__TI_int08</name>
         <value>0xfff0</value>
         <object_component_ref idref="oc-46"/>
      </symbol>
      <symbol id="sm-2db">
         <name>__TI_int09</name>
         <value>0xfff2</value>
         <object_component_ref idref="oc-47"/>
      </symbol>
      <symbol id="sm-2de">
         <name>__TI_int10</name>
         <value>0xfff4</value>
         <object_component_ref idref="oc-48"/>
      </symbol>
      <symbol id="sm-2e1">
         <name>__TI_int11</name>
         <value>0xfff6</value>
         <object_component_ref idref="oc-49"/>
      </symbol>
      <symbol id="sm-2e4">
         <name>__TI_int12</name>
         <value>0xfff8</value>
         <object_component_ref idref="oc-4a"/>
      </symbol>
      <symbol id="sm-2e7">
         <name>__TI_int13</name>
         <value>0xfffa</value>
         <object_component_ref idref="oc-4b"/>
      </symbol>
      <symbol id="sm-2ea">
         <name>__TI_int14</name>
         <value>0xfffc</value>
         <object_component_ref idref="oc-4c"/>
      </symbol>
      <symbol id="sm-2f2">
         <name>__TI_ISR_TRAP</name>
         <value>0xd30e</value>
         <object_component_ref idref="oc-dc"/>
      </symbol>
      <symbol id="sm-2fc">
         <name>__mspabi_mpyi_sw</name>
         <value>0xd288</value>
         <object_component_ref idref="oc-27c"/>
      </symbol>
      <symbol id="sm-2fd">
         <name>__mspabi_mpyi</name>
         <value>0xd288</value>
         <object_component_ref idref="oc-27c"/>
      </symbol>
      <symbol id="sm-30d">
         <name>_stack</name>
         <value>0x3b0</value>
         <object_component_ref idref="oc-b1"/>
      </symbol>
      <symbol id="sm-30e">
         <name>_c_int00_noargs</name>
         <value>0xd1c8</value>
         <object_component_ref idref="oc-105"/>
      </symbol>
      <symbol id="sm-30f">
         <name>_reset_vector</name>
         <value>0xfffe</value>
         <object_component_ref idref="oc-b4"/>
      </symbol>
      <symbol id="sm-331">
         <name>__TI_auto_init_nobinit_nopinit</name>
         <value>0xceb4</value>
         <object_component_ref idref="oc-21e"/>
      </symbol>
      <symbol id="sm-344">
         <name>__TI_zero_init_nomemset</name>
         <value>0xd260</value>
         <object_component_ref idref="oc-f3"/>
      </symbol>
      <symbol id="sm-34f">
         <name>_system_pre_init</name>
         <value>0xd31c</value>
         <object_component_ref idref="oc-172"/>
      </symbol>
      <symbol id="sm-358">
         <name>_system_post_cinit</name>
         <value>0xd320</value>
         <object_component_ref idref="oc-2db"/>
      </symbol>
      <symbol id="sm-36e">
         <name>__TI_decompress_none</name>
         <value>0xd2ae</value>
         <object_component_ref idref="oc-3a"/>
      </symbol>
      <symbol id="sm-391">
         <name>__TI_decompress_lzss</name>
         <value>0xcb52</value>
         <object_component_ref idref="oc-34"/>
      </symbol>
      <symbol id="sm-3a2">
         <name>C$$EXIT</name>
         <value>0xd316</value>
         <object_component_ref idref="oc-212"/>
      </symbol>
      <symbol id="sm-3a3">
         <name>abort</name>
         <value>0xd316</value>
         <object_component_ref idref="oc-212"/>
      </symbol>
      <symbol id="sm-3b3">
         <name>memcpy</name>
         <value>0xd2c0</value>
         <object_component_ref idref="oc-cf"/>
      </symbol>
      <symbol id="sm-3c1">
         <name>memset</name>
         <value>0xd274</value>
         <object_component_ref idref="oc-2ae"/>
      </symbol>
      <symbol id="sm-3e2">
         <name>sprintf</name>
         <value>0xcf70</value>
         <object_component_ref idref="oc-288"/>
      </symbol>
      <symbol id="sm-3eb">
         <name>__mspabi_slli</name>
         <value>0xd0c2</value>
         <object_component_ref idref="oc-b5"/>
      </symbol>
      <symbol id="sm-3ec">
         <name>__mspabi_slli_9</name>
         <value>0xd0da</value>
         <object_component_ref idref="oc-b5"/>
      </symbol>
      <symbol id="sm-3ed">
         <name>__mspabi_slli_8</name>
         <value>0xd0dc</value>
         <object_component_ref idref="oc-b5"/>
      </symbol>
      <symbol id="sm-3ee">
         <name>__mspabi_slli_7</name>
         <value>0xd0de</value>
         <object_component_ref idref="oc-b5"/>
      </symbol>
      <symbol id="sm-3ef">
         <name>__mspabi_slli_6</name>
         <value>0xd0e0</value>
         <object_component_ref idref="oc-b5"/>
      </symbol>
      <symbol id="sm-3f0">
         <name>__mspabi_slli_5</name>
         <value>0xd0e2</value>
         <object_component_ref idref="oc-b5"/>
      </symbol>
      <symbol id="sm-3f1">
         <name>__mspabi_slli_4</name>
         <value>0xd0e4</value>
         <object_component_ref idref="oc-b5"/>
      </symbol>
      <symbol id="sm-3f2">
         <name>__mspabi_slli_3</name>
         <value>0xd0e6</value>
         <object_component_ref idref="oc-b5"/>
      </symbol>
      <symbol id="sm-3f3">
         <name>__mspabi_slli_2</name>
         <value>0xd0e8</value>
         <object_component_ref idref="oc-b5"/>
      </symbol>
      <symbol id="sm-3f4">
         <name>__mspabi_slli_1</name>
         <value>0xd0ea</value>
         <object_component_ref idref="oc-b5"/>
      </symbol>
      <symbol id="sm-3f5">
         <name>__mspabi_slli_15</name>
         <value>0xd0ce</value>
         <object_component_ref idref="oc-b5"/>
      </symbol>
      <symbol id="sm-3f6">
         <name>__mspabi_slli_14</name>
         <value>0xd0d0</value>
         <object_component_ref idref="oc-b5"/>
      </symbol>
      <symbol id="sm-3f7">
         <name>__mspabi_slli_13</name>
         <value>0xd0d2</value>
         <object_component_ref idref="oc-b5"/>
      </symbol>
      <symbol id="sm-3f8">
         <name>__mspabi_slli_12</name>
         <value>0xd0d4</value>
         <object_component_ref idref="oc-b5"/>
      </symbol>
      <symbol id="sm-3f9">
         <name>__mspabi_slli_11</name>
         <value>0xd0d6</value>
         <object_component_ref idref="oc-b5"/>
      </symbol>
      <symbol id="sm-3fa">
         <name>__mspabi_slli_10</name>
         <value>0xd0d8</value>
         <object_component_ref idref="oc-b5"/>
      </symbol>
      <symbol id="sm-403">
         <name>__mspabi_srli_8</name>
         <value>0xcd6a</value>
         <object_component_ref idref="oc-ba"/>
      </symbol>
      <symbol id="sm-404">
         <name>__mspabi_srli_9</name>
         <value>0xcd66</value>
         <object_component_ref idref="oc-ba"/>
      </symbol>
      <symbol id="sm-405">
         <name>__mspabi_srli_6</name>
         <value>0xcd72</value>
         <object_component_ref idref="oc-ba"/>
      </symbol>
      <symbol id="sm-406">
         <name>__mspabi_srli_7</name>
         <value>0xcd6e</value>
         <object_component_ref idref="oc-ba"/>
      </symbol>
      <symbol id="sm-407">
         <name>__mspabi_srli_4</name>
         <value>0xcd7a</value>
         <object_component_ref idref="oc-ba"/>
      </symbol>
      <symbol id="sm-408">
         <name>__mspabi_srli_5</name>
         <value>0xcd76</value>
         <object_component_ref idref="oc-ba"/>
      </symbol>
      <symbol id="sm-409">
         <name>__mspabi_srli_2</name>
         <value>0xcd82</value>
         <object_component_ref idref="oc-ba"/>
      </symbol>
      <symbol id="sm-40a">
         <name>__mspabi_srli_3</name>
         <value>0xcd7e</value>
         <object_component_ref idref="oc-ba"/>
      </symbol>
      <symbol id="sm-40b">
         <name>__mspabi_srli_1</name>
         <value>0xcd86</value>
         <object_component_ref idref="oc-ba"/>
      </symbol>
      <symbol id="sm-40c">
         <name>__mspabi_srli</name>
         <value>0xcd40</value>
         <object_component_ref idref="oc-ba"/>
      </symbol>
      <symbol id="sm-40d">
         <name>__mspabi_srli_15</name>
         <value>0xcd4e</value>
         <object_component_ref idref="oc-ba"/>
      </symbol>
      <symbol id="sm-40e">
         <name>__mspabi_srli_14</name>
         <value>0xcd52</value>
         <object_component_ref idref="oc-ba"/>
      </symbol>
      <symbol id="sm-40f">
         <name>__mspabi_srli_13</name>
         <value>0xcd56</value>
         <object_component_ref idref="oc-ba"/>
      </symbol>
      <symbol id="sm-410">
         <name>__mspabi_srli_12</name>
         <value>0xcd5a</value>
         <object_component_ref idref="oc-ba"/>
      </symbol>
      <symbol id="sm-411">
         <name>__mspabi_srli_11</name>
         <value>0xcd5e</value>
         <object_component_ref idref="oc-ba"/>
      </symbol>
      <symbol id="sm-412">
         <name>__mspabi_srli_10</name>
         <value>0xcd62</value>
         <object_component_ref idref="oc-ba"/>
      </symbol>
      <symbol id="sm-460">
         <name>__TI_printfi_minimal</name>
         <value>0xc646</value>
         <object_component_ref idref="oc-323"/>
      </symbol>
      <symbol id="sm-46f">
         <name>memccpy</name>
         <value>0xd21a</value>
         <object_component_ref idref="oc-3a8"/>
      </symbol>
      <symbol id="sm-47c">
         <name>strlen</name>
         <value>0xd300</value>
         <object_component_ref idref="oc-372"/>
      </symbol>
   </symbol_table>
   <title>Link successful</title>
</link_info>
