******************************************************************************
                  MSP430 Linker PC v16.9.6                     
******************************************************************************
>> Linked Tue Jul 17 14:18:51 2018

OUTPUT FILE NAME:   <Audio_Rec_Taxali.out>
ENTRY POINT SYMBOL: "_c_int00_noargs_noexit"  address: 0000cc1e


MEMORY CONFIGURATION

         name            origin    length      used     unused   attr    fill
----------------------  --------  ---------  --------  --------  ----  --------
  SFR                   00000000   00000010  00000000  00000010  RWIX
  PERIPHERALS_8BIT      00000010   000000f0  00000000  000000f0  RWIX
  PERIPHERALS_16BIT     00000100   00000100  00000000  00000100  RWIX
  RAM                   00000200   00000200  00000172  0000008e  RWIX
  INFOD                 00001000   00000040  00000000  00000040  RWIX
  INFOC                 00001040   00000040  00000000  00000040  RWIX
  INFOB                 00001080   00000040  00000000  00000040  RWIX
  INFOA                 000010c0   00000040  00000000  00000040  RWIX
  FLASH                 0000c000   00003fe0  00000d9f  00003241  RWIX
  INT00                 0000ffe0   00000002  00000002  00000000  RWIX
  INT01                 0000ffe2   00000002  00000000  00000002  RWIX
  INT02                 0000ffe4   00000002  00000002  00000000  RWIX
  INT03                 0000ffe6   00000002  00000002  00000000  RWIX
  INT04                 0000ffe8   00000002  00000000  00000002  RWIX
  INT05                 0000ffea   00000002  00000002  00000000  RWIX
  INT06                 0000ffec   00000002  00000002  00000000  RWIX
  INT07                 0000ffee   00000002  00000002  00000000  RWIX
  INT08                 0000fff0   00000002  00000002  00000000  RWIX
  INT09                 0000fff2   00000002  00000002  00000000  RWIX
  INT10                 0000fff4   00000002  00000002  00000000  RWIX
  INT11                 0000fff6   00000002  00000002  00000000  RWIX
  INT12                 0000fff8   00000002  00000002  00000000  RWIX
  INT13                 0000fffa   00000002  00000002  00000000  RWIX
  INT14                 0000fffc   00000002  00000002  00000000  RWIX
  RESET                 0000fffe   00000002  00000002  00000000  RWIX


SECTION ALLOCATION MAP

 output                                  attributes/
section   page    origin      length       input sections
--------  ----  ----------  ----------   ----------------
.bss       0    00000200    00000114     UNINITIALIZED
                  00000200    00000100     (.common:sampleData)
                  00000300    00000002     (.common:PlaySampleData)
                  00000302    00000002     (.common:i2c_dataBuffer)
                  00000304    00000002     (.common:spi_rxdataBuffer)
                  00000306    00000002     (.common:spi_txdataBuffer)
                  00000308    00000001     (.common:IAM_i2c)
                  00000309    00000001     (.common:IAM_spi)
                  0000030a    00000001     (.common:IAM_spiRX)
                  0000030b    00000001     (.common:IAM_spiTX)
                  0000030c    00000001     (.common:i2c_dataLength)
                  0000030d    00000001     (.common:i2c_nackReceived)
                  0000030e    00000001     (.common:recordPlay)
                  0000030f    00000001     (.common:sampleRateFlag)
                  00000310    00000001     (.common:singleRead)
                  00000311    00000001     (.common:spi_rxdataLength)
                  00000312    00000001     (.common:spi_txdataLength)
                  00000313    00000001     (.common:start_record_play)

.data      0    00000314    0000000e     UNINITIALIZED
                  00000314    00000008     main.obj (.data)
                  0000031c    00000005     main.obj (.data:readADAC)
                  00000321    00000001     audio.obj (.data)

.stack     0    000003b0    00000050     UNINITIALIZED
                  000003b0    00000002     rts430_eabi.lib : boot.obj (.stack)
                  000003b2    0000004e     --HOLE--

.text      0    0000c000    00000d50     
                  0000c000    000001b8     main.obj (.text:main)
                  0000c1b8    000000ae     LCD.obj (.text:lcd_init)
                  0000c266    000000aa     interrupt_routine.obj (.text:USCIAB0RX_ISR)
                  0000c310    0000007c     rts430_eabi.lib : copy_decompress_lzss.obj (.text:decompress:lzss:__TI_decompress_lzss)
                  0000c38c    0000006e                     : autoinit.obj (.text:_auto_init)
                  0000c3fa    0000006e     main.obj (.text:lcd_main_menu)
                  0000c468    0000006a     interrupt_routine.obj (.text:USCIAB0TX_ISR)
                  0000c4d2    0000006a     spi.obj (.text:spi_init)
                  0000c53c    00000064     flash.obj (.text:flash_write)
                  0000c5a0    0000005e     i2c.obj (.text:i2c_init)
                  0000c5fe    0000005c     main.obj (.text:record_data)
                  0000c65a    0000005a     rts430_eabi.lib : cpy_tbl.obj (.text:copy_in)
                  0000c6b4    00000058     flash.obj (.text:flash_read)
                  0000c70c    00000054     LCD.obj (.text:lcdCommand)
                  0000c760    00000054     LCD.obj (.text:lcd_putChar)
                  0000c7b4    0000004c     rts430_eabi.lib : lsr16.obj (.text)
                  0000c800    00000048     i2c.obj (.text:i2c_write)
                  0000c848    00000042     main.obj (.text:configure_MSP)
                  0000c88a    00000040     i2c.obj (.text:i2c_read)
                  0000c8ca    0000003e     rts430_eabi.lib : asr32.obj (.text:l_asr_const)
                  0000c908    0000003a     flash.obj (.text:flash_write_enable)
                  0000c942    00000036     flash.obj (.text:flash_busy)
                  0000c978    00000034     main.obj (.text:Timer_A)
                  0000c9ac    0000002e     LCD.obj (.text:lcd_cursorSet)
                  0000c9da    0000002c     adac.obj (.text:adac_write)
                  0000ca06    0000002c     main.obj (.text:retreive_data_from_flash)
                  0000ca32    0000002c     rts430_eabi.lib : asr16.obj (.text)
                  0000ca5e    0000002c                     : lsl16.obj (.text)
                  0000ca8a    0000002c     spi.obj (.text:spi_write)
                  0000cab6    0000002a     main.obj (.text:configure_Timer_PWM_Init)
                  0000cae0    0000002a     isl.obj (.text:isl_set)
                  0000cb0a    00000028     adac.obj (.text:adac_read)
                  0000cb32    00000026     main.obj (.text:save_data_to_flash)
                  0000cb58    00000024     audio.obj (.text:audio_single_play)
                  0000cb7c    00000024     LCD.obj (.text:lcd_putText)
                  0000cba0    00000024     spi.obj (.text:spi_read)
                  0000cbc4    00000022     main.obj (.text:Timer_A0)
                  0000cbe6    0000001c     LCD.obj (.text:lcd_cursorBlink)
                  0000cc02    0000001c     LCD.obj (.text:lcd_cursorShow)
                  0000cc1e    0000001a     rts430_eabi.lib : boot_special.obj (.text:_c_int00_noargs_noexit)
                  0000cc38    00000018     audio.obj (.text:audio_playBuffer)
                  0000cc50    00000014     rts430_eabi.lib : copy_zero_init.obj (.text:decompress:ZI:__TI_zero_init)
                  0000cc64    00000014                     : memset.obj (.text:memset)
                  0000cc78    00000014                     : mult16.obj (.text)
                  0000cc8c    00000012     audio.obj (.text:audio_single_read)
                  0000cc9e    00000012     rts430_eabi.lib : copy_decompress_none.obj (.text:decompress:none:__TI_decompress_none)
                  0000ccb0    00000012                     : memcpy.obj (.text:memcpy)
                  0000ccc2    00000010     main.obj (.text:ADC_init)
                  0000ccd2    00000010     audio.obj (.text:audio_single_wait)
                  0000cce2    00000010     LCD.obj (.text:lcd_enable)
                  0000ccf2    00000010     rts430_eabi.lib : epilog.obj (.text)
                  0000cd02    00000010     main.obj (.text:verify_recording_playback)
                  0000cd12    0000000e     adac.obj (.text:adac_init)
                  0000cd20    0000000e     isl.obj (.text:isl_init)
                  0000cd2e    0000000e     LCD.obj (.text:lcd_clear)
                  0000cd3c    00000008     rts430_eabi.lib : isr_trap.obj (.text:_isr:__TI_ISR_TRAP)
                  0000cd44    00000006                     : exit.obj (.text:abort)
                  0000cd4a    00000004                     : pre_init.obj (.text:_system_pre_init)
                  0000cd4e    00000002                     : startup.obj (.text:_system_post_cinit)

.const     0    0000cd50    00000035     
                  0000cd50    00000032     main.obj (.const:.string)
                  0000cd82    00000001     adac.obj (.const:.string:$P$T0$1)
                  0000cd83    00000001     --HOLE-- [fill = 0]
                  0000cd84    00000001     flash.obj (.const:.string:$P$T0$1)

.cinit     0    0000cd86    0000001a     
                  0000cd86    00000007     (.cinit..data.load) [load image, compression = lzss]
                  0000cd8d    00000001     --HOLE-- [fill = 0]
                  0000cd8e    00000006     (__TI_handler_table)
                  0000cd94    00000004     (.cinit..bss.load) [load image, compression = zero_init]
                  0000cd98    00000008     (__TI_cinit_table)

.init_array 
*          0    0000c000    00000000     UNINITIALIZED

TRAPINT    0    0000ffe0    00000002     
                  0000ffe0    00000002     rts430_eabi.lib : int00.obj (.int00)

PORT1      0    0000ffe4    00000002     
                  0000ffe4    00000002     rts430_eabi.lib : int02.obj (.int02)

PORT2      0    0000ffe6    00000002     
                  0000ffe6    00000002     rts430_eabi.lib : int03.obj (.int03)

ADC10      0    0000ffea    00000002     
                  0000ffea    00000002     rts430_eabi.lib : int05.obj (.int05)

USCIAB0TX 
*          0    0000ffec    00000002     
                  0000ffec    00000002     interrupt_routine.obj (.int06)

USCIAB0RX 
*          0    0000ffee    00000002     
                  0000ffee    00000002     interrupt_routine.obj (.int07)

TIMER0_A1 
*          0    0000fff0    00000002     
                  0000fff0    00000002     main.obj (.int08)

TIMER0_A0 
*          0    0000fff2    00000002     
                  0000fff2    00000002     main.obj (.int09)

WDT        0    0000fff4    00000002     
                  0000fff4    00000002     rts430_eabi.lib : int10.obj (.int10)

COMPARATORA 
*          0    0000fff6    00000002     
                  0000fff6    00000002     rts430_eabi.lib : int11.obj (.int11)

TIMER1_A1 
*          0    0000fff8    00000002     
                  0000fff8    00000002     rts430_eabi.lib : int12.obj (.int12)

TIMER1_A0 
*          0    0000fffa    00000002     
                  0000fffa    00000002     rts430_eabi.lib : int13.obj (.int13)

NMI        0    0000fffc    00000002     
                  0000fffc    00000002     rts430_eabi.lib : int14.obj (.int14)

.reset     0    0000fffe    00000002     
                  0000fffe    00000002     rts430_eabi.lib : boot.obj (.reset)

MODULE SUMMARY

       Module                     code   ro data   rw data
       ------                     ----   -------   -------
    .\
       main.obj                   950    54        274    
    +--+--------------------------+------+---------+---------+
       Total:                     950    54        274    
                                                          
    .\libs\
       LCD.obj                    510    0         0      
       flash.obj                  300    1         0      
       interrupt_routine.obj      276    4         0      
       i2c.obj                    230    0         6      
       spi.obj                    186    0         8      
       adac.obj                   98     1         0      
       audio.obj                  94     0         2      
       isl.obj                    56     0         0      
    +--+--------------------------+------+---------+---------+
       Total:                     1750   6         16     
                                                          
    E:\Installed Softwares\ti\ccsv7\tools\compiler\ti-cgt-msp430_16.9.6.LTS\lib\rts430_eabi.lib
       copy_decompress_lzss.obj   124    0         0      
       autoinit.obj               110    0         0      
       cpy_tbl.obj                90     0         0      
       lsr16.obj                  76     0         0      
       asr32.obj                  62     0         0      
       asr16.obj                  44     0         0      
       lsl16.obj                  44     0         0      
       boot_special.obj           26     0         0      
       copy_zero_init.obj         20     0         0      
       memset.obj                 20     0         0      
       mult16.obj                 20     0         0      
       copy_decompress_none.obj   18     0         0      
       memcpy.obj                 18     0         0      
       epilog.obj                 16     0         0      
       isr_trap.obj               8      0         0      
       exit.obj                   6      0         0      
       pre_init.obj               4      0         0      
       boot.obj                   0      2         0      
       int00.obj                  0      2         0      
       int02.obj                  0      2         0      
       int03.obj                  0      2         0      
       int05.obj                  0      2         0      
       int10.obj                  0      2         0      
       int11.obj                  0      2         0      
       int12.obj                  0      2         0      
       int13.obj                  0      2         0      
       int14.obj                  0      2         0      
       startup.obj                2      0         0      
    +--+--------------------------+------+---------+---------+
       Total:                     708    20        0      
                                                          
       Stack:                     0      0         80     
       Linker Generated:          0      25        0      
    +--+--------------------------+------+---------+---------+
       Grand Total:               3408   105       370    


LINKER GENERATED COPY TABLES

__TI_cinit_table @ 0000cd98 records: 2, size/record: 4, table size: 8
	.data: load addr=0000cd86, load size=00000007 bytes, run addr=00000314, run size=0000000e bytes, compression=lzss
	.bss: load addr=0000cd94, load size=00000004 bytes, run addr=00000200, run size=00000114 bytes, compression=zero_init


LINKER GENERATED HANDLER TABLE

__TI_handler_table @ 0000cd8e records: 3, size/record: 2, table size: 6
	index: 0, handler: __TI_zero_init
	index: 1, handler: __TI_decompress_lzss
	index: 2, handler: __TI_decompress_none


GLOBAL SYMBOLS: SORTED ALPHABETICALLY BY Name 

address   name                     
-------   ----                     
0000004a  ADC10AE0                 
000001b0  ADC10CTL0                
000001b2  ADC10CTL1                
00000048  ADC10DTC0                
00000049  ADC10DTC1                
000001b4  ADC10MEM                 
000001bc  ADC10SA                  
0000ccc2  ADC_init                 
00000057  BCSCTL1                  
00000058  BCSCTL2                  
00000053  BCSCTL3                  
0000cd44  C$$EXIT                  
00000059  CACTL1                   
0000005a  CACTL2                   
000010fb  CALBC1_12MHZ             
000010f9  CALBC1_16MHZ             
000010ff  CALBC1_1MHZ              
000010fd  CALBC1_8MHZ              
000010fa  CALDCO_12MHZ             
000010f8  CALDCO_16MHZ             
000010fe  CALDCO_1MHZ              
000010fc  CALDCO_8MHZ              
0000005b  CAPD                     
00000056  DCOCTL                   
00000128  FCTL1                    
0000012a  FCTL2                    
0000012c  FCTL3                    
00000308  IAM_i2c                  
00000309  IAM_spi                  
0000030a  IAM_spiRX                
0000030b  IAM_spiTX                
00000000  IE1                      
00000001  IE2                      
00000002  IFG1                     
00000003  IFG2                     
00000022  P1DIR                    
00000025  P1IE                     
00000024  P1IES                    
00000023  P1IFG                    
00000020  P1IN                     
00000021  P1OUT                    
00000027  P1REN                    
00000026  P1SEL                    
00000041  P1SEL2                   
0000002a  P2DIR                    
0000002d  P2IE                     
0000002c  P2IES                    
0000002b  P2IFG                    
00000028  P2IN                     
00000029  P2OUT                    
0000002f  P2REN                    
0000002e  P2SEL                    
00000042  P2SEL2                   
0000001a  P3DIR                    
00000018  P3IN                     
00000019  P3OUT                    
00000010  P3REN                    
0000001b  P3SEL                    
00000043  P3SEL2                   
00000300  PlaySampleData           
00000172  TA0CCR0                  
00000174  TA0CCR1                  
00000176  TA0CCR2                  
00000162  TA0CCTL0                 
00000164  TA0CCTL1                 
00000166  TA0CCTL2                 
00000160  TA0CTL                   
0000012e  TA0IV                    
00000170  TA0R                     
00000192  TA1CCR0                  
00000194  TA1CCR1                  
00000196  TA1CCR2                  
00000182  TA1CCTL0                 
00000184  TA1CCTL1                 
00000186  TA1CCTL2                 
00000180  TA1CTL                   
0000011e  TA1IV                    
00000190  TA1R                     
000010db  TLV_ADC10_1_LEN          
000010da  TLV_ADC10_1_TAG          
000010c0  TLV_CHECKSUM             
000010f7  TLV_DCO_30_LEN           
000010f6  TLV_DCO_30_TAG           
0000c978  Timer_A                  
0000cbc4  Timer_A0                 
0000005d  UCA0ABCTL                
00000062  UCA0BR0                  
00000063  UCA0BR1                  
00000060  UCA0CTL0                 
00000061  UCA0CTL1                 
0000005f  UCA0IRRCTL               
0000005e  UCA0IRTCTL               
00000064  UCA0MCTL                 
00000066  UCA0RXBUF                
00000065  UCA0STAT                 
00000067  UCA0TXBUF                
0000006a  UCB0BR0                  
0000006b  UCB0BR1                  
00000068  UCB0CTL0                 
00000069  UCB0CTL1                 
0000006c  UCB0I2CIE                
00000118  UCB0I2COA                
0000011a  UCB0I2CSA                
0000006e  UCB0RXBUF                
0000006d  UCB0STAT                 
0000006f  UCB0TXBUF                
0000c266  USCIAB0RX_ISR            
0000c468  USCIAB0TX_ISR            
00000120  WDTCTL                   
00000400  __STACK_END              
00000050  __STACK_SIZE             
UNDEFED   __TI_BINIT_Base          
UNDEFED   __TI_BINIT_Limit         
0000cd98  __TI_CINIT_Base          
0000cda0  __TI_CINIT_Limit         
0000cd8e  __TI_Handler_Table_Base  
0000cd94  __TI_Handler_Table_Limit 
UNDEFED   __TI_INITARRAY_Base      
UNDEFED   __TI_INITARRAY_Limit     
0000cd3c  __TI_ISR_TRAP            
0000c310  __TI_decompress_lzss     
0000cc9e  __TI_decompress_none     
0000ffe0  __TI_int00               
0000ffe4  __TI_int02               
0000ffe6  __TI_int03               
0000ffea  __TI_int05               
0000ffec  __TI_int06               
0000ffee  __TI_int07               
0000fff0  __TI_int08               
0000fff2  __TI_int09               
0000fff4  __TI_int10               
0000fff6  __TI_int11               
0000fff8  __TI_int12               
0000fffa  __TI_int13               
0000fffc  __TI_int14               
ffffffff  __TI_pprof_out_hndl      
ffffffff  __TI_prof_data_size      
ffffffff  __TI_prof_data_start     
0000cc50  __TI_zero_init           
ffffffff  __c_args__               
0000ccfe  __mspabi_func_epilog_1   
0000ccfc  __mspabi_func_epilog_2   
0000ccfa  __mspabi_func_epilog_3   
0000ccf8  __mspabi_func_epilog_4   
0000ccf6  __mspabi_func_epilog_5   
0000ccf4  __mspabi_func_epilog_6   
0000ccf2  __mspabi_func_epilog_7   
0000cc78  __mspabi_mpyi            
0000cc78  __mspabi_mpyi_sw         
0000ca5e  __mspabi_slli            
0000ca86  __mspabi_slli_1          
0000ca74  __mspabi_slli_10         
0000ca72  __mspabi_slli_11         
0000ca70  __mspabi_slli_12         
0000ca6e  __mspabi_slli_13         
0000ca6c  __mspabi_slli_14         
0000ca6a  __mspabi_slli_15         
0000ca84  __mspabi_slli_2          
0000ca82  __mspabi_slli_3          
0000ca80  __mspabi_slli_4          
0000ca7e  __mspabi_slli_5          
0000ca7c  __mspabi_slli_6          
0000ca7a  __mspabi_slli_7          
0000ca78  __mspabi_slli_8          
0000ca76  __mspabi_slli_9          
0000ca32  __mspabi_srai            
0000ca5a  __mspabi_srai_1          
0000ca48  __mspabi_srai_10         
0000ca46  __mspabi_srai_11         
0000ca44  __mspabi_srai_12         
0000ca42  __mspabi_srai_13         
0000ca40  __mspabi_srai_14         
0000ca3e  __mspabi_srai_15         
0000ca58  __mspabi_srai_2          
0000ca56  __mspabi_srai_3          
0000ca54  __mspabi_srai_4          
0000ca52  __mspabi_srai_5          
0000ca50  __mspabi_srai_6          
0000ca4e  __mspabi_srai_7          
0000ca4c  __mspabi_srai_8          
0000ca4a  __mspabi_srai_9          
0000c902  __mspabi_sral_1          
0000c8de  __mspabi_sral_10         
0000c8da  __mspabi_sral_11         
0000c8d6  __mspabi_sral_12         
0000c8d2  __mspabi_sral_13         
0000c8ce  __mspabi_sral_14         
0000c8ca  __mspabi_sral_15         
0000c8fe  __mspabi_sral_2          
0000c8fa  __mspabi_sral_3          
0000c8f6  __mspabi_sral_4          
0000c8f2  __mspabi_sral_5          
0000c8ee  __mspabi_sral_6          
0000c8ea  __mspabi_sral_7          
0000c8e6  __mspabi_sral_8          
0000c8e2  __mspabi_sral_9          
0000c7b4  __mspabi_srli            
0000c7fa  __mspabi_srli_1          
0000c7d6  __mspabi_srli_10         
0000c7d2  __mspabi_srli_11         
0000c7ce  __mspabi_srli_12         
0000c7ca  __mspabi_srli_13         
0000c7c6  __mspabi_srli_14         
0000c7c2  __mspabi_srli_15         
0000c7f6  __mspabi_srli_2          
0000c7f2  __mspabi_srli_3          
0000c7ee  __mspabi_srli_4          
0000c7ea  __mspabi_srli_5          
0000c7e6  __mspabi_srli_6          
0000c7e2  __mspabi_srli_7          
0000c7de  __mspabi_srli_8          
0000c7da  __mspabi_srli_9          
0000c38c  _auto_init               
0000cc1e  _c_int00_noargs_noexit   
0000fffe  _reset_vector            
000003b0  _stack                   
0000cd4e  _system_post_cinit       
0000cd4a  _system_pre_init         
0000cd44  abort                    
0000cd12  adac_init                
0000cb0a  adac_read                
0000c9da  adac_write               
0000cc38  audio_playBuffer         
0000cb58  audio_single_play        
0000cc8c  audio_single_read        
0000ccd2  audio_single_wait        
0000c848  configure_MSP            
0000cab6  configure_Timer_PWM_Init 
0000c65a  copy_in                  
0000c942  flash_busy               
0000c4d2  flash_init               
0000c6b4  flash_read               
0000c53c  flash_write              
0000c908  flash_write_enable       
00000302  i2c_dataBuffer           
0000030c  i2c_dataLength           
0000c5a0  i2c_init                 
0000030d  i2c_nackReceived         
0000c88a  i2c_read                 
0000c800  i2c_write                
0000cd20  isl_init                 
0000cae0  isl_set                  
0000c70c  lcdCommand               
0000cd2e  lcd_clear                
0000cbe6  lcd_cursorBlink          
0000c9ac  lcd_cursorSet            
0000cc02  lcd_cursorShow           
0000cce2  lcd_enable               
0000c1b8  lcd_init                 
0000c3fa  lcd_main_menu            
0000c760  lcd_putChar              
0000cb7c  lcd_putText              
0000c000  main                     
0000ccb0  memcpy                   
0000cc64  memset                   
0000031c  readADAC                 
0000030e  recordPlay               
0000031a  recordTimeElapsed        
0000c5fe  record_data              
0000ca06  retreive_data_from_flash 
00000321  sampleCount              
00000200  sampleData               
0000031b  sampleRateCount          
0000030f  sampleRateFlag           
0000cb32  save_data_to_flash       
00000314  sectors_Written          
00000310  singleRead               
0000c4d2  spi_init                 
0000cba0  spi_read                 
00000304  spi_rxdataBuffer         
00000311  spi_rxdataLength         
00000306  spi_txdataBuffer         
00000312  spi_txdataLength         
0000ca8a  spi_write                
00000313  start_record_play        
00000316  timerCount_ms            
00000318  timerCount_sec           
0000cd02  verify_recording_playback


GLOBAL SYMBOLS: SORTED BY Symbol Address 

address   name                     
-------   ----                     
00000000  IE1                      
00000001  IE2                      
00000002  IFG1                     
00000003  IFG2                     
00000010  P3REN                    
00000018  P3IN                     
00000019  P3OUT                    
0000001a  P3DIR                    
0000001b  P3SEL                    
00000020  P1IN                     
00000021  P1OUT                    
00000022  P1DIR                    
00000023  P1IFG                    
00000024  P1IES                    
00000025  P1IE                     
00000026  P1SEL                    
00000027  P1REN                    
00000028  P2IN                     
00000029  P2OUT                    
0000002a  P2DIR                    
0000002b  P2IFG                    
0000002c  P2IES                    
0000002d  P2IE                     
0000002e  P2SEL                    
0000002f  P2REN                    
00000041  P1SEL2                   
00000042  P2SEL2                   
00000043  P3SEL2                   
00000048  ADC10DTC0                
00000049  ADC10DTC1                
0000004a  ADC10AE0                 
00000050  __STACK_SIZE             
00000053  BCSCTL3                  
00000056  DCOCTL                   
00000057  BCSCTL1                  
00000058  BCSCTL2                  
00000059  CACTL1                   
0000005a  CACTL2                   
0000005b  CAPD                     
0000005d  UCA0ABCTL                
0000005e  UCA0IRTCTL               
0000005f  UCA0IRRCTL               
00000060  UCA0CTL0                 
00000061  UCA0CTL1                 
00000062  UCA0BR0                  
00000063  UCA0BR1                  
00000064  UCA0MCTL                 
00000065  UCA0STAT                 
00000066  UCA0RXBUF                
00000067  UCA0TXBUF                
00000068  UCB0CTL0                 
00000069  UCB0CTL1                 
0000006a  UCB0BR0                  
0000006b  UCB0BR1                  
0000006c  UCB0I2CIE                
0000006d  UCB0STAT                 
0000006e  UCB0RXBUF                
0000006f  UCB0TXBUF                
00000118  UCB0I2COA                
0000011a  UCB0I2CSA                
0000011e  TA1IV                    
00000120  WDTCTL                   
00000128  FCTL1                    
0000012a  FCTL2                    
0000012c  FCTL3                    
0000012e  TA0IV                    
00000160  TA0CTL                   
00000162  TA0CCTL0                 
00000164  TA0CCTL1                 
00000166  TA0CCTL2                 
00000170  TA0R                     
00000172  TA0CCR0                  
00000174  TA0CCR1                  
00000176  TA0CCR2                  
00000180  TA1CTL                   
00000182  TA1CCTL0                 
00000184  TA1CCTL1                 
00000186  TA1CCTL2                 
00000190  TA1R                     
00000192  TA1CCR0                  
00000194  TA1CCR1                  
00000196  TA1CCR2                  
000001b0  ADC10CTL0                
000001b2  ADC10CTL1                
000001b4  ADC10MEM                 
000001bc  ADC10SA                  
00000200  sampleData               
00000300  PlaySampleData           
00000302  i2c_dataBuffer           
00000304  spi_rxdataBuffer         
00000306  spi_txdataBuffer         
00000308  IAM_i2c                  
00000309  IAM_spi                  
0000030a  IAM_spiRX                
0000030b  IAM_spiTX                
0000030c  i2c_dataLength           
0000030d  i2c_nackReceived         
0000030e  recordPlay               
0000030f  sampleRateFlag           
00000310  singleRead               
00000311  spi_rxdataLength         
00000312  spi_txdataLength         
00000313  start_record_play        
00000314  sectors_Written          
00000316  timerCount_ms            
00000318  timerCount_sec           
0000031a  recordTimeElapsed        
0000031b  sampleRateCount          
0000031c  readADAC                 
00000321  sampleCount              
000003b0  _stack                   
00000400  __STACK_END              
000010c0  TLV_CHECKSUM             
000010da  TLV_ADC10_1_TAG          
000010db  TLV_ADC10_1_LEN          
000010f6  TLV_DCO_30_TAG           
000010f7  TLV_DCO_30_LEN           
000010f8  CALDCO_16MHZ             
000010f9  CALBC1_16MHZ             
000010fa  CALDCO_12MHZ             
000010fb  CALBC1_12MHZ             
000010fc  CALDCO_8MHZ              
000010fd  CALBC1_8MHZ              
000010fe  CALDCO_1MHZ              
000010ff  CALBC1_1MHZ              
0000c000  main                     
0000c1b8  lcd_init                 
0000c266  USCIAB0RX_ISR            
0000c310  __TI_decompress_lzss     
0000c38c  _auto_init               
0000c3fa  lcd_main_menu            
0000c468  USCIAB0TX_ISR            
0000c4d2  flash_init               
0000c4d2  spi_init                 
0000c53c  flash_write              
0000c5a0  i2c_init                 
0000c5fe  record_data              
0000c65a  copy_in                  
0000c6b4  flash_read               
0000c70c  lcdCommand               
0000c760  lcd_putChar              
0000c7b4  __mspabi_srli            
0000c7c2  __mspabi_srli_15         
0000c7c6  __mspabi_srli_14         
0000c7ca  __mspabi_srli_13         
0000c7ce  __mspabi_srli_12         
0000c7d2  __mspabi_srli_11         
0000c7d6  __mspabi_srli_10         
0000c7da  __mspabi_srli_9          
0000c7de  __mspabi_srli_8          
0000c7e2  __mspabi_srli_7          
0000c7e6  __mspabi_srli_6          
0000c7ea  __mspabi_srli_5          
0000c7ee  __mspabi_srli_4          
0000c7f2  __mspabi_srli_3          
0000c7f6  __mspabi_srli_2          
0000c7fa  __mspabi_srli_1          
0000c800  i2c_write                
0000c848  configure_MSP            
0000c88a  i2c_read                 
0000c8ca  __mspabi_sral_15         
0000c8ce  __mspabi_sral_14         
0000c8d2  __mspabi_sral_13         
0000c8d6  __mspabi_sral_12         
0000c8da  __mspabi_sral_11         
0000c8de  __mspabi_sral_10         
0000c8e2  __mspabi_sral_9          
0000c8e6  __mspabi_sral_8          
0000c8ea  __mspabi_sral_7          
0000c8ee  __mspabi_sral_6          
0000c8f2  __mspabi_sral_5          
0000c8f6  __mspabi_sral_4          
0000c8fa  __mspabi_sral_3          
0000c8fe  __mspabi_sral_2          
0000c902  __mspabi_sral_1          
0000c908  flash_write_enable       
0000c942  flash_busy               
0000c978  Timer_A                  
0000c9ac  lcd_cursorSet            
0000c9da  adac_write               
0000ca06  retreive_data_from_flash 
0000ca32  __mspabi_srai            
0000ca3e  __mspabi_srai_15         
0000ca40  __mspabi_srai_14         
0000ca42  __mspabi_srai_13         
0000ca44  __mspabi_srai_12         
0000ca46  __mspabi_srai_11         
0000ca48  __mspabi_srai_10         
0000ca4a  __mspabi_srai_9          
0000ca4c  __mspabi_srai_8          
0000ca4e  __mspabi_srai_7          
0000ca50  __mspabi_srai_6          
0000ca52  __mspabi_srai_5          
0000ca54  __mspabi_srai_4          
0000ca56  __mspabi_srai_3          
0000ca58  __mspabi_srai_2          
0000ca5a  __mspabi_srai_1          
0000ca5e  __mspabi_slli            
0000ca6a  __mspabi_slli_15         
0000ca6c  __mspabi_slli_14         
0000ca6e  __mspabi_slli_13         
0000ca70  __mspabi_slli_12         
0000ca72  __mspabi_slli_11         
0000ca74  __mspabi_slli_10         
0000ca76  __mspabi_slli_9          
0000ca78  __mspabi_slli_8          
0000ca7a  __mspabi_slli_7          
0000ca7c  __mspabi_slli_6          
0000ca7e  __mspabi_slli_5          
0000ca80  __mspabi_slli_4          
0000ca82  __mspabi_slli_3          
0000ca84  __mspabi_slli_2          
0000ca86  __mspabi_slli_1          
0000ca8a  spi_write                
0000cab6  configure_Timer_PWM_Init 
0000cae0  isl_set                  
0000cb0a  adac_read                
0000cb32  save_data_to_flash       
0000cb58  audio_single_play        
0000cb7c  lcd_putText              
0000cba0  spi_read                 
0000cbc4  Timer_A0                 
0000cbe6  lcd_cursorBlink          
0000cc02  lcd_cursorShow           
0000cc1e  _c_int00_noargs_noexit   
0000cc38  audio_playBuffer         
0000cc50  __TI_zero_init           
0000cc64  memset                   
0000cc78  __mspabi_mpyi            
0000cc78  __mspabi_mpyi_sw         
0000cc8c  audio_single_read        
0000cc9e  __TI_decompress_none     
0000ccb0  memcpy                   
0000ccc2  ADC_init                 
0000ccd2  audio_single_wait        
0000cce2  lcd_enable               
0000ccf2  __mspabi_func_epilog_7   
0000ccf4  __mspabi_func_epilog_6   
0000ccf6  __mspabi_func_epilog_5   
0000ccf8  __mspabi_func_epilog_4   
0000ccfa  __mspabi_func_epilog_3   
0000ccfc  __mspabi_func_epilog_2   
0000ccfe  __mspabi_func_epilog_1   
0000cd02  verify_recording_playback
0000cd12  adac_init                
0000cd20  isl_init                 
0000cd2e  lcd_clear                
0000cd3c  __TI_ISR_TRAP            
0000cd44  C$$EXIT                  
0000cd44  abort                    
0000cd4a  _system_pre_init         
0000cd4e  _system_post_cinit       
0000cd8e  __TI_Handler_Table_Base  
0000cd94  __TI_Handler_Table_Limit 
0000cd98  __TI_CINIT_Base          
0000cda0  __TI_CINIT_Limit         
0000ffe0  __TI_int00               
0000ffe4  __TI_int02               
0000ffe6  __TI_int03               
0000ffea  __TI_int05               
0000ffec  __TI_int06               
0000ffee  __TI_int07               
0000fff0  __TI_int08               
0000fff2  __TI_int09               
0000fff4  __TI_int10               
0000fff6  __TI_int11               
0000fff8  __TI_int12               
0000fffa  __TI_int13               
0000fffc  __TI_int14               
0000fffe  _reset_vector            
ffffffff  __TI_pprof_out_hndl      
ffffffff  __TI_prof_data_size      
ffffffff  __TI_prof_data_start     
ffffffff  __c_args__               
UNDEFED   __TI_BINIT_Base          
UNDEFED   __TI_BINIT_Limit         
UNDEFED   __TI_INITARRAY_Base      
UNDEFED   __TI_INITARRAY_Limit     

[278 symbols]
