<?xml version="1.0"?>
<link_info>
   <banner>MSP430 Linker PC v16.9.6.LTS</banner>
   <copyright>Copyright (c) 2003-2017 Texas Instruments Incorporated</copyright>
   <link_time>0x5b4ddeab</link_time>
   <link_errors>0x0</link_errors>
   <output_file>Audio_Rec_Taxali.out</output_file>
   <entry_point>
      <name>_c_int00_noargs_noexit</name>
      <address>0xcc1e</address>
   </entry_point>
   <input_file_list>
      <input_file id="fl-2">
         <path>.\</path>
         <kind>object</kind>
         <file>main.obj</file>
         <name>main.obj</name>
      </input_file>
      <input_file id="fl-3">
         <path>.\libs\</path>
         <kind>object</kind>
         <file>LCD.obj</file>
         <name>LCD.obj</name>
      </input_file>
      <input_file id="fl-4">
         <path>.\libs\</path>
         <kind>object</kind>
         <file>adac.obj</file>
         <name>adac.obj</name>
      </input_file>
      <input_file id="fl-5">
         <path>.\libs\</path>
         <kind>object</kind>
         <file>audio.obj</file>
         <name>audio.obj</name>
      </input_file>
      <input_file id="fl-6">
         <path>.\libs\</path>
         <kind>object</kind>
         <file>flash.obj</file>
         <name>flash.obj</name>
      </input_file>
      <input_file id="fl-7">
         <path>.\libs\</path>
         <kind>object</kind>
         <file>i2c.obj</file>
         <name>i2c.obj</name>
      </input_file>
      <input_file id="fl-8">
         <path>.\libs\</path>
         <kind>object</kind>
         <file>interrupt_routine.obj</file>
         <name>interrupt_routine.obj</name>
      </input_file>
      <input_file id="fl-9">
         <path>.\libs\</path>
         <kind>object</kind>
         <file>isl.obj</file>
         <name>isl.obj</name>
      </input_file>
      <input_file id="fl-a">
         <path>.\libs\</path>
         <kind>object</kind>
         <file>spi.obj</file>
         <name>spi.obj</name>
      </input_file>
      <input_file id="fl-f">
         <kind>object</kind>
         <file>&lt;internal&gt;</file>
         <name>&lt;internal&gt;</name>
      </input_file>
      <input_file id="fl-25">
         <path>E:\Installed Softwares\ti\ccsv7\tools\compiler\ti-cgt-msp430_16.9.6.LTS\lib\</path>
         <kind>archive</kind>
         <file>rts430_eabi.lib</file>
         <name>asr16.obj</name>
      </input_file>
      <input_file id="fl-26">
         <path>E:\Installed Softwares\ti\ccsv7\tools\compiler\ti-cgt-msp430_16.9.6.LTS\lib\</path>
         <kind>archive</kind>
         <file>rts430_eabi.lib</file>
         <name>asr32.obj</name>
      </input_file>
      <input_file id="fl-27">
         <path>E:\Installed Softwares\ti\ccsv7\tools\compiler\ti-cgt-msp430_16.9.6.LTS\lib\</path>
         <kind>archive</kind>
         <file>rts430_eabi.lib</file>
         <name>boot.obj</name>
      </input_file>
      <input_file id="fl-28">
         <path>E:\Installed Softwares\ti\ccsv7\tools\compiler\ti-cgt-msp430_16.9.6.LTS\lib\</path>
         <kind>archive</kind>
         <file>rts430_eabi.lib</file>
         <name>boot_special.obj</name>
      </input_file>
      <input_file id="fl-29">
         <path>E:\Installed Softwares\ti\ccsv7\tools\compiler\ti-cgt-msp430_16.9.6.LTS\lib\</path>
         <kind>archive</kind>
         <file>rts430_eabi.lib</file>
         <name>copy_decompress_lzss.obj</name>
      </input_file>
      <input_file id="fl-2a">
         <path>E:\Installed Softwares\ti\ccsv7\tools\compiler\ti-cgt-msp430_16.9.6.LTS\lib\</path>
         <kind>archive</kind>
         <file>rts430_eabi.lib</file>
         <name>copy_decompress_none.obj</name>
      </input_file>
      <input_file id="fl-2b">
         <path>E:\Installed Softwares\ti\ccsv7\tools\compiler\ti-cgt-msp430_16.9.6.LTS\lib\</path>
         <kind>archive</kind>
         <file>rts430_eabi.lib</file>
         <name>copy_zero_init.obj</name>
      </input_file>
      <input_file id="fl-2c">
         <path>E:\Installed Softwares\ti\ccsv7\tools\compiler\ti-cgt-msp430_16.9.6.LTS\lib\</path>
         <kind>archive</kind>
         <file>rts430_eabi.lib</file>
         <name>epilog.obj</name>
      </input_file>
      <input_file id="fl-2d">
         <path>E:\Installed Softwares\ti\ccsv7\tools\compiler\ti-cgt-msp430_16.9.6.LTS\lib\</path>
         <kind>archive</kind>
         <file>rts430_eabi.lib</file>
         <name>exit.obj</name>
      </input_file>
      <input_file id="fl-2e">
         <path>E:\Installed Softwares\ti\ccsv7\tools\compiler\ti-cgt-msp430_16.9.6.LTS\lib\</path>
         <kind>archive</kind>
         <file>rts430_eabi.lib</file>
         <name>exit_gvars.obj</name>
      </input_file>
      <input_file id="fl-2f">
         <path>E:\Installed Softwares\ti\ccsv7\tools\compiler\ti-cgt-msp430_16.9.6.LTS\lib\</path>
         <kind>archive</kind>
         <file>rts430_eabi.lib</file>
         <name>int00.obj</name>
      </input_file>
      <input_file id="fl-30">
         <path>E:\Installed Softwares\ti\ccsv7\tools\compiler\ti-cgt-msp430_16.9.6.LTS\lib\</path>
         <kind>archive</kind>
         <file>rts430_eabi.lib</file>
         <name>int02.obj</name>
      </input_file>
      <input_file id="fl-31">
         <path>E:\Installed Softwares\ti\ccsv7\tools\compiler\ti-cgt-msp430_16.9.6.LTS\lib\</path>
         <kind>archive</kind>
         <file>rts430_eabi.lib</file>
         <name>int03.obj</name>
      </input_file>
      <input_file id="fl-32">
         <path>E:\Installed Softwares\ti\ccsv7\tools\compiler\ti-cgt-msp430_16.9.6.LTS\lib\</path>
         <kind>archive</kind>
         <file>rts430_eabi.lib</file>
         <name>int05.obj</name>
      </input_file>
      <input_file id="fl-33">
         <path>E:\Installed Softwares\ti\ccsv7\tools\compiler\ti-cgt-msp430_16.9.6.LTS\lib\</path>
         <kind>archive</kind>
         <file>rts430_eabi.lib</file>
         <name>int10.obj</name>
      </input_file>
      <input_file id="fl-34">
         <path>E:\Installed Softwares\ti\ccsv7\tools\compiler\ti-cgt-msp430_16.9.6.LTS\lib\</path>
         <kind>archive</kind>
         <file>rts430_eabi.lib</file>
         <name>int11.obj</name>
      </input_file>
      <input_file id="fl-35">
         <path>E:\Installed Softwares\ti\ccsv7\tools\compiler\ti-cgt-msp430_16.9.6.LTS\lib\</path>
         <kind>archive</kind>
         <file>rts430_eabi.lib</file>
         <name>int12.obj</name>
      </input_file>
      <input_file id="fl-36">
         <path>E:\Installed Softwares\ti\ccsv7\tools\compiler\ti-cgt-msp430_16.9.6.LTS\lib\</path>
         <kind>archive</kind>
         <file>rts430_eabi.lib</file>
         <name>int13.obj</name>
      </input_file>
      <input_file id="fl-37">
         <path>E:\Installed Softwares\ti\ccsv7\tools\compiler\ti-cgt-msp430_16.9.6.LTS\lib\</path>
         <kind>archive</kind>
         <file>rts430_eabi.lib</file>
         <name>int14.obj</name>
      </input_file>
      <input_file id="fl-38">
         <path>E:\Installed Softwares\ti\ccsv7\tools\compiler\ti-cgt-msp430_16.9.6.LTS\lib\</path>
         <kind>archive</kind>
         <file>rts430_eabi.lib</file>
         <name>isr_trap.obj</name>
      </input_file>
      <input_file id="fl-39">
         <path>E:\Installed Softwares\ti\ccsv7\tools\compiler\ti-cgt-msp430_16.9.6.LTS\lib\</path>
         <kind>archive</kind>
         <file>rts430_eabi.lib</file>
         <name>lsl16.obj</name>
      </input_file>
      <input_file id="fl-3a">
         <path>E:\Installed Softwares\ti\ccsv7\tools\compiler\ti-cgt-msp430_16.9.6.LTS\lib\</path>
         <kind>archive</kind>
         <file>rts430_eabi.lib</file>
         <name>lsr16.obj</name>
      </input_file>
      <input_file id="fl-3b">
         <path>E:\Installed Softwares\ti\ccsv7\tools\compiler\ti-cgt-msp430_16.9.6.LTS\lib\</path>
         <kind>archive</kind>
         <file>rts430_eabi.lib</file>
         <name>memcpy.obj</name>
      </input_file>
      <input_file id="fl-3c">
         <path>E:\Installed Softwares\ti\ccsv7\tools\compiler\ti-cgt-msp430_16.9.6.LTS\lib\</path>
         <kind>archive</kind>
         <file>rts430_eabi.lib</file>
         <name>memset.obj</name>
      </input_file>
      <input_file id="fl-3d">
         <path>E:\Installed Softwares\ti\ccsv7\tools\compiler\ti-cgt-msp430_16.9.6.LTS\lib\</path>
         <kind>archive</kind>
         <file>rts430_eabi.lib</file>
         <name>mpu_init.obj</name>
      </input_file>
      <input_file id="fl-3e">
         <path>E:\Installed Softwares\ti\ccsv7\tools\compiler\ti-cgt-msp430_16.9.6.LTS\lib\</path>
         <kind>archive</kind>
         <file>rts430_eabi.lib</file>
         <name>pre_init.obj</name>
      </input_file>
      <input_file id="fl-3f">
         <path>E:\Installed Softwares\ti\ccsv7\tools\compiler\ti-cgt-msp430_16.9.6.LTS\lib\</path>
         <kind>archive</kind>
         <file>rts430_eabi.lib</file>
         <name>sprintf.obj</name>
      </input_file>
      <input_file id="fl-40">
         <path>E:\Installed Softwares\ti\ccsv7\tools\compiler\ti-cgt-msp430_16.9.6.LTS\lib\</path>
         <kind>archive</kind>
         <file>rts430_eabi.lib</file>
         <name>_lock.obj</name>
      </input_file>
      <input_file id="fl-41">
         <path>E:\Installed Softwares\ti\ccsv7\tools\compiler\ti-cgt-msp430_16.9.6.LTS\lib\</path>
         <kind>archive</kind>
         <file>rts430_eabi.lib</file>
         <name>_printfi_min.obj</name>
      </input_file>
      <input_file id="fl-42">
         <path>E:\Installed Softwares\ti\ccsv7\tools\compiler\ti-cgt-msp430_16.9.6.LTS\lib\</path>
         <kind>archive</kind>
         <file>rts430_eabi.lib</file>
         <name>args_main.obj</name>
      </input_file>
      <input_file id="fl-43">
         <path>E:\Installed Softwares\ti\ccsv7\tools\compiler\ti-cgt-msp430_16.9.6.LTS\lib\</path>
         <kind>archive</kind>
         <file>rts430_eabi.lib</file>
         <name>autoinit.obj</name>
      </input_file>
      <input_file id="fl-44">
         <path>E:\Installed Softwares\ti\ccsv7\tools\compiler\ti-cgt-msp430_16.9.6.LTS\lib\</path>
         <kind>archive</kind>
         <file>rts430_eabi.lib</file>
         <name>cpy_tbl.obj</name>
      </input_file>
      <input_file id="fl-45">
         <path>E:\Installed Softwares\ti\ccsv7\tools\compiler\ti-cgt-msp430_16.9.6.LTS\lib\</path>
         <kind>archive</kind>
         <file>rts430_eabi.lib</file>
         <name>div16u.obj</name>
      </input_file>
      <input_file id="fl-46">
         <path>E:\Installed Softwares\ti\ccsv7\tools\compiler\ti-cgt-msp430_16.9.6.LTS\lib\</path>
         <kind>archive</kind>
         <file>rts430_eabi.lib</file>
         <name>lsr64.obj</name>
      </input_file>
      <input_file id="fl-47">
         <path>E:\Installed Softwares\ti\ccsv7\tools\compiler\ti-cgt-msp430_16.9.6.LTS\lib\</path>
         <kind>archive</kind>
         <file>rts430_eabi.lib</file>
         <name>memccpy.obj</name>
      </input_file>
      <input_file id="fl-48">
         <path>E:\Installed Softwares\ti\ccsv7\tools\compiler\ti-cgt-msp430_16.9.6.LTS\lib\</path>
         <kind>archive</kind>
         <file>rts430_eabi.lib</file>
         <name>mult16.obj</name>
      </input_file>
      <input_file id="fl-49">
         <path>E:\Installed Softwares\ti\ccsv7\tools\compiler\ti-cgt-msp430_16.9.6.LTS\lib\</path>
         <kind>archive</kind>
         <file>rts430_eabi.lib</file>
         <name>startup.obj</name>
      </input_file>
      <input_file id="fl-4a">
         <path>E:\Installed Softwares\ti\ccsv7\tools\compiler\ti-cgt-msp430_16.9.6.LTS\lib\</path>
         <kind>archive</kind>
         <file>rts430_eabi.lib</file>
         <name>strlen.obj</name>
      </input_file>
   </input_file_list>
   <object_component_list>
      <object_component id="oc-282">
         <name>.common:sampleData</name>
         <uninitialized>true</uninitialized>
         <run_address>0x200</run_address>
         <size>0x100</size>
      </object_component>
      <object_component id="oc-289">
         <name>.common:PlaySampleData</name>
         <uninitialized>true</uninitialized>
         <run_address>0x300</run_address>
         <size>0x2</size>
      </object_component>
      <object_component id="oc-1a0">
         <name>.common:sampleRateFlag</name>
         <uninitialized>true</uninitialized>
         <run_address>0x30f</run_address>
         <size>0x1</size>
      </object_component>
      <object_component id="oc-1ed">
         <name>.common:recordPlay</name>
         <uninitialized>true</uninitialized>
         <run_address>0x30e</run_address>
         <size>0x1</size>
      </object_component>
      <object_component id="oc-1ee">
         <name>.common:start_record_play</name>
         <uninitialized>true</uninitialized>
         <run_address>0x313</run_address>
         <size>0x1</size>
      </object_component>
      <object_component id="oc-33f">
         <name>.common:singleRead</name>
         <uninitialized>true</uninitialized>
         <run_address>0x310</run_address>
         <size>0x1</size>
      </object_component>
      <object_component id="oc-191">
         <name>.common:i2c_dataBuffer</name>
         <uninitialized>true</uninitialized>
         <run_address>0x302</run_address>
         <size>0x2</size>
      </object_component>
      <object_component id="oc-192">
         <name>.common:i2c_dataLength</name>
         <uninitialized>true</uninitialized>
         <run_address>0x30c</run_address>
         <size>0x1</size>
      </object_component>
      <object_component id="oc-194">
         <name>.common:i2c_nackReceived</name>
         <uninitialized>true</uninitialized>
         <run_address>0x30d</run_address>
         <size>0x1</size>
      </object_component>
      <object_component id="oc-18b">
         <name>.common:IAM_i2c</name>
         <uninitialized>true</uninitialized>
         <run_address>0x308</run_address>
         <size>0x1</size>
      </object_component>
      <object_component id="oc-190">
         <name>.common:IAM_spi</name>
         <uninitialized>true</uninitialized>
         <run_address>0x309</run_address>
         <size>0x1</size>
      </object_component>
      <object_component id="oc-19a">
         <name>.common:spi_rxdataBuffer</name>
         <uninitialized>true</uninitialized>
         <run_address>0x304</run_address>
         <size>0x2</size>
      </object_component>
      <object_component id="oc-197">
         <name>.common:spi_txdataBuffer</name>
         <uninitialized>true</uninitialized>
         <run_address>0x306</run_address>
         <size>0x2</size>
      </object_component>
      <object_component id="oc-199">
         <name>.common:spi_rxdataLength</name>
         <uninitialized>true</uninitialized>
         <run_address>0x311</run_address>
         <size>0x1</size>
      </object_component>
      <object_component id="oc-196">
         <name>.common:spi_txdataLength</name>
         <uninitialized>true</uninitialized>
         <run_address>0x312</run_address>
         <size>0x1</size>
      </object_component>
      <object_component id="oc-195">
         <name>.common:IAM_spiTX</name>
         <uninitialized>true</uninitialized>
         <run_address>0x30b</run_address>
         <size>0x1</size>
      </object_component>
      <object_component id="oc-198">
         <name>.common:IAM_spiRX</name>
         <uninitialized>true</uninitialized>
         <run_address>0x30a</run_address>
         <size>0x1</size>
      </object_component>
      <object_component id="oc-19c">
         <name>.data</name>
         <load_address>0x314</load_address>
         <run_address>0x314</run_address>
         <size>0x8</size>
         <input_file_ref idref="fl-2"/>
      </object_component>
      <object_component id="oc-201">
         <name>.data:readADAC</name>
         <load_address>0x31c</load_address>
         <run_address>0x31c</run_address>
         <size>0x5</size>
         <input_file_ref idref="fl-2"/>
      </object_component>
      <object_component id="oc-33c">
         <name>.data</name>
         <load_address>0x321</load_address>
         <run_address>0x321</run_address>
         <size>0x1</size>
         <input_file_ref idref="fl-5"/>
      </object_component>
      <object_component id="oc-ee">
         <name>.stack</name>
         <uninitialized>true</uninitialized>
         <run_address>0x3b0</run_address>
         <size>0x2</size>
         <input_file_ref idref="fl-27"/>
      </object_component>
      <object_component id="oc-38b">
         <name>.stack</name>
         <uninitialized>true</uninitialized>
         <run_address>0x3b0</run_address>
         <size>0x0</size>
      </object_component>
      <object_component id="oc-15d">
         <name>.text:main</name>
         <load_address>0xc000</load_address>
         <run_address>0xc000</run_address>
         <size>0x1b8</size>
         <input_file_ref idref="fl-2"/>
      </object_component>
      <object_component id="oc-268">
         <name>.text:lcd_init</name>
         <load_address>0xc1b8</load_address>
         <run_address>0xc1b8</run_address>
         <size>0xae</size>
         <input_file_ref idref="fl-3"/>
      </object_component>
      <object_component id="oc-124">
         <name>.text:USCIAB0RX_ISR</name>
         <load_address>0xc266</load_address>
         <run_address>0xc266</run_address>
         <size>0xaa</size>
         <input_file_ref idref="fl-8"/>
      </object_component>
      <object_component id="oc-31">
         <name>.text:decompress:lzss:__TI_decompress_lzss</name>
         <load_address>0xc310</load_address>
         <run_address>0xc310</run_address>
         <size>0x7c</size>
         <input_file_ref idref="fl-29"/>
      </object_component>
      <object_component id="oc-143">
         <name>.text:_auto_init</name>
         <load_address>0xc38c</load_address>
         <run_address>0xc38c</run_address>
         <size>0x6e</size>
         <input_file_ref idref="fl-43"/>
      </object_component>
      <object_component id="oc-1db">
         <name>.text:lcd_main_menu</name>
         <load_address>0xc3fa</load_address>
         <run_address>0xc3fa</run_address>
         <size>0x6e</size>
         <input_file_ref idref="fl-2"/>
      </object_component>
      <object_component id="oc-11e">
         <name>.text:USCIAB0TX_ISR</name>
         <load_address>0xc468</load_address>
         <run_address>0xc468</run_address>
         <size>0x6a</size>
         <input_file_ref idref="fl-8"/>
      </object_component>
      <object_component id="oc-27c">
         <name>.text:spi_init</name>
         <load_address>0xc4d2</load_address>
         <run_address>0xc4d2</run_address>
         <size>0x6a</size>
         <input_file_ref idref="fl-a"/>
      </object_component>
      <object_component id="oc-2ca">
         <name>.text:flash_write</name>
         <load_address>0xc53c</load_address>
         <run_address>0xc53c</run_address>
         <size>0x64</size>
         <input_file_ref idref="fl-6"/>
      </object_component>
      <object_component id="oc-2a1">
         <name>.text:i2c_init</name>
         <load_address>0xc5a0</load_address>
         <run_address>0xc5a0</run_address>
         <size>0x5e</size>
         <input_file_ref idref="fl-7"/>
      </object_component>
      <object_component id="oc-21c">
         <name>.text:record_data</name>
         <load_address>0xc5fe</load_address>
         <run_address>0xc5fe</run_address>
         <size>0x5c</size>
         <input_file_ref idref="fl-2"/>
      </object_component>
      <object_component id="oc-1a7">
         <name>.text:copy_in</name>
         <load_address>0xc65a</load_address>
         <run_address>0xc65a</run_address>
         <size>0x5a</size>
         <input_file_ref idref="fl-44"/>
      </object_component>
      <object_component id="oc-283">
         <name>.text:flash_read</name>
         <load_address>0xc6b4</load_address>
         <run_address>0xc6b4</run_address>
         <size>0x58</size>
         <input_file_ref idref="fl-6"/>
      </object_component>
      <object_component id="oc-2b4">
         <name>.text:lcdCommand</name>
         <load_address>0xc70c</load_address>
         <run_address>0xc70c</run_address>
         <size>0x54</size>
         <input_file_ref idref="fl-3"/>
      </object_component>
      <object_component id="oc-2e6">
         <name>.text:lcd_putChar</name>
         <load_address>0xc760</load_address>
         <run_address>0xc760</run_address>
         <size>0x54</size>
         <input_file_ref idref="fl-3"/>
      </object_component>
      <object_component id="oc-f7">
         <name>.text</name>
         <load_address>0xc7b4</load_address>
         <run_address>0xc7b4</run_address>
         <size>0x4c</size>
         <input_file_ref idref="fl-3a"/>
      </object_component>
      <object_component id="oc-298">
         <name>.text:i2c_write</name>
         <load_address>0xc800</load_address>
         <run_address>0xc800</run_address>
         <size>0x48</size>
         <input_file_ref idref="fl-7"/>
      </object_component>
      <object_component id="oc-1c9">
         <name>.text:configure_MSP</name>
         <load_address>0xc848</load_address>
         <run_address>0xc848</run_address>
         <size>0x42</size>
         <input_file_ref idref="fl-2"/>
      </object_component>
      <object_component id="oc-2ad">
         <name>.text:i2c_read</name>
         <load_address>0xc88a</load_address>
         <run_address>0xc88a</run_address>
         <size>0x40</size>
         <input_file_ref idref="fl-7"/>
      </object_component>
      <object_component id="oc-2ef">
         <name>.text:l_asr_const</name>
         <load_address>0xc8ca</load_address>
         <run_address>0xc8ca</run_address>
         <size>0x3e</size>
         <input_file_ref idref="fl-26"/>
      </object_component>
      <object_component id="oc-326">
         <name>.text:flash_write_enable</name>
         <load_address>0xc908</load_address>
         <run_address>0xc908</run_address>
         <size>0x3a</size>
         <input_file_ref idref="fl-6"/>
      </object_component>
      <object_component id="oc-32c">
         <name>.text:flash_busy</name>
         <load_address>0xc942</load_address>
         <run_address>0xc942</run_address>
         <size>0x36</size>
         <input_file_ref idref="fl-6"/>
      </object_component>
      <object_component id="oc-12a">
         <name>.text:Timer_A</name>
         <load_address>0xc978</load_address>
         <run_address>0xc978</run_address>
         <size>0x34</size>
         <input_file_ref idref="fl-2"/>
      </object_component>
      <object_component id="oc-216">
         <name>.text:lcd_cursorSet</name>
         <load_address>0xc9ac</load_address>
         <run_address>0xc9ac</run_address>
         <size>0x2e</size>
         <input_file_ref idref="fl-3"/>
      </object_component>
      <object_component id="oc-1ef">
         <name>.text:adac_write</name>
         <load_address>0xc9da</load_address>
         <run_address>0xc9da</run_address>
         <size>0x2c</size>
         <input_file_ref idref="fl-4"/>
      </object_component>
      <object_component id="oc-1e1">
         <name>.text:retreive_data_from_flash</name>
         <load_address>0xca06</load_address>
         <run_address>0xca06</run_address>
         <size>0x2c</size>
         <input_file_ref idref="fl-2"/>
      </object_component>
      <object_component id="oc-31d">
         <name>.text</name>
         <load_address>0xca32</load_address>
         <run_address>0xca32</run_address>
         <size>0x2c</size>
         <input_file_ref idref="fl-25"/>
      </object_component>
      <object_component id="oc-f2">
         <name>.text</name>
         <load_address>0xca5e</load_address>
         <run_address>0xca5e</run_address>
         <size>0x2c</size>
         <input_file_ref idref="fl-39"/>
      </object_component>
      <object_component id="oc-2f4">
         <name>.text:spi_write</name>
         <load_address>0xca8a</load_address>
         <run_address>0xca8a</run_address>
         <size>0x2c</size>
         <input_file_ref idref="fl-a"/>
      </object_component>
      <object_component id="oc-1d5">
         <name>.text:configure_Timer_PWM_Init</name>
         <load_address>0xcab6</load_address>
         <run_address>0xcab6</run_address>
         <size>0x2a</size>
         <input_file_ref idref="fl-2"/>
      </object_component>
      <object_component id="oc-2c3">
         <name>.text:isl_set</name>
         <load_address>0xcae0</load_address>
         <run_address>0xcae0</run_address>
         <size>0x2a</size>
         <input_file_ref idref="fl-9"/>
      </object_component>
      <object_component id="oc-204">
         <name>.text:adac_read</name>
         <load_address>0xcb0a</load_address>
         <run_address>0xcb0a</run_address>
         <size>0x28</size>
         <input_file_ref idref="fl-4"/>
      </object_component>
      <object_component id="oc-222">
         <name>.text:save_data_to_flash</name>
         <load_address>0xcb32</load_address>
         <run_address>0xcb32</run_address>
         <size>0x26</size>
         <input_file_ref idref="fl-2"/>
      </object_component>
      <object_component id="oc-28b">
         <name>.text:audio_single_play</name>
         <load_address>0xcb58</load_address>
         <run_address>0xcb58</run_address>
         <size>0x24</size>
         <input_file_ref idref="fl-5"/>
      </object_component>
      <object_component id="oc-275">
         <name>.text:lcd_putText</name>
         <load_address>0xcb7c</load_address>
         <run_address>0xcb7c</run_address>
         <size>0x24</size>
         <input_file_ref idref="fl-3"/>
      </object_component>
      <object_component id="oc-2fa">
         <name>.text:spi_read</name>
         <load_address>0xcba0</load_address>
         <run_address>0xcba0</run_address>
         <size>0x24</size>
         <input_file_ref idref="fl-a"/>
      </object_component>
      <object_component id="oc-130">
         <name>.text:Timer_A0</name>
         <load_address>0xcbc4</load_address>
         <run_address>0xcbc4</run_address>
         <size>0x22</size>
         <input_file_ref idref="fl-2"/>
      </object_component>
      <object_component id="oc-210">
         <name>.text:lcd_cursorBlink</name>
         <load_address>0xcbe6</load_address>
         <run_address>0xcbe6</run_address>
         <size>0x1c</size>
         <input_file_ref idref="fl-3"/>
      </object_component>
      <object_component id="oc-20a">
         <name>.text:lcd_cursorShow</name>
         <load_address>0xcc02</load_address>
         <run_address>0xcc02</run_address>
         <size>0x1c</size>
         <input_file_ref idref="fl-3"/>
      </object_component>
      <object_component id="oc-68">
         <name>.text:_c_int00_noargs_noexit</name>
         <load_address>0xcc1e</load_address>
         <run_address>0xcc1e</run_address>
         <size>0x1a</size>
         <input_file_ref idref="fl-28"/>
      </object_component>
      <object_component id="oc-1e7">
         <name>.text:audio_playBuffer</name>
         <load_address>0xcc38</load_address>
         <run_address>0xcc38</run_address>
         <size>0x18</size>
         <input_file_ref idref="fl-5"/>
      </object_component>
      <object_component id="oc-4a">
         <name>.text:decompress:ZI:__TI_zero_init</name>
         <load_address>0xcc50</load_address>
         <run_address>0xcc50</run_address>
         <size>0x14</size>
         <input_file_ref idref="fl-2b"/>
      </object_component>
      <object_component id="oc-292">
         <name>.text:memset</name>
         <load_address>0xcc64</load_address>
         <run_address>0xcc64</run_address>
         <size>0x14</size>
         <input_file_ref idref="fl-3c"/>
      </object_component>
      <object_component id="oc-236">
         <name>.text</name>
         <load_address>0xcc78</load_address>
         <run_address>0xcc78</run_address>
         <size>0x14</size>
         <input_file_ref idref="fl-48"/>
      </object_component>
      <object_component id="oc-307">
         <name>.text:audio_single_read</name>
         <load_address>0xcc8c</load_address>
         <run_address>0xcc8c</run_address>
         <size>0x12</size>
         <input_file_ref idref="fl-5"/>
      </object_component>
      <object_component id="oc-37">
         <name>.text:decompress:none:__TI_decompress_none</name>
         <load_address>0xcc9e</load_address>
         <run_address>0xcc9e</run_address>
         <size>0x12</size>
         <input_file_ref idref="fl-2a"/>
      </object_component>
      <object_component id="oc-10c">
         <name>.text:memcpy</name>
         <load_address>0xccb0</load_address>
         <run_address>0xccb0</run_address>
         <size>0x12</size>
         <input_file_ref idref="fl-3b"/>
      </object_component>
      <object_component id="oc-1cf">
         <name>.text:ADC_init</name>
         <load_address>0xccc2</load_address>
         <run_address>0xccc2</run_address>
         <size>0x10</size>
         <input_file_ref idref="fl-2"/>
      </object_component>
      <object_component id="oc-30d">
         <name>.text:audio_single_wait</name>
         <load_address>0xccd2</load_address>
         <run_address>0xccd2</run_address>
         <size>0x10</size>
         <input_file_ref idref="fl-5"/>
      </object_component>
      <object_component id="oc-2de">
         <name>.text:lcd_enable</name>
         <load_address>0xcce2</load_address>
         <run_address>0xcce2</run_address>
         <size>0x10</size>
         <input_file_ref idref="fl-3"/>
      </object_component>
      <object_component id="oc-fc">
         <name>.text</name>
         <load_address>0xccf2</load_address>
         <run_address>0xccf2</run_address>
         <size>0x10</size>
         <input_file_ref idref="fl-2c"/>
      </object_component>
      <object_component id="oc-1f5">
         <name>.text:verify_recording_playback</name>
         <load_address>0xcd02</load_address>
         <run_address>0xcd02</run_address>
         <size>0x10</size>
         <input_file_ref idref="fl-2"/>
      </object_component>
      <object_component id="oc-1fb">
         <name>.text:adac_init</name>
         <load_address>0xcd12</load_address>
         <run_address>0xcd12</run_address>
         <size>0xe</size>
         <input_file_ref idref="fl-4"/>
      </object_component>
      <object_component id="oc-2bd">
         <name>.text:isl_init</name>
         <load_address>0xcd20</load_address>
         <run_address>0xcd20</run_address>
         <size>0xe</size>
         <input_file_ref idref="fl-9"/>
      </object_component>
      <object_component id="oc-26e">
         <name>.text:lcd_clear</name>
         <load_address>0xcd2e</load_address>
         <run_address>0xcd2e</run_address>
         <size>0xe</size>
         <input_file_ref idref="fl-3"/>
      </object_component>
      <object_component id="oc-119">
         <name>.text:_isr:__TI_ISR_TRAP</name>
         <load_address>0xcd3c</load_address>
         <run_address>0xcd3c</run_address>
         <size>0x8</size>
         <input_file_ref idref="fl-38"/>
      </object_component>
      <object_component id="oc-165">
         <name>.text:abort</name>
         <load_address>0xcd44</load_address>
         <run_address>0xcd44</run_address>
         <size>0x6</size>
         <input_file_ref idref="fl-2d"/>
      </object_component>
      <object_component id="oc-13d">
         <name>.text:_system_pre_init</name>
         <load_address>0xcd4a</load_address>
         <run_address>0xcd4a</run_address>
         <size>0x4</size>
         <input_file_ref idref="fl-3e"/>
      </object_component>
      <object_component id="oc-1ad">
         <name>.text:_system_post_cinit</name>
         <load_address>0xcd4e</load_address>
         <run_address>0xcd4e</run_address>
         <size>0x2</size>
         <input_file_ref idref="fl-49"/>
      </object_component>
      <object_component id="oc-38a">
         <name>.cinit..data.load</name>
         <load_address>0xcd86</load_address>
         <run_address>0xcd86</run_address>
         <size>0x7</size>
      </object_component>
      <object_component id="oc-387">
         <name>__TI_handler_table</name>
         <load_address>0xcd8e</load_address>
         <run_address>0xcd8e</run_address>
         <size>0x6</size>
      </object_component>
      <object_component id="oc-389">
         <name>.cinit..bss.load</name>
         <load_address>0xcd94</load_address>
         <run_address>0xcd94</run_address>
         <size>0x4</size>
      </object_component>
      <object_component id="oc-388">
         <name>__TI_cinit_table</name>
         <load_address>0xcd98</load_address>
         <run_address>0xcd98</run_address>
         <size>0x8</size>
      </object_component>
      <object_component id="oc-274">
         <name>.const:.string</name>
         <load_address>0xcd50</load_address>
         <run_address>0xcd50</run_address>
         <size>0x32</size>
         <input_file_ref idref="fl-2"/>
      </object_component>
      <object_component id="oc-2aa">
         <name>.const:.string:$P$T0$1</name>
         <load_address>0xcd82</load_address>
         <run_address>0xcd82</run_address>
         <size>0x1</size>
         <input_file_ref idref="fl-4"/>
      </object_component>
      <object_component id="oc-34a">
         <name>.const:.string:$P$T0$1</name>
         <load_address>0xcd84</load_address>
         <run_address>0xcd84</run_address>
         <size>0x1</size>
         <input_file_ref idref="fl-6"/>
      </object_component>
      <object_component id="oc-3d">
         <name>.int00</name>
         <load_address>0xffe0</load_address>
         <run_address>0xffe0</run_address>
         <size>0x2</size>
         <input_file_ref idref="fl-2f"/>
      </object_component>
      <object_component id="oc-3e">
         <name>.int02</name>
         <load_address>0xffe4</load_address>
         <run_address>0xffe4</run_address>
         <size>0x2</size>
         <input_file_ref idref="fl-30"/>
      </object_component>
      <object_component id="oc-3f">
         <name>.int03</name>
         <load_address>0xffe6</load_address>
         <run_address>0xffe6</run_address>
         <size>0x2</size>
         <input_file_ref idref="fl-31"/>
      </object_component>
      <object_component id="oc-40">
         <name>.int05</name>
         <load_address>0xffea</load_address>
         <run_address>0xffea</run_address>
         <size>0x2</size>
         <input_file_ref idref="fl-32"/>
      </object_component>
      <object_component id="oc-41">
         <name>.int06</name>
         <load_address>0xffec</load_address>
         <run_address>0xffec</run_address>
         <size>0x2</size>
         <input_file_ref idref="fl-8"/>
      </object_component>
      <object_component id="oc-42">
         <name>.int07</name>
         <load_address>0xffee</load_address>
         <run_address>0xffee</run_address>
         <size>0x2</size>
         <input_file_ref idref="fl-8"/>
      </object_component>
      <object_component id="oc-43">
         <name>.int08</name>
         <load_address>0xfff0</load_address>
         <run_address>0xfff0</run_address>
         <size>0x2</size>
         <input_file_ref idref="fl-2"/>
      </object_component>
      <object_component id="oc-44">
         <name>.int09</name>
         <load_address>0xfff2</load_address>
         <run_address>0xfff2</run_address>
         <size>0x2</size>
         <input_file_ref idref="fl-2"/>
      </object_component>
      <object_component id="oc-45">
         <name>.int10</name>
         <load_address>0xfff4</load_address>
         <run_address>0xfff4</run_address>
         <size>0x2</size>
         <input_file_ref idref="fl-33"/>
      </object_component>
      <object_component id="oc-46">
         <name>.int11</name>
         <load_address>0xfff6</load_address>
         <run_address>0xfff6</run_address>
         <size>0x2</size>
         <input_file_ref idref="fl-34"/>
      </object_component>
      <object_component id="oc-47">
         <name>.int12</name>
         <load_address>0xfff8</load_address>
         <run_address>0xfff8</run_address>
         <size>0x2</size>
         <input_file_ref idref="fl-35"/>
      </object_component>
      <object_component id="oc-48">
         <name>.int13</name>
         <load_address>0xfffa</load_address>
         <run_address>0xfffa</run_address>
         <size>0x2</size>
         <input_file_ref idref="fl-36"/>
      </object_component>
      <object_component id="oc-49">
         <name>.int14</name>
         <load_address>0xfffc</load_address>
         <run_address>0xfffc</run_address>
         <size>0x2</size>
         <input_file_ref idref="fl-37"/>
      </object_component>
      <object_component id="oc-f1">
         <name>.reset</name>
         <load_address>0xfffe</load_address>
         <run_address>0xfffe</run_address>
         <size>0x2</size>
         <input_file_ref idref="fl-27"/>
      </object_component>
      <object_component id="oc-1a1">
         <name>.debug_info</name>
         <load_address>0x0</load_address>
         <run_address>0x0</run_address>
         <size>0x6ef</size>
         <input_file_ref idref="fl-2"/>
      </object_component>
      <object_component id="oc-19d">
         <name>.debug_info</name>
         <load_address>0x6ef</load_address>
         <run_address>0x6ef</run_address>
         <size>0x196</size>
         <input_file_ref idref="fl-2"/>
      </object_component>
      <object_component id="oc-202">
         <name>.debug_info</name>
         <load_address>0x885</load_address>
         <run_address>0x885</run_address>
         <size>0xce</size>
         <input_file_ref idref="fl-2"/>
      </object_component>
      <object_component id="oc-1ca">
         <name>.debug_info</name>
         <load_address>0x953</load_address>
         <run_address>0x953</run_address>
         <size>0x106</size>
         <input_file_ref idref="fl-2"/>
      </object_component>
      <object_component id="oc-1d6">
         <name>.debug_info</name>
         <load_address>0xa59</load_address>
         <run_address>0xa59</run_address>
         <size>0x118</size>
         <input_file_ref idref="fl-2"/>
      </object_component>
      <object_component id="oc-1d0">
         <name>.debug_info</name>
         <load_address>0xb71</load_address>
         <run_address>0xb71</run_address>
         <size>0xf8</size>
         <input_file_ref idref="fl-2"/>
      </object_component>
      <object_component id="oc-1dc">
         <name>.debug_info</name>
         <load_address>0xc69</load_address>
         <run_address>0xc69</run_address>
         <size>0x205</size>
         <input_file_ref idref="fl-2"/>
      </object_component>
      <object_component id="oc-21d">
         <name>.debug_info</name>
         <load_address>0xe6e</load_address>
         <run_address>0xe6e</run_address>
         <size>0x14f</size>
         <input_file_ref idref="fl-2"/>
      </object_component>
      <object_component id="oc-223">
         <name>.debug_info</name>
         <load_address>0xfbd</load_address>
         <run_address>0xfbd</run_address>
         <size>0x16d</size>
         <input_file_ref idref="fl-2"/>
      </object_component>
      <object_component id="oc-1e2">
         <name>.debug_info</name>
         <load_address>0x112a</load_address>
         <run_address>0x112a</run_address>
         <size>0x178</size>
         <input_file_ref idref="fl-2"/>
      </object_component>
      <object_component id="oc-1f6">
         <name>.debug_info</name>
         <load_address>0x12a2</load_address>
         <run_address>0x12a2</run_address>
         <size>0x143</size>
         <input_file_ref idref="fl-2"/>
      </object_component>
      <object_component id="oc-15e">
         <name>.debug_info</name>
         <load_address>0x13e5</load_address>
         <run_address>0x13e5</run_address>
         <size>0x3cd</size>
         <input_file_ref idref="fl-2"/>
      </object_component>
      <object_component id="oc-131">
         <name>.debug_info</name>
         <load_address>0x17b2</load_address>
         <run_address>0x17b2</run_address>
         <size>0xfc</size>
         <input_file_ref idref="fl-2"/>
      </object_component>
      <object_component id="oc-12b">
         <name>.debug_info</name>
         <load_address>0x18ae</load_address>
         <run_address>0x18ae</run_address>
         <size>0xfa</size>
         <input_file_ref idref="fl-2"/>
      </object_component>
      <object_component id="oc-107">
         <name>.debug_info</name>
         <load_address>0x19a8</load_address>
         <run_address>0x19a8</run_address>
         <size>0x84</size>
         <input_file_ref idref="fl-2"/>
      </object_component>
      <object_component id="oc-17e">
         <name>.debug_info</name>
         <load_address>0x1a2c</load_address>
         <run_address>0x1a2c</run_address>
         <size>0x2c</size>
         <input_file_ref idref="fl-2"/>
      </object_component>
      <object_component id="oc-2ed">
         <name>.debug_info</name>
         <load_address>0x1a58</load_address>
         <run_address>0x1a58</run_address>
         <size>0x201</size>
         <input_file_ref idref="fl-3"/>
      </object_component>
      <object_component id="oc-26a">
         <name>.debug_info</name>
         <load_address>0x1c59</load_address>
         <run_address>0x1c59</run_address>
         <size>0x1aa</size>
         <input_file_ref idref="fl-3"/>
      </object_component>
      <object_component id="oc-2e0">
         <name>.debug_info</name>
         <load_address>0x1e03</load_address>
         <run_address>0x1e03</run_address>
         <size>0x122</size>
         <input_file_ref idref="fl-3"/>
      </object_component>
      <object_component id="oc-218">
         <name>.debug_info</name>
         <load_address>0x1f25</load_address>
         <run_address>0x1f25</run_address>
         <size>0x14b</size>
         <input_file_ref idref="fl-3"/>
      </object_component>
      <object_component id="oc-20c">
         <name>.debug_info</name>
         <load_address>0x2070</load_address>
         <run_address>0x2070</run_address>
         <size>0x14c</size>
         <input_file_ref idref="fl-3"/>
      </object_component>
      <object_component id="oc-211">
         <name>.debug_info</name>
         <load_address>0x21bc</load_address>
         <run_address>0x21bc</run_address>
         <size>0x14e</size>
         <input_file_ref idref="fl-3"/>
      </object_component>
      <object_component id="oc-270">
         <name>.debug_info</name>
         <load_address>0x230a</load_address>
         <run_address>0x230a</run_address>
         <size>0x128</size>
         <input_file_ref idref="fl-3"/>
      </object_component>
      <object_component id="oc-2e8">
         <name>.debug_info</name>
         <load_address>0x2432</load_address>
         <run_address>0x2432</run_address>
         <size>0x19a</size>
         <input_file_ref idref="fl-3"/>
      </object_component>
      <object_component id="oc-276">
         <name>.debug_info</name>
         <load_address>0x25cc</load_address>
         <run_address>0x25cc</run_address>
         <size>0x149</size>
         <input_file_ref idref="fl-3"/>
      </object_component>
      <object_component id="oc-2b5">
         <name>.debug_info</name>
         <load_address>0x2715</load_address>
         <run_address>0x2715</run_address>
         <size>0x180</size>
         <input_file_ref idref="fl-3"/>
      </object_component>
      <object_component id="oc-29f">
         <name>.debug_info</name>
         <load_address>0x2895</load_address>
         <run_address>0x2895</run_address>
         <size>0x1f4</size>
         <input_file_ref idref="fl-4"/>
      </object_component>
      <object_component id="oc-2ab">
         <name>.debug_info</name>
         <load_address>0x2a89</load_address>
         <run_address>0x2a89</run_address>
         <size>0xd0</size>
         <input_file_ref idref="fl-4"/>
      </object_component>
      <object_component id="oc-1fc">
         <name>.debug_info</name>
         <load_address>0x2b59</load_address>
         <run_address>0x2b59</run_address>
         <size>0x11c</size>
         <input_file_ref idref="fl-4"/>
      </object_component>
      <object_component id="oc-205">
         <name>.debug_info</name>
         <load_address>0x2c75</load_address>
         <run_address>0x2c75</run_address>
         <size>0x176</size>
         <input_file_ref idref="fl-4"/>
      </object_component>
      <object_component id="oc-1f0">
         <name>.debug_info</name>
         <load_address>0x2deb</load_address>
         <run_address>0x2deb</run_address>
         <size>0x172</size>
         <input_file_ref idref="fl-4"/>
      </object_component>
      <object_component id="oc-340">
         <name>.debug_info</name>
         <load_address>0x2f5d</load_address>
         <run_address>0x2f5d</run_address>
         <size>0x1ee</size>
         <input_file_ref idref="fl-5"/>
      </object_component>
      <object_component id="oc-33d">
         <name>.debug_info</name>
         <load_address>0x314b</load_address>
         <run_address>0x314b</run_address>
         <size>0xda</size>
         <input_file_ref idref="fl-5"/>
      </object_component>
      <object_component id="oc-30a">
         <name>.debug_info</name>
         <load_address>0x3225</load_address>
         <run_address>0x3225</run_address>
         <size>0x120</size>
         <input_file_ref idref="fl-5"/>
      </object_component>
      <object_component id="oc-28e">
         <name>.debug_info</name>
         <load_address>0x3345</load_address>
         <run_address>0x3345</run_address>
         <size>0x172</size>
         <input_file_ref idref="fl-5"/>
      </object_component>
      <object_component id="oc-310">
         <name>.debug_info</name>
         <load_address>0x34b7</load_address>
         <run_address>0x34b7</run_address>
         <size>0x11c</size>
         <input_file_ref idref="fl-5"/>
      </object_component>
      <object_component id="oc-1ea">
         <name>.debug_info</name>
         <load_address>0x35d3</load_address>
         <run_address>0x35d3</run_address>
         <size>0x151</size>
         <input_file_ref idref="fl-5"/>
      </object_component>
      <object_component id="oc-306">
         <name>.debug_info</name>
         <load_address>0x3724</load_address>
         <run_address>0x3724</run_address>
         <size>0x1f9</size>
         <input_file_ref idref="fl-6"/>
      </object_component>
      <object_component id="oc-34b">
         <name>.debug_info</name>
         <load_address>0x391d</load_address>
         <run_address>0x391d</run_address>
         <size>0xd1</size>
         <input_file_ref idref="fl-6"/>
      </object_component>
      <object_component id="oc-284">
         <name>.debug_info</name>
         <load_address>0x39ee</load_address>
         <run_address>0x39ee</run_address>
         <size>0x1fa</size>
         <input_file_ref idref="fl-6"/>
      </object_component>
      <object_component id="oc-2cd">
         <name>.debug_info</name>
         <load_address>0x3be8</load_address>
         <run_address>0x3be8</run_address>
         <size>0x242</size>
         <input_file_ref idref="fl-6"/>
      </object_component>
      <object_component id="oc-32d">
         <name>.debug_info</name>
         <load_address>0x3e2a</load_address>
         <run_address>0x3e2a</run_address>
         <size>0x189</size>
         <input_file_ref idref="fl-6"/>
      </object_component>
      <object_component id="oc-329">
         <name>.debug_info</name>
         <load_address>0x3fb3</load_address>
         <run_address>0x3fb3</run_address>
         <size>0x171</size>
         <input_file_ref idref="fl-6"/>
      </object_component>
      <object_component id="oc-301">
         <name>.debug_info</name>
         <load_address>0x4124</load_address>
         <run_address>0x4124</run_address>
         <size>0x8b</size>
         <input_file_ref idref="fl-6"/>
      </object_component>
      <object_component id="oc-18c">
         <name>.debug_info</name>
         <load_address>0x41af</load_address>
         <run_address>0x41af</run_address>
         <size>0x3b2</size>
         <input_file_ref idref="fl-7"/>
      </object_component>
      <object_component id="oc-2a4">
         <name>.debug_info</name>
         <load_address>0x4561</load_address>
         <run_address>0x4561</run_address>
         <size>0x14c</size>
         <input_file_ref idref="fl-7"/>
      </object_component>
      <object_component id="oc-29a">
         <name>.debug_info</name>
         <load_address>0x46ad</load_address>
         <run_address>0x46ad</run_address>
         <size>0x180</size>
         <input_file_ref idref="fl-7"/>
      </object_component>
      <object_component id="oc-2b1">
         <name>.debug_info</name>
         <load_address>0x482d</load_address>
         <run_address>0x482d</run_address>
         <size>0x158</size>
         <input_file_ref idref="fl-7"/>
      </object_component>
      <object_component id="oc-122">
         <name>.debug_info</name>
         <load_address>0x4985</load_address>
         <run_address>0x4985</run_address>
         <size>0x139</size>
         <input_file_ref idref="fl-8"/>
      </object_component>
      <object_component id="oc-127">
         <name>.debug_info</name>
         <load_address>0x4abe</load_address>
         <run_address>0x4abe</run_address>
         <size>0x139</size>
         <input_file_ref idref="fl-8"/>
      </object_component>
      <object_component id="oc-325">
         <name>.debug_info</name>
         <load_address>0x4bf7</load_address>
         <run_address>0x4bf7</run_address>
         <size>0x1ab</size>
         <input_file_ref idref="fl-9"/>
      </object_component>
      <object_component id="oc-2bf">
         <name>.debug_info</name>
         <load_address>0x4da2</load_address>
         <run_address>0x4da2</run_address>
         <size>0x117</size>
         <input_file_ref idref="fl-9"/>
      </object_component>
      <object_component id="oc-2c4">
         <name>.debug_info</name>
         <load_address>0x4eb9</load_address>
         <run_address>0x4eb9</run_address>
         <size>0x17d</size>
         <input_file_ref idref="fl-9"/>
      </object_component>
      <object_component id="oc-18e">
         <name>.debug_info</name>
         <load_address>0x5036</load_address>
         <run_address>0x5036</run_address>
         <size>0x458</size>
         <input_file_ref idref="fl-a"/>
      </object_component>
      <object_component id="oc-27d">
         <name>.debug_info</name>
         <load_address>0x548e</load_address>
         <run_address>0x548e</run_address>
         <size>0x104</size>
         <input_file_ref idref="fl-a"/>
      </object_component>
      <object_component id="oc-2fe">
         <name>.debug_info</name>
         <load_address>0x5592</load_address>
         <run_address>0x5592</run_address>
         <size>0x158</size>
         <input_file_ref idref="fl-a"/>
      </object_component>
      <object_component id="oc-2f5">
         <name>.debug_info</name>
         <load_address>0x56ea</load_address>
         <run_address>0x56ea</run_address>
         <size>0x15a</size>
         <input_file_ref idref="fl-a"/>
      </object_component>
      <object_component id="oc-31e">
         <name>.debug_info</name>
         <load_address>0x5844</load_address>
         <run_address>0x5844</run_address>
         <size>0x118</size>
         <input_file_ref idref="fl-25"/>
      </object_component>
      <object_component id="oc-2f1">
         <name>.debug_info</name>
         <load_address>0x595c</load_address>
         <run_address>0x595c</run_address>
         <size>0x11e</size>
         <input_file_ref idref="fl-26"/>
      </object_component>
      <object_component id="oc-ef">
         <name>.debug_info</name>
         <load_address>0x5a7a</load_address>
         <run_address>0x5a7a</run_address>
         <size>0xf5</size>
         <input_file_ref idref="fl-27"/>
      </object_component>
      <object_component id="oc-6c">
         <name>.debug_info</name>
         <load_address>0x5b6f</load_address>
         <run_address>0x5b6f</run_address>
         <size>0x196</size>
         <input_file_ref idref="fl-28"/>
      </object_component>
      <object_component id="oc-17b">
         <name>.debug_info</name>
         <load_address>0x5d05</load_address>
         <run_address>0x5d05</run_address>
         <size>0x16b</size>
         <input_file_ref idref="fl-29"/>
      </object_component>
      <object_component id="oc-33">
         <name>.debug_info</name>
         <load_address>0x5e70</load_address>
         <run_address>0x5e70</run_address>
         <size>0x287</size>
         <input_file_ref idref="fl-29"/>
      </object_component>
      <object_component id="oc-102">
         <name>.debug_info</name>
         <load_address>0x60f7</load_address>
         <run_address>0x60f7</run_address>
         <size>0x60</size>
         <input_file_ref idref="fl-29"/>
      </object_component>
      <object_component id="oc-176">
         <name>.debug_info</name>
         <load_address>0x6157</load_address>
         <run_address>0x6157</run_address>
         <size>0x46</size>
         <input_file_ref idref="fl-29"/>
      </object_component>
      <object_component id="oc-118">
         <name>.debug_info</name>
         <load_address>0x619d</load_address>
         <run_address>0x619d</run_address>
         <size>0x1b2</size>
         <input_file_ref idref="fl-2a"/>
      </object_component>
      <object_component id="oc-38">
         <name>.debug_info</name>
         <load_address>0x634f</load_address>
         <run_address>0x634f</run_address>
         <size>0x1df</size>
         <input_file_ref idref="fl-2a"/>
      </object_component>
      <object_component id="oc-113">
         <name>.debug_info</name>
         <load_address>0x652e</load_address>
         <run_address>0x652e</run_address>
         <size>0x46</size>
         <input_file_ref idref="fl-2a"/>
      </object_component>
      <object_component id="oc-183">
         <name>.debug_info</name>
         <load_address>0x6574</load_address>
         <run_address>0x6574</run_address>
         <size>0x2c</size>
         <input_file_ref idref="fl-2a"/>
      </object_component>
      <object_component id="oc-13c">
         <name>.debug_info</name>
         <load_address>0x65a0</load_address>
         <run_address>0x65a0</run_address>
         <size>0x16a</size>
         <input_file_ref idref="fl-2b"/>
      </object_component>
      <object_component id="oc-4c">
         <name>.debug_info</name>
         <load_address>0x670a</load_address>
         <run_address>0x670a</run_address>
         <size>0x1b5</size>
         <input_file_ref idref="fl-2b"/>
      </object_component>
      <object_component id="oc-137">
         <name>.debug_info</name>
         <load_address>0x68bf</load_address>
         <run_address>0x68bf</run_address>
         <size>0x46</size>
         <input_file_ref idref="fl-2b"/>
      </object_component>
      <object_component id="oc-fe">
         <name>.debug_info</name>
         <load_address>0x6905</load_address>
         <run_address>0x6905</run_address>
         <size>0x126</size>
         <input_file_ref idref="fl-2c"/>
      </object_component>
      <object_component id="oc-167">
         <name>.debug_info</name>
         <load_address>0x6a2b</load_address>
         <run_address>0x6a2b</run_address>
         <size>0x117</size>
         <input_file_ref idref="fl-2d"/>
      </object_component>
      <object_component id="oc-11b">
         <name>.debug_info</name>
         <load_address>0x6b42</load_address>
         <run_address>0x6b42</run_address>
         <size>0x107</size>
         <input_file_ref idref="fl-38"/>
      </object_component>
      <object_component id="oc-f4">
         <name>.debug_info</name>
         <load_address>0x6c49</load_address>
         <run_address>0x6c49</run_address>
         <size>0x118</size>
         <input_file_ref idref="fl-39"/>
      </object_component>
      <object_component id="oc-f8">
         <name>.debug_info</name>
         <load_address>0x6d61</load_address>
         <run_address>0x6d61</run_address>
         <size>0x118</size>
         <input_file_ref idref="fl-3a"/>
      </object_component>
      <object_component id="oc-17d">
         <name>.debug_info</name>
         <load_address>0x6e79</load_address>
         <run_address>0x6e79</run_address>
         <size>0x16d</size>
         <input_file_ref idref="fl-3b"/>
      </object_component>
      <object_component id="oc-10e">
         <name>.debug_info</name>
         <load_address>0x6fe6</load_address>
         <run_address>0x6fe6</run_address>
         <size>0x191</size>
         <input_file_ref idref="fl-3b"/>
      </object_component>
      <object_component id="oc-315">
         <name>.debug_info</name>
         <load_address>0x7177</load_address>
         <run_address>0x7177</run_address>
         <size>0x162</size>
         <input_file_ref idref="fl-3c"/>
      </object_component>
      <object_component id="oc-294">
         <name>.debug_info</name>
         <load_address>0x72d9</load_address>
         <run_address>0x72d9</run_address>
         <size>0x25a</size>
         <input_file_ref idref="fl-3c"/>
      </object_component>
      <object_component id="oc-13f">
         <name>.debug_info</name>
         <load_address>0x7533</load_address>
         <run_address>0x7533</run_address>
         <size>0x148</size>
         <input_file_ref idref="fl-3e"/>
      </object_component>
      <object_component id="oc-1b4">
         <name>.debug_info</name>
         <load_address>0x767b</load_address>
         <run_address>0x767b</run_address>
         <size>0x3b6</size>
         <input_file_ref idref="fl-43"/>
      </object_component>
      <object_component id="oc-146">
         <name>.debug_info</name>
         <load_address>0x7a31</load_address>
         <run_address>0x7a31</run_address>
         <size>0x1c2</size>
         <input_file_ref idref="fl-43"/>
      </object_component>
      <object_component id="oc-240">
         <name>.debug_info</name>
         <load_address>0x7bf3</load_address>
         <run_address>0x7bf3</run_address>
         <size>0x39</size>
         <input_file_ref idref="fl-43"/>
      </object_component>
      <object_component id="oc-245">
         <name>.debug_info</name>
         <load_address>0x7c2c</load_address>
         <run_address>0x7c2c</run_address>
         <size>0xcd</size>
         <input_file_ref idref="fl-43"/>
      </object_component>
      <object_component id="oc-23c">
         <name>.debug_info</name>
         <load_address>0x7cf9</load_address>
         <run_address>0x7cf9</run_address>
         <size>0x252</size>
         <input_file_ref idref="fl-44"/>
      </object_component>
      <object_component id="oc-1a9">
         <name>.debug_info</name>
         <load_address>0x7f4b</load_address>
         <run_address>0x7f4b</run_address>
         <size>0x1b0</size>
         <input_file_ref idref="fl-44"/>
      </object_component>
      <object_component id="oc-2d4">
         <name>.debug_info</name>
         <load_address>0x80fb</load_address>
         <run_address>0x80fb</run_address>
         <size>0x2c</size>
         <input_file_ref idref="fl-44"/>
      </object_component>
      <object_component id="oc-237">
         <name>.debug_info</name>
         <load_address>0x8127</load_address>
         <run_address>0x8127</run_address>
         <size>0x119</size>
         <input_file_ref idref="fl-48"/>
      </object_component>
      <object_component id="oc-1b0">
         <name>.debug_info</name>
         <load_address>0x8240</load_address>
         <run_address>0x8240</run_address>
         <size>0x145</size>
         <input_file_ref idref="fl-49"/>
      </object_component>
      <object_component id="oc-38c">
         <name>.debug_info</name>
         <load_address>0x8385</load_address>
         <run_address>0x8385</run_address>
         <size>0xa0</size>
      </object_component>
      <object_component id="oc-235">
         <name>.debug_line</name>
         <load_address>0x0</load_address>
         <run_address>0x0</run_address>
         <size>0x132</size>
         <input_file_ref idref="fl-2"/>
      </object_component>
      <object_component id="oc-233">
         <name>.debug_line</name>
         <load_address>0x132</load_address>
         <run_address>0x132</run_address>
         <size>0x2d</size>
         <input_file_ref idref="fl-2"/>
      </object_component>
      <object_component id="oc-2a9">
         <name>.debug_line</name>
         <load_address>0x15f</load_address>
         <run_address>0x15f</run_address>
         <size>0x2d</size>
         <input_file_ref idref="fl-2"/>
      </object_component>
      <object_component id="oc-1ce">
         <name>.debug_line</name>
         <load_address>0x18c</load_address>
         <run_address>0x18c</run_address>
         <size>0x52</size>
         <input_file_ref idref="fl-2"/>
      </object_component>
      <object_component id="oc-1d9">
         <name>.debug_line</name>
         <load_address>0x1de</load_address>
         <run_address>0x1de</run_address>
         <size>0x49</size>
         <input_file_ref idref="fl-2"/>
      </object_component>
      <object_component id="oc-1d3">
         <name>.debug_line</name>
         <load_address>0x227</load_address>
         <run_address>0x227</run_address>
         <size>0x45</size>
         <input_file_ref idref="fl-2"/>
      </object_component>
      <object_component id="oc-1e0">
         <name>.debug_line</name>
         <load_address>0x26c</load_address>
         <run_address>0x26c</run_address>
         <size>0x52</size>
         <input_file_ref idref="fl-2"/>
      </object_component>
      <object_component id="oc-221">
         <name>.debug_line</name>
         <load_address>0x2be</load_address>
         <run_address>0x2be</run_address>
         <size>0x58</size>
         <input_file_ref idref="fl-2"/>
      </object_component>
      <object_component id="oc-226">
         <name>.debug_line</name>
         <load_address>0x316</load_address>
         <run_address>0x316</run_address>
         <size>0x4a</size>
         <input_file_ref idref="fl-2"/>
      </object_component>
      <object_component id="oc-1e5">
         <name>.debug_line</name>
         <load_address>0x360</load_address>
         <run_address>0x360</run_address>
         <size>0x4b</size>
         <input_file_ref idref="fl-2"/>
      </object_component>
      <object_component id="oc-1fa">
         <name>.debug_line</name>
         <load_address>0x3ab</load_address>
         <run_address>0x3ab</run_address>
         <size>0x45</size>
         <input_file_ref idref="fl-2"/>
      </object_component>
      <object_component id="oc-161">
         <name>.debug_line</name>
         <load_address>0x3f0</load_address>
         <run_address>0x3f0</run_address>
         <size>0xe7</size>
         <input_file_ref idref="fl-2"/>
      </object_component>
      <object_component id="oc-134">
         <name>.debug_line</name>
         <load_address>0x4d7</load_address>
         <run_address>0x4d7</run_address>
         <size>0x49</size>
         <input_file_ref idref="fl-2"/>
      </object_component>
      <object_component id="oc-12e">
         <name>.debug_line</name>
         <load_address>0x520</load_address>
         <run_address>0x520</run_address>
         <size>0x4f</size>
         <input_file_ref idref="fl-2"/>
      </object_component>
      <object_component id="oc-10a">
         <name>.debug_line</name>
         <load_address>0x56f</load_address>
         <run_address>0x56f</run_address>
         <size>0x20</size>
         <input_file_ref idref="fl-2"/>
      </object_component>
      <object_component id="oc-181">
         <name>.debug_line</name>
         <load_address>0x58f</load_address>
         <run_address>0x58f</run_address>
         <size>0x7c</size>
         <input_file_ref idref="fl-2"/>
      </object_component>
      <object_component id="oc-336">
         <name>.debug_line</name>
         <load_address>0x60b</load_address>
         <run_address>0x60b</run_address>
         <size>0x124</size>
         <input_file_ref idref="fl-3"/>
      </object_component>
      <object_component id="oc-269">
         <name>.debug_line</name>
         <load_address>0x72f</load_address>
         <run_address>0x72f</run_address>
         <size>0x60</size>
         <input_file_ref idref="fl-3"/>
      </object_component>
      <object_component id="oc-2df">
         <name>.debug_line</name>
         <load_address>0x78f</load_address>
         <run_address>0x78f</run_address>
         <size>0x4a</size>
         <input_file_ref idref="fl-3"/>
      </object_component>
      <object_component id="oc-217">
         <name>.debug_line</name>
         <load_address>0x7d9</load_address>
         <run_address>0x7d9</run_address>
         <size>0x54</size>
         <input_file_ref idref="fl-3"/>
      </object_component>
      <object_component id="oc-20b">
         <name>.debug_line</name>
         <load_address>0x82d</load_address>
         <run_address>0x82d</run_address>
         <size>0x4e</size>
         <input_file_ref idref="fl-3"/>
      </object_component>
      <object_component id="oc-214">
         <name>.debug_line</name>
         <load_address>0x87b</load_address>
         <run_address>0x87b</run_address>
         <size>0x4e</size>
         <input_file_ref idref="fl-3"/>
      </object_component>
      <object_component id="oc-26f">
         <name>.debug_line</name>
         <load_address>0x8c9</load_address>
         <run_address>0x8c9</run_address>
         <size>0x48</size>
         <input_file_ref idref="fl-3"/>
      </object_component>
      <object_component id="oc-2e7">
         <name>.debug_line</name>
         <load_address>0x911</load_address>
         <run_address>0x911</run_address>
         <size>0x4e</size>
         <input_file_ref idref="fl-3"/>
      </object_component>
      <object_component id="oc-279">
         <name>.debug_line</name>
         <load_address>0x95f</load_address>
         <run_address>0x95f</run_address>
         <size>0x51</size>
         <input_file_ref idref="fl-3"/>
      </object_component>
      <object_component id="oc-2b9">
         <name>.debug_line</name>
         <load_address>0x9b0</load_address>
         <run_address>0x9b0</run_address>
         <size>0x4e</size>
         <input_file_ref idref="fl-3"/>
      </object_component>
      <object_component id="oc-318">
         <name>.debug_line</name>
         <load_address>0x9fe</load_address>
         <run_address>0x9fe</run_address>
         <size>0x33</size>
         <input_file_ref idref="fl-4"/>
      </object_component>
      <object_component id="oc-31b">
         <name>.debug_line</name>
         <load_address>0xa31</load_address>
         <run_address>0xa31</run_address>
         <size>0x32</size>
         <input_file_ref idref="fl-4"/>
      </object_component>
      <object_component id="oc-200">
         <name>.debug_line</name>
         <load_address>0xa63</load_address>
         <run_address>0xa63</run_address>
         <size>0x46</size>
         <input_file_ref idref="fl-4"/>
      </object_component>
      <object_component id="oc-209">
         <name>.debug_line</name>
         <load_address>0xaa9</load_address>
         <run_address>0xaa9</run_address>
         <size>0x4a</size>
         <input_file_ref idref="fl-4"/>
      </object_component>
      <object_component id="oc-1f3">
         <name>.debug_line</name>
         <load_address>0xaf3</load_address>
         <run_address>0xaf3</run_address>
         <size>0x4b</size>
         <input_file_ref idref="fl-4"/>
      </object_component>
      <object_component id="oc-351">
         <name>.debug_line</name>
         <load_address>0xb3e</load_address>
         <run_address>0xb3e</run_address>
         <size>0xdc</size>
         <input_file_ref idref="fl-5"/>
      </object_component>
      <object_component id="oc-34f">
         <name>.debug_line</name>
         <load_address>0xc1a</load_address>
         <run_address>0xc1a</run_address>
         <size>0x33</size>
         <input_file_ref idref="fl-5"/>
      </object_component>
      <object_component id="oc-308">
         <name>.debug_line</name>
         <load_address>0xc4d</load_address>
         <run_address>0xc4d</run_address>
         <size>0x47</size>
         <input_file_ref idref="fl-5"/>
      </object_component>
      <object_component id="oc-28c">
         <name>.debug_line</name>
         <load_address>0xc94</load_address>
         <run_address>0xc94</run_address>
         <size>0x53</size>
         <input_file_ref idref="fl-5"/>
      </object_component>
      <object_component id="oc-30f">
         <name>.debug_line</name>
         <load_address>0xce7</load_address>
         <run_address>0xce7</run_address>
         <size>0x48</size>
         <input_file_ref idref="fl-5"/>
      </object_component>
      <object_component id="oc-1e8">
         <name>.debug_line</name>
         <load_address>0xd2f</load_address>
         <run_address>0xd2f</run_address>
         <size>0x4b</size>
         <input_file_ref idref="fl-5"/>
      </object_component>
      <object_component id="oc-33b">
         <name>.debug_line</name>
         <load_address>0xd7a</load_address>
         <run_address>0xd7a</run_address>
         <size>0x7c</size>
         <input_file_ref idref="fl-6"/>
      </object_component>
      <object_component id="oc-353">
         <name>.debug_line</name>
         <load_address>0xdf6</load_address>
         <run_address>0xdf6</run_address>
         <size>0x33</size>
         <input_file_ref idref="fl-6"/>
      </object_component>
      <object_component id="oc-288">
         <name>.debug_line</name>
         <load_address>0xe29</load_address>
         <run_address>0xe29</run_address>
         <size>0x54</size>
         <input_file_ref idref="fl-6"/>
      </object_component>
      <object_component id="oc-2cc">
         <name>.debug_line</name>
         <load_address>0xe7d</load_address>
         <run_address>0xe7d</run_address>
         <size>0x59</size>
         <input_file_ref idref="fl-6"/>
      </object_component>
      <object_component id="oc-331">
         <name>.debug_line</name>
         <load_address>0xed6</load_address>
         <run_address>0xed6</run_address>
         <size>0x54</size>
         <input_file_ref idref="fl-6"/>
      </object_component>
      <object_component id="oc-327">
         <name>.debug_line</name>
         <load_address>0xf2a</load_address>
         <run_address>0xf2a</run_address>
         <size>0x51</size>
         <input_file_ref idref="fl-6"/>
      </object_component>
      <object_component id="oc-304">
         <name>.debug_line</name>
         <load_address>0xf7b</load_address>
         <run_address>0xf7b</run_address>
         <size>0x20</size>
         <input_file_ref idref="fl-6"/>
      </object_component>
      <object_component id="oc-22f">
         <name>.debug_line</name>
         <load_address>0xf9b</load_address>
         <run_address>0xf9b</run_address>
         <size>0xda</size>
         <input_file_ref idref="fl-7"/>
      </object_component>
      <object_component id="oc-2a3">
         <name>.debug_line</name>
         <load_address>0x1075</load_address>
         <run_address>0x1075</run_address>
         <size>0x56</size>
         <input_file_ref idref="fl-7"/>
      </object_component>
      <object_component id="oc-299">
         <name>.debug_line</name>
         <load_address>0x10cb</load_address>
         <run_address>0x10cb</run_address>
         <size>0x63</size>
         <input_file_ref idref="fl-7"/>
      </object_component>
      <object_component id="oc-2ae">
         <name>.debug_line</name>
         <load_address>0x112e</load_address>
         <run_address>0x112e</run_address>
         <size>0x58</size>
         <input_file_ref idref="fl-7"/>
      </object_component>
      <object_component id="oc-11f">
         <name>.debug_line</name>
         <load_address>0x1186</load_address>
         <run_address>0x1186</run_address>
         <size>0x79</size>
         <input_file_ref idref="fl-8"/>
      </object_component>
      <object_component id="oc-129">
         <name>.debug_line</name>
         <load_address>0x11ff</load_address>
         <run_address>0x11ff</run_address>
         <size>0x89</size>
         <input_file_ref idref="fl-8"/>
      </object_component>
      <object_component id="oc-348">
         <name>.debug_line</name>
         <load_address>0x1288</load_address>
         <run_address>0x1288</run_address>
         <size>0x31</size>
         <input_file_ref idref="fl-9"/>
      </object_component>
      <object_component id="oc-2c2">
         <name>.debug_line</name>
         <load_address>0x12b9</load_address>
         <run_address>0x12b9</run_address>
         <size>0x45</size>
         <input_file_ref idref="fl-9"/>
      </object_component>
      <object_component id="oc-2c8">
         <name>.debug_line</name>
         <load_address>0x12fe</load_address>
         <run_address>0x12fe</run_address>
         <size>0x4a</size>
         <input_file_ref idref="fl-9"/>
      </object_component>
      <object_component id="oc-231">
         <name>.debug_line</name>
         <load_address>0x1348</load_address>
         <run_address>0x1348</run_address>
         <size>0xda</size>
         <input_file_ref idref="fl-a"/>
      </object_component>
      <object_component id="oc-280">
         <name>.debug_line</name>
         <load_address>0x1422</load_address>
         <run_address>0x1422</run_address>
         <size>0x56</size>
         <input_file_ref idref="fl-a"/>
      </object_component>
      <object_component id="oc-2fd">
         <name>.debug_line</name>
         <load_address>0x1478</load_address>
         <run_address>0x1478</run_address>
         <size>0x4c</size>
         <input_file_ref idref="fl-a"/>
      </object_component>
      <object_component id="oc-2f9">
         <name>.debug_line</name>
         <load_address>0x14c4</load_address>
         <run_address>0x14c4</run_address>
         <size>0x51</size>
         <input_file_ref idref="fl-a"/>
      </object_component>
      <object_component id="oc-321">
         <name>.debug_line</name>
         <load_address>0x1515</load_address>
         <run_address>0x1515</run_address>
         <size>0x4e</size>
         <input_file_ref idref="fl-25"/>
      </object_component>
      <object_component id="oc-2f3">
         <name>.debug_line</name>
         <load_address>0x1563</load_address>
         <run_address>0x1563</run_address>
         <size>0x56</size>
         <input_file_ref idref="fl-26"/>
      </object_component>
      <object_component id="oc-172">
         <name>.debug_line</name>
         <load_address>0x15b9</load_address>
         <run_address>0x15b9</run_address>
         <size>0x2a</size>
         <input_file_ref idref="fl-27"/>
      </object_component>
      <object_component id="oc-6b">
         <name>.debug_line</name>
         <load_address>0x15e3</load_address>
         <run_address>0x15e3</run_address>
         <size>0x4c</size>
         <input_file_ref idref="fl-28"/>
      </object_component>
      <object_component id="oc-22b">
         <name>.debug_line</name>
         <load_address>0x162f</load_address>
         <run_address>0x162f</run_address>
         <size>0x20</size>
         <input_file_ref idref="fl-29"/>
      </object_component>
      <object_component id="oc-36">
         <name>.debug_line</name>
         <load_address>0x164f</load_address>
         <run_address>0x164f</run_address>
         <size>0x92</size>
         <input_file_ref idref="fl-29"/>
      </object_component>
      <object_component id="oc-105">
         <name>.debug_line</name>
         <load_address>0x16e1</load_address>
         <run_address>0x16e1</run_address>
         <size>0x3a</size>
         <input_file_ref idref="fl-29"/>
      </object_component>
      <object_component id="oc-179">
         <name>.debug_line</name>
         <load_address>0x171b</load_address>
         <run_address>0x171b</run_address>
         <size>0x8a</size>
         <input_file_ref idref="fl-29"/>
      </object_component>
      <object_component id="oc-189">
         <name>.debug_line</name>
         <load_address>0x17a5</load_address>
         <run_address>0x17a5</run_address>
         <size>0x8a</size>
         <input_file_ref idref="fl-2a"/>
      </object_component>
      <object_component id="oc-3b">
         <name>.debug_line</name>
         <load_address>0x182f</load_address>
         <run_address>0x182f</run_address>
         <size>0x50</size>
         <input_file_ref idref="fl-2a"/>
      </object_component>
      <object_component id="oc-116">
         <name>.debug_line</name>
         <load_address>0x187f</load_address>
         <run_address>0x187f</run_address>
         <size>0x3a</size>
         <input_file_ref idref="fl-2a"/>
      </object_component>
      <object_component id="oc-186">
         <name>.debug_line</name>
         <load_address>0x18b9</load_address>
         <run_address>0x18b9</run_address>
         <size>0x8a</size>
         <input_file_ref idref="fl-2a"/>
      </object_component>
      <object_component id="oc-1a5">
         <name>.debug_line</name>
         <load_address>0x1943</load_address>
         <run_address>0x1943</run_address>
         <size>0x20</size>
         <input_file_ref idref="fl-2b"/>
      </object_component>
      <object_component id="oc-4f">
         <name>.debug_line</name>
         <load_address>0x1963</load_address>
         <run_address>0x1963</run_address>
         <size>0x4d</size>
         <input_file_ref idref="fl-2b"/>
      </object_component>
      <object_component id="oc-13a">
         <name>.debug_line</name>
         <load_address>0x19b0</load_address>
         <run_address>0x19b0</run_address>
         <size>0x34</size>
         <input_file_ref idref="fl-2b"/>
      </object_component>
      <object_component id="oc-100">
         <name>.debug_line</name>
         <load_address>0x19e4</load_address>
         <run_address>0x19e4</run_address>
         <size>0x40</size>
         <input_file_ref idref="fl-2c"/>
      </object_component>
      <object_component id="oc-166">
         <name>.debug_line</name>
         <load_address>0x1a24</load_address>
         <run_address>0x1a24</run_address>
         <size>0x3d</size>
         <input_file_ref idref="fl-2d"/>
      </object_component>
      <object_component id="oc-11a">
         <name>.debug_line</name>
         <load_address>0x1a61</load_address>
         <run_address>0x1a61</run_address>
         <size>0x3d</size>
         <input_file_ref idref="fl-38"/>
      </object_component>
      <object_component id="oc-f3">
         <name>.debug_line</name>
         <load_address>0x1a9e</load_address>
         <run_address>0x1a9e</run_address>
         <size>0x4e</size>
         <input_file_ref idref="fl-39"/>
      </object_component>
      <object_component id="oc-fb">
         <name>.debug_line</name>
         <load_address>0x1aec</load_address>
         <run_address>0x1aec</run_address>
         <size>0x5e</size>
         <input_file_ref idref="fl-3a"/>
      </object_component>
      <object_component id="oc-22d">
         <name>.debug_line</name>
         <load_address>0x1b4a</load_address>
         <run_address>0x1b4a</run_address>
         <size>0x20</size>
         <input_file_ref idref="fl-3b"/>
      </object_component>
      <object_component id="oc-10d">
         <name>.debug_line</name>
         <load_address>0x1b6a</load_address>
         <run_address>0x1b6a</run_address>
         <size>0x45</size>
[...]
         <value>0xcc8c</value>
         <object_component_ref idref="oc-307"/>
      </symbol>
      <symbol id="sm-1f0">
         <name>sampleCount</name>
         <value>0x321</value>
         <object_component_ref idref="oc-33c"/>
      </symbol>
      <symbol id="sm-1f1">
         <name>audio_single_wait</name>
         <value>0xccd2</value>
         <object_component_ref idref="oc-30d"/>
      </symbol>
      <symbol id="sm-220">
         <name>flash_busy</name>
         <value>0xc942</value>
         <object_component_ref idref="oc-32c"/>
      </symbol>
      <symbol id="sm-221">
         <name>flash_read</name>
         <value>0xc6b4</value>
         <object_component_ref idref="oc-283"/>
      </symbol>
      <symbol id="sm-222">
         <name>flash_write</name>
         <value>0xc53c</value>
         <object_component_ref idref="oc-2ca"/>
      </symbol>
      <symbol id="sm-223">
         <name>flash_write_enable</name>
         <value>0xc908</value>
         <object_component_ref idref="oc-326"/>
      </symbol>
      <symbol id="sm-24a">
         <name>i2c_dataBuffer</name>
         <value>0x302</value>
      </symbol>
      <symbol id="sm-24b">
         <name>i2c_dataLength</name>
         <value>0x30c</value>
      </symbol>
      <symbol id="sm-24c">
         <name>i2c_nackReceived</name>
         <value>0x30d</value>
      </symbol>
      <symbol id="sm-24d">
         <name>IAM_i2c</name>
         <value>0x308</value>
      </symbol>
      <symbol id="sm-24e">
         <name>IAM_spi</name>
         <value>0x309</value>
      </symbol>
      <symbol id="sm-24f">
         <name>i2c_read</name>
         <value>0xc88a</value>
         <object_component_ref idref="oc-2ad"/>
      </symbol>
      <symbol id="sm-250">
         <name>i2c_init</name>
         <value>0xc5a0</value>
         <object_component_ref idref="oc-2a1"/>
      </symbol>
      <symbol id="sm-251">
         <name>i2c_write</name>
         <value>0xc800</value>
         <object_component_ref idref="oc-298"/>
      </symbol>
      <symbol id="sm-26e">
         <name>__TI_int06</name>
         <value>0xffec</value>
         <object_component_ref idref="oc-41"/>
      </symbol>
      <symbol id="sm-26f">
         <name>__TI_int07</name>
         <value>0xffee</value>
         <object_component_ref idref="oc-42"/>
      </symbol>
      <symbol id="sm-270">
         <name>USCIAB0RX_ISR</name>
         <value>0xc266</value>
         <object_component_ref idref="oc-124"/>
      </symbol>
      <symbol id="sm-271">
         <name>USCIAB0TX_ISR</name>
         <value>0xc468</value>
         <object_component_ref idref="oc-11e"/>
      </symbol>
      <symbol id="sm-284">
         <name>isl_set</name>
         <value>0xcae0</value>
         <object_component_ref idref="oc-2c3"/>
      </symbol>
      <symbol id="sm-285">
         <name>isl_init</name>
         <value>0xcd20</value>
         <object_component_ref idref="oc-2bd"/>
      </symbol>
      <symbol id="sm-2a3">
         <name>spi_rxdataBuffer</name>
         <value>0x304</value>
      </symbol>
      <symbol id="sm-2a4">
         <name>spi_txdataBuffer</name>
         <value>0x306</value>
      </symbol>
      <symbol id="sm-2a5">
         <name>spi_rxdataLength</name>
         <value>0x311</value>
      </symbol>
      <symbol id="sm-2a6">
         <name>spi_txdataLength</name>
         <value>0x312</value>
      </symbol>
      <symbol id="sm-2a7">
         <name>IAM_spiTX</name>
         <value>0x30b</value>
      </symbol>
      <symbol id="sm-2a8">
         <name>IAM_spiRX</name>
         <value>0x30a</value>
      </symbol>
      <symbol id="sm-2a9">
         <name>spi_init</name>
         <value>0xc4d2</value>
         <object_component_ref idref="oc-27c"/>
      </symbol>
      <symbol id="sm-2aa">
         <name>spi_read</name>
         <value>0xcba0</value>
         <object_component_ref idref="oc-2fa"/>
      </symbol>
      <symbol id="sm-2ab">
         <name>spi_write</name>
         <value>0xca8a</value>
         <object_component_ref idref="oc-2f4"/>
      </symbol>
      <symbol id="sm-2b3">
         <name>__mspabi_srai</name>
         <value>0xca32</value>
         <object_component_ref idref="oc-31d"/>
      </symbol>
      <symbol id="sm-2b4">
         <name>__mspabi_srai_8</name>
         <value>0xca4c</value>
         <object_component_ref idref="oc-31d"/>
      </symbol>
      <symbol id="sm-2b5">
         <name>__mspabi_srai_9</name>
         <value>0xca4a</value>
         <object_component_ref idref="oc-31d"/>
      </symbol>
      <symbol id="sm-2b6">
         <name>__mspabi_srai_6</name>
         <value>0xca50</value>
         <object_component_ref idref="oc-31d"/>
      </symbol>
      <symbol id="sm-2b7">
         <name>__mspabi_srai_7</name>
         <value>0xca4e</value>
         <object_component_ref idref="oc-31d"/>
      </symbol>
      <symbol id="sm-2b8">
         <name>__mspabi_srai_4</name>
         <value>0xca54</value>
         <object_component_ref idref="oc-31d"/>
      </symbol>
      <symbol id="sm-2b9">
         <name>__mspabi_srai_5</name>
         <value>0xca52</value>
         <object_component_ref idref="oc-31d"/>
      </symbol>
      <symbol id="sm-2ba">
         <name>__mspabi_srai_2</name>
         <value>0xca58</value>
         <object_component_ref idref="oc-31d"/>
      </symbol>
      <symbol id="sm-2bb">
         <name>__mspabi_srai_3</name>
         <value>0xca56</value>
         <object_component_ref idref="oc-31d"/>
      </symbol>
      <symbol id="sm-2bc">
         <name>__mspabi_srai_1</name>
         <value>0xca5a</value>
         <object_component_ref idref="oc-31d"/>
      </symbol>
      <symbol id="sm-2bd">
         <name>__mspabi_srai_15</name>
         <value>0xca3e</value>
         <object_component_ref idref="oc-31d"/>
      </symbol>
      <symbol id="sm-2be">
         <name>__mspabi_srai_14</name>
         <value>0xca40</value>
         <object_component_ref idref="oc-31d"/>
      </symbol>
      <symbol id="sm-2bf">
         <name>__mspabi_srai_13</name>
         <value>0xca42</value>
         <object_component_ref idref="oc-31d"/>
      </symbol>
      <symbol id="sm-2c0">
         <name>__mspabi_srai_12</name>
         <value>0xca44</value>
         <object_component_ref idref="oc-31d"/>
      </symbol>
      <symbol id="sm-2c1">
         <name>__mspabi_srai_11</name>
         <value>0xca46</value>
         <object_component_ref idref="oc-31d"/>
      </symbol>
      <symbol id="sm-2c2">
         <name>__mspabi_srai_10</name>
         <value>0xca48</value>
         <object_component_ref idref="oc-31d"/>
      </symbol>
      <symbol id="sm-2ca">
         <name>__mspabi_sral_15</name>
         <value>0xc8ca</value>
         <object_component_ref idref="oc-2ef"/>
      </symbol>
      <symbol id="sm-2cb">
         <name>__mspabi_sral_14</name>
         <value>0xc8ce</value>
         <object_component_ref idref="oc-2ef"/>
      </symbol>
      <symbol id="sm-2cc">
         <name>__mspabi_sral_13</name>
         <value>0xc8d2</value>
         <object_component_ref idref="oc-2ef"/>
      </symbol>
      <symbol id="sm-2cd">
         <name>__mspabi_sral_12</name>
         <value>0xc8d6</value>
         <object_component_ref idref="oc-2ef"/>
      </symbol>
      <symbol id="sm-2ce">
         <name>__mspabi_sral_11</name>
         <value>0xc8da</value>
         <object_component_ref idref="oc-2ef"/>
      </symbol>
      <symbol id="sm-2cf">
         <name>__mspabi_sral_10</name>
         <value>0xc8de</value>
         <object_component_ref idref="oc-2ef"/>
      </symbol>
      <symbol id="sm-2d0">
         <name>__mspabi_sral_8</name>
         <value>0xc8e6</value>
         <object_component_ref idref="oc-2ef"/>
      </symbol>
      <symbol id="sm-2d1">
         <name>__mspabi_sral_9</name>
         <value>0xc8e2</value>
         <object_component_ref idref="oc-2ef"/>
      </symbol>
      <symbol id="sm-2d2">
         <name>__mspabi_sral_6</name>
         <value>0xc8ee</value>
         <object_component_ref idref="oc-2ef"/>
      </symbol>
      <symbol id="sm-2d3">
         <name>__mspabi_sral_7</name>
         <value>0xc8ea</value>
         <object_component_ref idref="oc-2ef"/>
      </symbol>
      <symbol id="sm-2d4">
         <name>__mspabi_sral_4</name>
         <value>0xc8f6</value>
         <object_component_ref idref="oc-2ef"/>
      </symbol>
      <symbol id="sm-2d5">
         <name>__mspabi_sral_5</name>
         <value>0xc8f2</value>
         <object_component_ref idref="oc-2ef"/>
      </symbol>
      <symbol id="sm-2d6">
         <name>__mspabi_sral_2</name>
         <value>0xc8fe</value>
         <object_component_ref idref="oc-2ef"/>
      </symbol>
      <symbol id="sm-2d7">
         <name>__mspabi_sral_3</name>
         <value>0xc8fa</value>
         <object_component_ref idref="oc-2ef"/>
      </symbol>
      <symbol id="sm-2d8">
         <name>__mspabi_sral_1</name>
         <value>0xc902</value>
         <object_component_ref idref="oc-2ef"/>
      </symbol>
      <symbol id="sm-2e0">
         <name>_stack</name>
         <value>0x3b0</value>
         <object_component_ref idref="oc-ee"/>
      </symbol>
      <symbol id="sm-2e1">
         <name>_reset_vector</name>
         <value>0xfffe</value>
         <object_component_ref idref="oc-f1"/>
      </symbol>
      <symbol id="sm-2eb">
         <name>_c_int00_noargs_noexit</name>
         <value>0xcc1e</value>
         <object_component_ref idref="oc-68"/>
      </symbol>
      <symbol id="sm-309">
         <name>__TI_decompress_lzss</name>
         <value>0xc310</value>
         <object_component_ref idref="oc-31"/>
      </symbol>
      <symbol id="sm-31f">
         <name>__TI_decompress_none</name>
         <value>0xcc9e</value>
         <object_component_ref idref="oc-37"/>
      </symbol>
      <symbol id="sm-332">
         <name>__TI_zero_init</name>
         <value>0xcc50</value>
         <object_component_ref idref="oc-4a"/>
      </symbol>
      <symbol id="sm-33b">
         <name>__mspabi_func_epilog_2</name>
         <value>0xccfc</value>
         <object_component_ref idref="oc-fc"/>
      </symbol>
      <symbol id="sm-33c">
         <name>__mspabi_func_epilog_3</name>
         <value>0xccfa</value>
         <object_component_ref idref="oc-fc"/>
      </symbol>
      <symbol id="sm-33d">
         <name>__mspabi_func_epilog_1</name>
         <value>0xccfe</value>
         <object_component_ref idref="oc-fc"/>
      </symbol>
      <symbol id="sm-33e">
         <name>__mspabi_func_epilog_6</name>
         <value>0xccf4</value>
         <object_component_ref idref="oc-fc"/>
      </symbol>
      <symbol id="sm-33f">
         <name>__mspabi_func_epilog_7</name>
         <value>0xccf2</value>
         <object_component_ref idref="oc-fc"/>
      </symbol>
      <symbol id="sm-340">
         <name>__mspabi_func_epilog_4</name>
         <value>0xccf8</value>
         <object_component_ref idref="oc-fc"/>
      </symbol>
      <symbol id="sm-341">
         <name>__mspabi_func_epilog_5</name>
         <value>0xccf6</value>
         <object_component_ref idref="oc-fc"/>
      </symbol>
      <symbol id="sm-34b">
         <name>C$$EXIT</name>
         <value>0xcd44</value>
         <object_component_ref idref="oc-165"/>
      </symbol>
      <symbol id="sm-34c">
         <name>abort</name>
         <value>0xcd44</value>
         <object_component_ref idref="oc-165"/>
      </symbol>
      <symbol id="sm-350">
         <name>__TI_int00</name>
         <value>0xffe0</value>
         <object_component_ref idref="oc-3d"/>
      </symbol>
      <symbol id="sm-353">
         <name>__TI_int02</name>
         <value>0xffe4</value>
         <object_component_ref idref="oc-3e"/>
      </symbol>
      <symbol id="sm-356">
         <name>__TI_int03</name>
         <value>0xffe6</value>
         <object_component_ref idref="oc-3f"/>
      </symbol>
      <symbol id="sm-359">
         <name>__TI_int05</name>
         <value>0xffea</value>
         <object_component_ref idref="oc-40"/>
      </symbol>
      <symbol id="sm-35c">
         <name>__TI_int10</name>
         <value>0xfff4</value>
         <object_component_ref idref="oc-45"/>
      </symbol>
      <symbol id="sm-35f">
         <name>__TI_int11</name>
         <value>0xfff6</value>
         <object_component_ref idref="oc-46"/>
      </symbol>
      <symbol id="sm-362">
         <name>__TI_int12</name>
         <value>0xfff8</value>
         <object_component_ref idref="oc-47"/>
      </symbol>
      <symbol id="sm-365">
         <name>__TI_int13</name>
         <value>0xfffa</value>
         <object_component_ref idref="oc-48"/>
      </symbol>
      <symbol id="sm-368">
         <name>__TI_int14</name>
         <value>0xfffc</value>
         <object_component_ref idref="oc-49"/>
      </symbol>
      <symbol id="sm-370">
         <name>__TI_ISR_TRAP</name>
         <value>0xcd3c</value>
         <object_component_ref idref="oc-119"/>
      </symbol>
      <symbol id="sm-378">
         <name>__mspabi_slli</name>
         <value>0xca5e</value>
         <object_component_ref idref="oc-f2"/>
      </symbol>
      <symbol id="sm-379">
         <name>__mspabi_slli_9</name>
         <value>0xca76</value>
         <object_component_ref idref="oc-f2"/>
      </symbol>
      <symbol id="sm-37a">
         <name>__mspabi_slli_8</name>
         <value>0xca78</value>
         <object_component_ref idref="oc-f2"/>
      </symbol>
      <symbol id="sm-37b">
         <name>__mspabi_slli_7</name>
         <value>0xca7a</value>
         <object_component_ref idref="oc-f2"/>
      </symbol>
      <symbol id="sm-37c">
         <name>__mspabi_slli_6</name>
         <value>0xca7c</value>
         <object_component_ref idref="oc-f2"/>
      </symbol>
      <symbol id="sm-37d">
         <name>__mspabi_slli_5</name>
         <value>0xca7e</value>
         <object_component_ref idref="oc-f2"/>
      </symbol>
      <symbol id="sm-37e">
         <name>__mspabi_slli_4</name>
         <value>0xca80</value>
         <object_component_ref idref="oc-f2"/>
      </symbol>
      <symbol id="sm-37f">
         <name>__mspabi_slli_3</name>
         <value>0xca82</value>
         <object_component_ref idref="oc-f2"/>
      </symbol>
      <symbol id="sm-380">
         <name>__mspabi_slli_2</name>
         <value>0xca84</value>
         <object_component_ref idref="oc-f2"/>
      </symbol>
      <symbol id="sm-381">
         <name>__mspabi_slli_1</name>
         <value>0xca86</value>
         <object_component_ref idref="oc-f2"/>
      </symbol>
      <symbol id="sm-382">
         <name>__mspabi_slli_15</name>
         <value>0xca6a</value>
         <object_component_ref idref="oc-f2"/>
      </symbol>
      <symbol id="sm-383">
         <name>__mspabi_slli_14</name>
         <value>0xca6c</value>
         <object_component_ref idref="oc-f2"/>
      </symbol>
      <symbol id="sm-384">
         <name>__mspabi_slli_13</name>
         <value>0xca6e</value>
         <object_component_ref idref="oc-f2"/>
      </symbol>
      <symbol id="sm-385">
         <name>__mspabi_slli_12</name>
         <value>0xca70</value>
         <object_component_ref idref="oc-f2"/>
      </symbol>
      <symbol id="sm-386">
         <name>__mspabi_slli_11</name>
         <value>0xca72</value>
         <object_component_ref idref="oc-f2"/>
      </symbol>
      <symbol id="sm-387">
         <name>__mspabi_slli_10</name>
         <value>0xca74</value>
         <object_component_ref idref="oc-f2"/>
      </symbol>
      <symbol id="sm-38f">
         <name>__mspabi_srli_8</name>
         <value>0xc7de</value>
         <object_component_ref idref="oc-f7"/>
      </symbol>
      <symbol id="sm-390">
         <name>__mspabi_srli_9</name>
         <value>0xc7da</value>
         <object_component_ref idref="oc-f7"/>
      </symbol>
      <symbol id="sm-391">
         <name>__mspabi_srli_6</name>
         <value>0xc7e6</value>
         <object_component_ref idref="oc-f7"/>
      </symbol>
      <symbol id="sm-392">
         <name>__mspabi_srli_7</name>
         <value>0xc7e2</value>
         <object_component_ref idref="oc-f7"/>
      </symbol>
      <symbol id="sm-393">
         <name>__mspabi_srli_4</name>
         <value>0xc7ee</value>
         <object_component_ref idref="oc-f7"/>
      </symbol>
      <symbol id="sm-394">
         <name>__mspabi_srli_5</name>
         <value>0xc7ea</value>
         <object_component_ref idref="oc-f7"/>
      </symbol>
      <symbol id="sm-395">
         <name>__mspabi_srli_2</name>
         <value>0xc7f6</value>
         <object_component_ref idref="oc-f7"/>
      </symbol>
      <symbol id="sm-396">
         <name>__mspabi_srli_3</name>
         <value>0xc7f2</value>
         <object_component_ref idref="oc-f7"/>
      </symbol>
      <symbol id="sm-397">
         <name>__mspabi_srli_1</name>
         <value>0xc7fa</value>
         <object_component_ref idref="oc-f7"/>
      </symbol>
      <symbol id="sm-398">
         <name>__mspabi_srli</name>
         <value>0xc7b4</value>
         <object_component_ref idref="oc-f7"/>
      </symbol>
      <symbol id="sm-399">
         <name>__mspabi_srli_15</name>
         <value>0xc7c2</value>
         <object_component_ref idref="oc-f7"/>
      </symbol>
      <symbol id="sm-39a">
         <name>__mspabi_srli_14</name>
         <value>0xc7c6</value>
         <object_component_ref idref="oc-f7"/>
      </symbol>
      <symbol id="sm-39b">
         <name>__mspabi_srli_13</name>
         <value>0xc7ca</value>
         <object_component_ref idref="oc-f7"/>
      </symbol>
      <symbol id="sm-39c">
         <name>__mspabi_srli_12</name>
         <value>0xc7ce</value>
         <object_component_ref idref="oc-f7"/>
      </symbol>
      <symbol id="sm-39d">
         <name>__mspabi_srli_11</name>
         <value>0xc7d2</value>
         <object_component_ref idref="oc-f7"/>
      </symbol>
      <symbol id="sm-39e">
         <name>__mspabi_srli_10</name>
         <value>0xc7d6</value>
         <object_component_ref idref="oc-f7"/>
      </symbol>
      <symbol id="sm-3ac">
         <name>memcpy</name>
         <value>0xccb0</value>
         <object_component_ref idref="oc-10c"/>
      </symbol>
      <symbol id="sm-3ba">
         <name>memset</name>
         <value>0xcc64</value>
         <object_component_ref idref="oc-292"/>
      </symbol>
      <symbol id="sm-3c4">
         <name>_system_pre_init</name>
         <value>0xcd4a</value>
         <object_component_ref idref="oc-13d"/>
      </symbol>
      <symbol id="sm-3e4">
         <name>_auto_init</name>
         <value>0xc38c</value>
         <object_component_ref idref="oc-143"/>
      </symbol>
      <symbol id="sm-3fa">
         <name>copy_in</name>
         <value>0xc65a</value>
         <object_component_ref idref="oc-1a7"/>
      </symbol>
      <symbol id="sm-407">
         <name>__mspabi_mpyi_sw</name>
         <value>0xcc78</value>
         <object_component_ref idref="oc-236"/>
      </symbol>
      <symbol id="sm-408">
         <name>__mspabi_mpyi</name>
         <value>0xcc78</value>
         <object_component_ref idref="oc-236"/>
      </symbol>
      <symbol id="sm-411">
         <name>_system_post_cinit</name>
         <value>0xcd4e</value>
         <object_component_ref idref="oc-1ad"/>
      </symbol>
      <symbol id="sm-414">
         <name>__TI_BINIT_Base</name>
         <value>0x0</value>
      </symbol>
      <symbol id="sm-415">
         <name>__TI_BINIT_Limit</name>
         <value>0x0</value>
      </symbol>
      <symbol id="sm-416">
         <name>__TI_INITARRAY_Base</name>
         <value>0x0</value>
      </symbol>
      <symbol id="sm-417">
         <name>__TI_INITARRAY_Limit</name>
         <value>0x0</value>
      </symbol>
      <symbol id="sm-418">
         <name>flash_init</name>
         <value>0xc4d2</value>
      </symbol>
   </symbol_table>
   <title>Link successful</title>
</link_info>
