******************************************************************************
                  MSP430 Linker PC v4.4.7                      
******************************************************************************
>> Linked Wed Jul 27 19:37:39 2016

OUTPUT FILE NAME:   <Exercise_4.out>
ENTRY POINT SYMBOL: "_c_int00_noargs_noexit"  address: 0000cb3e


MEMORY CONFIGURATION

         name            origin    length      used     unused   attr    fill
----------------------  --------  ---------  --------  --------  ----  --------
  SFR                   00000000   00000010  00000000  00000010  RWIX
  PERIPHERALS_8BIT      00000010   000000f0  00000000  000000f0  RWIX
  PERIPHERALS_16BIT     00000100   00000100  00000000  00000100  RWIX
  RAM                   00000200   00000200  00000172  0000008e  RWIX
  INFOD                 00001000   00000040  00000000  00000040  RWIX
  INFOC                 00001040   00000040  00000000  00000040  RWIX
  INFOB                 00001080   00000040  00000000  00000040  RWIX
  INFOA                 000010c0   00000040  00000000  00000040  RWIX
  FLASH                 0000c000   00003fe0  00000c9d  00003343  RWIX
  INT00                 0000ffe0   00000002  00000002  00000000  RWIX
  INT01                 0000ffe2   00000002  00000000  00000002  RWIX
  INT02                 0000ffe4   00000002  00000002  00000000  RWIX
  INT03                 0000ffe6   00000002  00000002  00000000  RWIX
  INT04                 0000ffe8   00000002  00000000  00000002  RWIX
  INT05                 0000ffea   00000002  00000002  00000000  RWIX
  INT06                 0000ffec   00000002  00000002  00000000  RWIX
  INT07                 0000ffee   00000002  00000002  00000000  RWIX
  INT08                 0000fff0   00000002  00000002  00000000  RWIX
  INT09                 0000fff2   00000002  00000002  00000000  RWIX
  INT10                 0000fff4   00000002  00000002  00000000  RWIX
  INT11                 0000fff6   00000002  00000002  00000000  RWIX
  INT12                 0000fff8   00000002  00000002  00000000  RWIX
  INT13                 0000fffa   00000002  00000002  00000000  RWIX
  INT14                 0000fffc   00000002  00000002  00000000  RWIX
  RESET                 0000fffe   00000002  00000002  00000000  RWIX


SECTION ALLOCATION MAP

 output                                  attributes/
section   page    origin      length       input sections
--------  ----  ----------  ----------   ----------------
.bss       0    00000200    00000114     UNINITIALIZED
                  00000200    00000100     (.common:sampleData)
                  00000300    00000002     (.common:PlaySampleData)
                  00000302    00000002     (.common:i2c_dataBuffer)
                  00000304    00000002     (.common:spi_rxdataBuffer)
                  00000306    00000002     (.common:spi_txdataBuffer)
                  00000308    00000001     (.common:IAM_i2c)
                  00000309    00000001     (.common:IAM_spi)
                  0000030a    00000001     (.common:IAM_spiRX)
                  0000030b    00000001     (.common:IAM_spiTX)
                  0000030c    00000001     (.common:i2c_dataLength)
                  0000030d    00000001     (.common:i2c_nackReceived)
                  0000030e    00000001     (.common:recordPlay)
                  0000030f    00000001     (.common:sampleRateFlag)
                  00000310    00000001     (.common:singleRead)
                  00000311    00000001     (.common:spi_rxdataLength)
                  00000312    00000001     (.common:spi_txdataLength)
                  00000313    00000001     (.common:start_record_play)

.data      0    00000314    0000000e     UNINITIALIZED
                  00000314    00000008     main.obj (.data)
                  0000031c    00000005     main.obj (.data:readADAC)
                  00000321    00000001     audio.obj (.data)

.TI.persistent 
*          0    00000314    00000000     UNINITIALIZED

.stack     0    000003b0    00000050     UNINITIALIZED
                  000003b0    00000002     rts430_eabi.lib : boot.obj (.stack)
                  000003b2    0000004e     --HOLE--

.text      0    0000c000    00000c4c     
                  0000c000    000001c4     main.obj (.text:main)
                  0000c1c4    000000ae     LCD.obj (.text:lcd_init)
                  0000c272    000000aa     interrupt_routine.obj (.text:USCIAB0RX_ISR)
                  0000c31c    0000006e     main.obj (.text:lcd_main_menu)
                  0000c38a    0000006a     interrupt_routine.obj (.text:USCIAB0TX_ISR)
                  0000c3f4    0000006a     spi.obj (.text:spi_init)
                  0000c45e    00000064     rts430_eabi.lib : copy_decompress_rle.obj (.text:__TI_decompress_rle_core)
                  0000c4c2    00000064     flash.obj (.text:flash_write)
                  0000c526    0000005e     i2c.obj (.text:i2c_init)
                  0000c584    0000005c     main.obj (.text:record_data)
                  0000c5e0    00000058     rts430_eabi.lib : autoinit.obj (.text:_auto_init)
                  0000c638    00000058     flash.obj (.text:flash_read)
                  0000c690    00000054     LCD.obj (.text:lcdCommand)
                  0000c6e4    00000054     LCD.obj (.text:lcd_putChar)
                  0000c738    00000048     i2c.obj (.text:i2c_write)
                  0000c780    00000042     main.obj (.text:configure_MSP)
                  0000c7c2    00000040     i2c.obj (.text:i2c_read)
                  0000c802    0000003e     rts430_eabi.lib : asr32.obj (.text:l_asr_const)
                  0000c840    0000003a     flash.obj (.text:flash_write_enable)
                  0000c87a    00000036     flash.obj (.text:flash_busy)
                  0000c8b0    00000034     main.obj (.text:Timer_A)
                  0000c8e4    0000002e     LCD.obj (.text:lcd_cursorSet)
                  0000c912    0000002c     adac.obj (.text:adac_write)
                  0000c93e    0000002c     main.obj (.text:retreive_data_from_flash)
                  0000c96a    0000002c     rts430_eabi.lib : asr16.obj (.text)
                  0000c996    0000002a     main.obj (.text:configure_Timer_PWM_Init)
                  0000c9c0    0000002a     isl.obj (.text:isl_set)
                  0000c9ea    00000028     adac.obj (.text:adac_read)
                  0000ca12    00000028     spi.obj (.text:spi_write)
                  0000ca3a    00000026     main.obj (.text:save_data_to_flash)
                  0000ca60    00000024     audio.obj (.text:audio_single_play)
                  0000ca84    00000024     LCD.obj (.text:lcd_putText)
                  0000caa8    00000022     main.obj (.text:Timer_A0)
                  0000caca    00000020     spi.obj (.text:spi_read)
                  0000caea    0000001c     LCD.obj (.text:lcd_cursorBlink)
                  0000cb06    0000001c     LCD.obj (.text:lcd_cursorShow)
                  0000cb22    0000001c     main.obj (.text:verify_recording_playback)
                  0000cb3e    0000001a     rts430_eabi.lib : boot_special.obj (.text:_c_int00_noargs_noexit)
                  0000cb58    00000018     audio.obj (.text:audio_playBuffer)
                  0000cb70    00000014     rts430_eabi.lib : copy_zero_init.obj (.text:decompress:ZI:__TI_zero_init)
                  0000cb84    00000014                     : memset.obj (.text:memset)
                  0000cb98    00000012     audio.obj (.text:audio_single_read)
                  0000cbaa    00000012     rts430_eabi.lib : copy_decompress_none.obj (.text:decompress:none:__TI_decompress_none)
                  0000cbbc    00000012                     : memcpy.obj (.text:memcpy)
                  0000cbce    00000010     main.obj (.text:ADC_init)
                  0000cbde    00000010     audio.obj (.text:audio_single_wait)
                  0000cbee    00000010     LCD.obj (.text:lcd_enable)
                  0000cbfe    00000010     rts430_eabi.lib : epilog.obj (.text)
                  0000cc0e    0000000e     adac.obj (.text:adac_init)
                  0000cc1c    0000000e     isl.obj (.text:isl_init)
                  0000cc2a    0000000e     LCD.obj (.text:lcd_clear)
                  0000cc38    00000006     rts430_eabi.lib : isr_trap.obj (.text:_isr:__TI_ISR_TRAP)
                  0000cc3e    00000006                     : copy_decompress_rle.obj (.text:decompress:rle24:__TI_decompress_rle24)
                  0000cc44    00000004                     : pre_init.obj (.text:_system_pre_init)
                  0000cc48    00000004                     : exit.obj (.text:abort)

.const     0    0000cc4c    00000035     
                  0000cc4c    00000032     main.obj (.const:.string)
                  0000cc7e    00000001     adac.obj (.const:.string:$P$T0$1)
                  0000cc7f    00000001     --HOLE-- [fill = 0]
                  0000cc80    00000001     flash.obj (.const:.string:$P$T0$1)

.cinit     0    0000cc82    0000001c     
                  0000cc82    00000009     (.cinit..data.load) [load image, compression = rle]
                  0000cc8b    00000001     --HOLE-- [fill = 0]
                  0000cc8c    00000006     (__TI_handler_table)
                  0000cc92    00000004     (.cinit..bss.load) [load image, compression = zero_init]
                  0000cc96    00000008     (__TI_cinit_table)

.init_array 
*          0    0000c000    00000000     UNINITIALIZED

TRAPINT    0    0000ffe0    00000002     
                  0000ffe0    00000002     rts430_eabi.lib : int00.obj (.int00)

PORT1      0    0000ffe4    00000002     
                  0000ffe4    00000002     rts430_eabi.lib : int02.obj (.int02)

PORT2      0    0000ffe6    00000002     
                  0000ffe6    00000002     rts430_eabi.lib : int03.obj (.int03)

ADC10      0    0000ffea    00000002     
                  0000ffea    00000002     rts430_eabi.lib : int05.obj (.int05)

USCIAB0TX 
*          0    0000ffec    00000002     
                  0000ffec    00000002     interrupt_routine.obj (.int06)

USCIAB0RX 
*          0    0000ffee    00000002     
                  0000ffee    00000002     interrupt_routine.obj (.int07)

TIMER0_A1 
*          0    0000fff0    00000002     
                  0000fff0    00000002     main.obj (.int08)

TIMER0_A0 
*          0    0000fff2    00000002     
                  0000fff2    00000002     main.obj (.int09)

WDT        0    0000fff4    00000002     
                  0000fff4    00000002     rts430_eabi.lib : int10.obj (.int10)

COMPARATORA 
*          0    0000fff6    00000002     
                  0000fff6    00000002     rts430_eabi.lib : int11.obj (.int11)

TIMER1_A1 
*          0    0000fff8    00000002     
                  0000fff8    00000002     rts430_eabi.lib : int12.obj (.int12)

TIMER1_A0 
*          0    0000fffa    00000002     
                  0000fffa    00000002     rts430_eabi.lib : int13.obj (.int13)

NMI        0    0000fffc    00000002     
                  0000fffc    00000002     rts430_eabi.lib : int14.obj (.int14)

.reset     0    0000fffe    00000002     
                  0000fffe    00000002     rts430_eabi.lib : boot.obj (.reset)


LINKER GENERATED COPY TABLES

__TI_cinit_table @ 0000cc96 records: 2, size/record: 4, table size: 8
	.data: load addr=0000cc82, load size=00000009 bytes, run addr=00000314, run size=0000000e bytes, compression=rle
	.bss: load addr=0000cc92, load size=00000004 bytes, run addr=00000200, run size=00000114 bytes, compression=zero_init


LINKER GENERATED HANDLER TABLE

__TI_handler_table @ 0000cc8c records: 3, size/record: 2, table size: 6
	index: 0, handler: __TI_zero_init
	index: 1, handler: __TI_decompress_rle24
	index: 2, handler: __TI_decompress_none


GLOBAL SYMBOLS: SORTED ALPHABETICALLY BY Name 

address   name                     
-------   ----                     
0000004a  ADC10AE0                 
000001b0  ADC10CTL0                
000001b2  ADC10CTL1                
00000048  ADC10DTC0                
00000049  ADC10DTC1                
000001b4  ADC10MEM                 
000001bc  ADC10SA                  
0000cbce  ADC_init                 
00000057  BCSCTL1                  
00000058  BCSCTL2                  
00000053  BCSCTL3                  
0000cc48  C$$EXIT                  
00000059  CACTL1                   
0000005a  CACTL2                   
000010fb  CALBC1_12MHZ             
000010f9  CALBC1_16MHZ             
000010ff  CALBC1_1MHZ              
000010fd  CALBC1_8MHZ              
000010fa  CALDCO_12MHZ             
000010f8  CALDCO_16MHZ             
000010fe  CALDCO_1MHZ              
000010fc  CALDCO_8MHZ              
0000005b  CAPD                     
00000056  DCOCTL                   
00000128  FCTL1                    
0000012a  FCTL2                    
0000012c  FCTL3                    
00000308  IAM_i2c                  
00000309  IAM_spi                  
0000030a  IAM_spiRX                
0000030b  IAM_spiTX                
00000000  IE1                      
00000001  IE2                      
00000002  IFG1                     
00000003  IFG2                     
00000022  P1DIR                    
00000025  P1IE                     
00000024  P1IES                    
00000023  P1IFG                    
00000020  P1IN                     
00000021  P1OUT                    
00000027  P1REN                    
00000026  P1SEL                    
00000041  P1SEL2                   
0000002a  P2DIR                    
0000002d  P2IE                     
0000002c  P2IES                    
0000002b  P2IFG                    
00000028  P2IN                     
00000029  P2OUT                    
0000002f  P2REN                    
0000002e  P2SEL                    
00000042  P2SEL2                   
0000001a  P3DIR                    
00000018  P3IN                     
00000019  P3OUT                    
00000010  P3REN                    
0000001b  P3SEL                    
00000043  P3SEL2                   
00000300  PlaySampleData           
00000172  TA0CCR0                  
00000174  TA0CCR1                  
00000176  TA0CCR2                  
00000162  TA0CCTL0                 
00000164  TA0CCTL1                 
00000166  TA0CCTL2                 
00000160  TA0CTL                   
0000012e  TA0IV                    
00000170  TA0R                     
00000192  TA1CCR0                  
00000194  TA1CCR1                  
00000196  TA1CCR2                  
00000182  TA1CCTL0                 
00000184  TA1CCTL1                 
00000186  TA1CCTL2                 
00000180  TA1CTL                   
0000011e  TA1IV                    
00000190  TA1R                     
000010db  TLV_ADC10_1_LEN          
000010da  TLV_ADC10_1_TAG          
000010c0  TLV_CHECKSUM             
000010f7  TLV_DCO_30_LEN           
000010f6  TLV_DCO_30_TAG           
0000c8b0  Timer_A                  
0000caa8  Timer_A0                 
0000005d  UCA0ABCTL                
00000062  UCA0BR0                  
00000063  UCA0BR1                  
00000060  UCA0CTL0                 
00000061  UCA0CTL1                 
0000005f  UCA0IRRCTL               
0000005e  UCA0IRTCTL               
00000064  UCA0MCTL                 
00000066  UCA0RXBUF                
00000065  UCA0STAT                 
00000067  UCA0TXBUF                
0000006a  UCB0BR0                  
0000006b  UCB0BR1                  
00000068  UCB0CTL0                 
00000069  UCB0CTL1                 
0000006c  UCB0I2CIE                
00000118  UCB0I2COA                
0000011a  UCB0I2CSA                
0000006e  UCB0RXBUF                
0000006d  UCB0STAT                 
0000006f  UCB0TXBUF                
0000c272  USCIAB0RX_ISR            
0000c38a  USCIAB0TX_ISR            
00000120  WDTCTL                   
00000400  __STACK_END              
00000050  __STACK_SIZE             
0000cc96  __TI_CINIT_Base          
0000cc9e  __TI_CINIT_Limit         
0000cc8c  __TI_Handler_Table_Base  
0000cc92  __TI_Handler_Table_Limit 
UNDEFED   __TI_INITARRAY_Base      
UNDEFED   __TI_INITARRAY_Limit     
0000cc38  __TI_ISR_TRAP            
0000cbaa  __TI_decompress_none     
0000cc3e  __TI_decompress_rle24    
0000ffe0  __TI_int00               
0000ffe4  __TI_int02               
0000ffe6  __TI_int03               
0000ffea  __TI_int05               
0000ffec  __TI_int06               
0000ffee  __TI_int07               
0000fff0  __TI_int08               
0000fff2  __TI_int09               
0000fff4  __TI_int10               
0000fff6  __TI_int11               
0000fff8  __TI_int12               
0000fffa  __TI_int13               
0000fffc  __TI_int14               
0000cb70  __TI_zero_init           
ffffffff  __binit__                
ffffffff  __c_args__               
0000cc0a  __mspabi_func_epilog_1   
0000cc08  __mspabi_func_epilog_2   
0000cc06  __mspabi_func_epilog_3   
0000cc04  __mspabi_func_epilog_4   
0000cc02  __mspabi_func_epilog_5   
0000cc00  __mspabi_func_epilog_6   
0000cbfe  __mspabi_func_epilog_7   
0000c96a  __mspabi_srai            
0000c992  __mspabi_srai_1          
0000c980  __mspabi_srai_10         
0000c97e  __mspabi_srai_11         
0000c97c  __mspabi_srai_12         
0000c97a  __mspabi_srai_13         
0000c978  __mspabi_srai_14         
0000c976  __mspabi_srai_15         
0000c990  __mspabi_srai_2          
0000c98e  __mspabi_srai_3          
0000c98c  __mspabi_srai_4          
0000c98a  __mspabi_srai_5          
0000c988  __mspabi_srai_6          
0000c986  __mspabi_srai_7          
0000c984  __mspabi_srai_8          
0000c982  __mspabi_srai_9          
0000c83a  __mspabi_sral_1          
0000c816  __mspabi_sral_10         
0000c812  __mspabi_sral_11         
0000c80e  __mspabi_sral_12         
0000c80a  __mspabi_sral_13         
0000c806  __mspabi_sral_14         
0000c802  __mspabi_sral_15         
0000c836  __mspabi_sral_2          
0000c832  __mspabi_sral_3          
0000c82e  __mspabi_sral_4          
0000c82a  __mspabi_sral_5          
0000c826  __mspabi_sral_6          
0000c822  __mspabi_sral_7          
0000c81e  __mspabi_sral_8          
0000c81a  __mspabi_sral_9          
0000c5e0  _auto_init               
0000cb3e  _c_int00_noargs_noexit   
0000fffe  _reset_vector            
000003b0  _stack                   
0000cc44  _system_pre_init         
0000cc48  abort                    
0000cc0e  adac_init                
0000c9ea  adac_read                
0000c912  adac_write               
0000cb58  audio_playBuffer         
0000ca60  audio_single_play        
0000cb98  audio_single_read        
0000cbde  audio_single_wait        
ffffffff  binit                    
0000c780  configure_MSP            
0000c996  configure_Timer_PWM_Init 
0000c87a  flash_busy               
0000c3f4  flash_init               
0000c638  flash_read               
0000c4c2  flash_write              
0000c840  flash_write_enable       
00000302  i2c_dataBuffer           
0000030c  i2c_dataLength           
0000c526  i2c_init                 
0000030d  i2c_nackReceived         
0000c7c2  i2c_read                 
0000c738  i2c_write                
0000cc1c  isl_init                 
0000c9c0  isl_set                  
0000c690  lcdCommand               
0000cc2a  lcd_clear                
0000caea  lcd_cursorBlink          
0000c8e4  lcd_cursorSet            
0000cb06  lcd_cursorShow           
0000cbee  lcd_enable               
0000c1c4  lcd_init                 
0000c31c  lcd_main_menu            
0000c6e4  lcd_putChar              
0000ca84  lcd_putText              
0000c000  main                     
0000cbbc  memcpy                   
0000cb84  memset                   
0000031c  readADAC                 
0000030e  recordPlay               
0000031a  recordTimeElapsed        
0000c584  record_data              
0000c93e  retreive_data_from_flash 
00000321  sampleCount              
00000200  sampleData               
0000031b  sampleRateCount          
0000030f  sampleRateFlag           
0000ca3a  save_data_to_flash       
00000314  sectors_Written          
00000310  singleRead               
0000c3f4  spi_init                 
0000caca  spi_read                 
00000304  spi_rxdataBuffer         
00000311  spi_rxdataLength         
00000306  spi_txdataBuffer         
00000312  spi_txdataLength         
0000ca12  spi_write                
00000313  start_record_play        
00000316  timerCount_ms            
00000318  timerCount_sec           
0000cb22  verify_recording_playback


GLOBAL SYMBOLS: SORTED BY Symbol Address 

address   name                     
-------   ----                     
00000000  IE1                      
00000001  IE2                      
00000002  IFG1                     
00000003  IFG2                     
00000010  P3REN                    
00000018  P3IN                     
00000019  P3OUT                    
0000001a  P3DIR                    
0000001b  P3SEL                    
00000020  P1IN                     
00000021  P1OUT                    
00000022  P1DIR                    
00000023  P1IFG                    
00000024  P1IES                    
00000025  P1IE                     
00000026  P1SEL                    
00000027  P1REN                    
00000028  P2IN                     
00000029  P2OUT                    
0000002a  P2DIR                    
0000002b  P2IFG                    
0000002c  P2IES                    
0000002d  P2IE                     
0000002e  P2SEL                    
0000002f  P2REN                    
00000041  P1SEL2                   
00000042  P2SEL2                   
00000043  P3SEL2                   
00000048  ADC10DTC0                
00000049  ADC10DTC1                
0000004a  ADC10AE0                 
00000050  __STACK_SIZE             
00000053  BCSCTL3                  
00000056  DCOCTL                   
00000057  BCSCTL1                  
00000058  BCSCTL2                  
00000059  CACTL1                   
0000005a  CACTL2                   
0000005b  CAPD                     
0000005d  UCA0ABCTL                
0000005e  UCA0IRTCTL               
0000005f  UCA0IRRCTL               
00000060  UCA0CTL0                 
00000061  UCA0CTL1                 
00000062  UCA0BR0                  
00000063  UCA0BR1                  
00000064  UCA0MCTL                 
00000065  UCA0STAT                 
00000066  UCA0RXBUF                
00000067  UCA0TXBUF                
00000068  UCB0CTL0                 
00000069  UCB0CTL1                 
0000006a  UCB0BR0                  
0000006b  UCB0BR1                  
0000006c  UCB0I2CIE                
0000006d  UCB0STAT                 
0000006e  UCB0RXBUF                
0000006f  UCB0TXBUF                
00000118  UCB0I2COA                
0000011a  UCB0I2CSA                
0000011e  TA1IV                    
00000120  WDTCTL                   
00000128  FCTL1                    
0000012a  FCTL2                    
0000012c  FCTL3                    
0000012e  TA0IV                    
00000160  TA0CTL                   
00000162  TA0CCTL0                 
00000164  TA0CCTL1                 
00000166  TA0CCTL2                 
00000170  TA0R                     
00000172  TA0CCR0                  
00000174  TA0CCR1                  
00000176  TA0CCR2                  
00000180  TA1CTL                   
00000182  TA1CCTL0                 
00000184  TA1CCTL1                 
00000186  TA1CCTL2                 
00000190  TA1R                     
00000192  TA1CCR0                  
00000194  TA1CCR1                  
00000196  TA1CCR2                  
000001b0  ADC10CTL0                
000001b2  ADC10CTL1                
000001b4  ADC10MEM                 
000001bc  ADC10SA                  
00000200  sampleData               
00000300  PlaySampleData           
00000302  i2c_dataBuffer           
00000304  spi_rxdataBuffer         
00000306  spi_txdataBuffer         
00000308  IAM_i2c                  
00000309  IAM_spi                  
0000030a  IAM_spiRX                
0000030b  IAM_spiTX                
0000030c  i2c_dataLength           
0000030d  i2c_nackReceived         
0000030e  recordPlay               
0000030f  sampleRateFlag           
00000310  singleRead               
00000311  spi_rxdataLength         
00000312  spi_txdataLength         
00000313  start_record_play        
00000314  sectors_Written          
00000316  timerCount_ms            
00000318  timerCount_sec           
0000031a  recordTimeElapsed        
0000031b  sampleRateCount          
0000031c  readADAC                 
00000321  sampleCount              
000003b0  _stack                   
00000400  __STACK_END              
000010c0  TLV_CHECKSUM             
000010da  TLV_ADC10_1_TAG          
000010db  TLV_ADC10_1_LEN          
000010f6  TLV_DCO_30_TAG           
000010f7  TLV_DCO_30_LEN           
000010f8  CALDCO_16MHZ             
000010f9  CALBC1_16MHZ             
000010fa  CALDCO_12MHZ             
000010fb  CALBC1_12MHZ             
000010fc  CALDCO_8MHZ              
000010fd  CALBC1_8MHZ              
000010fe  CALDCO_1MHZ              
000010ff  CALBC1_1MHZ              
0000c000  main                     
0000c1c4  lcd_init                 
0000c272  USCIAB0RX_ISR            
0000c31c  lcd_main_menu            
0000c38a  USCIAB0TX_ISR            
0000c3f4  flash_init               
0000c3f4  spi_init                 
0000c4c2  flash_write              
0000c526  i2c_init                 
0000c584  record_data              
0000c5e0  _auto_init               
0000c638  flash_read               
0000c690  lcdCommand               
0000c6e4  lcd_putChar              
0000c738  i2c_write                
0000c780  configure_MSP            
0000c7c2  i2c_read                 
0000c802  __mspabi_sral_15         
0000c806  __mspabi_sral_14         
0000c80a  __mspabi_sral_13         
0000c80e  __mspabi_sral_12         
0000c812  __mspabi_sral_11         
0000c816  __mspabi_sral_10         
0000c81a  __mspabi_sral_9          
0000c81e  __mspabi_sral_8          
0000c822  __mspabi_sral_7          
0000c826  __mspabi_sral_6          
0000c82a  __mspabi_sral_5          
0000c82e  __mspabi_sral_4          
0000c832  __mspabi_sral_3          
0000c836  __mspabi_sral_2          
0000c83a  __mspabi_sral_1          
0000c840  flash_write_enable       
0000c87a  flash_busy               
0000c8b0  Timer_A                  
0000c8e4  lcd_cursorSet            
0000c912  adac_write               
0000c93e  retreive_data_from_flash 
0000c96a  __mspabi_srai            
0000c976  __mspabi_srai_15         
0000c978  __mspabi_srai_14         
0000c97a  __mspabi_srai_13         
0000c97c  __mspabi_srai_12         
0000c97e  __mspabi_srai_11         
0000c980  __mspabi_srai_10         
0000c982  __mspabi_srai_9          
0000c984  __mspabi_srai_8          
0000c986  __mspabi_srai_7          
0000c988  __mspabi_srai_6          
0000c98a  __mspabi_srai_5          
0000c98c  __mspabi_srai_4          
0000c98e  __mspabi_srai_3          
0000c990  __mspabi_srai_2          
0000c992  __mspabi_srai_1          
0000c996  configure_Timer_PWM_Init 
0000c9c0  isl_set                  
0000c9ea  adac_read                
0000ca12  spi_write                
0000ca3a  save_data_to_flash       
0000ca60  audio_single_play        
0000ca84  lcd_putText              
0000caa8  Timer_A0                 
0000caca  spi_read                 
0000caea  lcd_cursorBlink          
0000cb06  lcd_cursorShow           
0000cb22  verify_recording_playback
0000cb3e  _c_int00_noargs_noexit   
0000cb58  audio_playBuffer         
0000cb70  __TI_zero_init           
0000cb84  memset                   
0000cb98  audio_single_read        
0000cbaa  __TI_decompress_none     
0000cbbc  memcpy                   
0000cbce  ADC_init                 
0000cbde  audio_single_wait        
0000cbee  lcd_enable               
0000cbfe  __mspabi_func_epilog_7   
0000cc00  __mspabi_func_epilog_6   
0000cc02  __mspabi_func_epilog_5   
0000cc04  __mspabi_func_epilog_4   
0000cc06  __mspabi_func_epilog_3   
0000cc08  __mspabi_func_epilog_2   
0000cc0a  __mspabi_func_epilog_1   
0000cc0e  adac_init                
0000cc1c  isl_init                 
0000cc2a  lcd_clear                
0000cc38  __TI_ISR_TRAP            
0000cc3e  __TI_decompress_rle24    
0000cc44  _system_pre_init         
0000cc48  C$$EXIT                  
0000cc48  abort                    
0000cc8c  __TI_Handler_Table_Base  
0000cc92  __TI_Handler_Table_Limit 
0000cc96  __TI_CINIT_Base          
0000cc9e  __TI_CINIT_Limit         
0000ffe0  __TI_int00               
0000ffe4  __TI_int02               
0000ffe6  __TI_int03               
0000ffea  __TI_int05               
0000ffec  __TI_int06               
0000ffee  __TI_int07               
0000fff0  __TI_int08               
0000fff2  __TI_int09               
0000fff4  __TI_int10               
0000fff6  __TI_int11               
0000fff8  __TI_int12               
0000fffa  __TI_int13               
0000fffc  __TI_int14               
0000fffe  _reset_vector            
ffffffff  __binit__                
ffffffff  __c_args__               
ffffffff  binit                    
UNDEFED   __TI_INITARRAY_Base      
UNDEFED   __TI_INITARRAY_Limit     

[239 symbols]
